94.242.237.28 - - [30/Jun/2013:18:37:54 +0800] "GET /comments.php?p=585 HTTP/1.1" 500 7309 "-" "Mozilla/4.0 (compatible; MSIE 6.0; Windows NT 5.1; SV1)"
192.74.240.106 - - [30/Jun/2013:18:48:49 +0800] "GET /comments.php?p=585 HTTP/1.0" 500 7309 "http://wap.duanyunchao.com/comments.php?p=585#comment-64026" "Mozilla/5.0 (Windows NT 6.2) AppleWebKit/537.11 (KHTML, like Gecko) Chrome/23.0.1271.95 Safari/537.11"
192.74.240.106 - - [30/Jun/2013:18:48:49 +0800] "GET / HTTP/1.0" 500 7309 "http://wap.duanyunchao.com/" "Mozilla/5.0 (Windows NT 6.2) AppleWebKit/537.11 (KHTML, like Gecko) Chrome/23.0.1271.95 Safari/537.11"
66.249.73.233 - - [30/Jun/2013:18:59:01 +0800] "GET /robots.txt HTTP/1.1" 500 7309 "-" "Mozilla/5.0 (compatible; Googlebot/2.1; +http://www.google.com/bot.html)"
66.249.73.233 - - [30/Jun/2013:18:59:02 +0800] "GET /index-wap2.php?p=400 HTTP/1.1" 500 7309 "-" "SAMSUNG-SGH-E250/1.0 Profile/MIDP-2.0 Configuration/CLDC-1.1 UP.Browser/6.2.3.3.c.1.101 (GUI) MMP/2.0 (compatible; Googlebot-Mobile/2.1; +http://www.google.com/bot.html)"
192.74.243.66 - - [30/Jun/2013:19:16:47 +0800] "GET /comments.php?p=585 HTTP/1.0" 500 7309 "http://wap.duanyunchao.com/comments.php?p=585#comment-64026" "Opera/9.80 (Windows NT 6.1; WOW64; MRA 6.0 (build 6001)) Presto/2.12.388 Version/12.11"
192.74.243.66 - - [30/Jun/2013:19:16:47 +0800] "GET / HTTP/1.0" 500 7309 "http://wap.duanyunchao.com/" "Opera/9.80 (Windows NT 6.1; WOW64; MRA 6.0 (build 6001)) Presto/2.12.388 Version/12.11"
192.74.240.106 - - [30/Jun/2013:19:23:46 +0800] "GET /comments.php?p=585 HTTP/1.0" 500 7309 "http://wap.duanyunchao.com/comments.php?p=585#comment-64026" "Mozilla/5.0 (Windows NT 6.1; WOW64) AppleWebKit/537.11 (KHTML, like Gecko) Chrome/23.0.1271.91 Safari/537.11"
192.74.240.106 - - [30/Jun/2013:19:23:46 +0800] "GET / HTTP/1.0" 500 7309 "http://wap.duanyunchao.com/" "Mozilla/5.0 (Windows NT 6.1; WOW64) AppleWebKit/537.11 (KHTML, like Gecko) Chrome/23.0.1271.91 Safari/537.11"
192.74.240.106 - - [30/Jun/2013:19:32:32 +0800] "GET /comments.php?p=585 HTTP/1.0" 500 7309 "http://wap.duanyunchao.com/comments.php?p=585#comment-64026" "Mozilla/5.0 (Windows NT 6.2; rv:16.0) Gecko/20100101 Firefox/16.0"
192.74.240.106 - - [30/Jun/2013:19:32:32 +0800] "GET / HTTP/1.0" 500 7309 "http://wap.duanyunchao.com/" "Mozilla/5.0 (Windows NT 6.2; rv:16.0) Gecko/20100101 Firefox/16.0"
192.74.240.106 - - [30/Jun/2013:19:58:21 +0800] "GET /comments.php?p=585 HTTP/1.0" 500 7309 "http://wap.duanyunchao.com/comments.php?p=585#comment-64026" "Mozilla/5.0 (Windows NT 6.0) AppleWebKit/537.11 (KHTML, like Gecko) Chrome/23.0.1271.64 Safari/537.11"
192.74.240.106 - - [30/Jun/2013:19:58:22 +0800] "GET / HTTP/1.0" 500 7309 "http://wap.duanyunchao.com/" "Mozilla/5.0 (Windows NT 6.0) AppleWebKit/537.11 (KHTML, like Gecko) Chrome/23.0.1271.64 Safari/537.11"
192.74.243.66 - - [30/Jun/2013:20:01:20 +0800] "GET /comments.php?p=585 HTTP/1.0" 500 7309 "http://wap.duanyunchao.com/comments.php?p=585#comment-64026" "Opera/9.80 (Windows NT 5.1; Edition Yx) Presto/2.12.388 Version/12.11"
192.74.243.66 - - [30/Jun/2013:20:01:20 +0800] "GET / HTTP/1.0" 500 7309 "http://wap.duanyunchao.com/" "Opera/9.80 (Windows NT 5.1; Edition Yx) Presto/2.12.388 Version/12.11"
109.73.78.99 - - [30/Jun/2013:20:03:42 +0800] "GET /comments.php?p=585 HTTP/1.1" 500 7309 "-" "Mozilla/4.0 (compatible; MSIE 6.0; AOL 9.0; Windows NT 5.1)"
94.242.237.28 - - [30/Jun/2013:20:06:32 +0800] "GET /comments.php?p=585 HTTP/1.1" 500 7309 "-" "Mozilla/4.0 (compatible; MSIE 6.0; Windows NT 5.1; SV1)"
94.242.237.28 - - [30/Jun/2013:20:06:57 +0800] "GET /comments.php?p=585 HTTP/1.1" 500 7309 "-" "Mozilla/4.0 (compatible; MSIE 6.0; Windows NT 5.1; SV1)"
66.249.73.233 - - [30/Jun/2013:20:09:24 +0800] "GET /robots.txt HTTP/1.1" 500 7309 "-" "Mozilla/5.0 (compatible; Googlebot/2.1; +http://www.google.com/bot.html)"
66.249.73.233 - - [30/Jun/2013:20:09:25 +0800] "GET /comments.php?p=148 HTTP/1.1" 500 7309 "-" "Mozilla/5.0 (compatible; Googlebot/2.1; +http://www.google.com/bot.html)"
66.249.73.233 - - [30/Jun/2013:20:16:17 +0800] "GET /robots.txt HTTP/1.1" 500 7309 "-" "Mozilla/5.0 (compatible; Googlebot/2.1; +http://www.google.com/bot.html)"
66.249.73.233 - - [30/Jun/2013:20:16:17 +0800] "GET /comments.php?p=135 HTTP/1.1" 500 7309 "-" "Mozilla/5.0 (compatible; Googlebot/2.1; +http://www.google.com/bot.html)"
66.249.73.233 - - [30/Jun/2013:20:16:47 +0800] "GET /robots.txt HTTP/1.1" 500 7309 "-" "Mozilla/5.0 (compatible; Googlebot/2.1; +http://www.google.com/bot.html)"
66.249.73.233 - - [30/Jun/2013:20:16:47 +0800] "GET /index-wap2.php?p=362 HTTP/1.1" 500 7309 "-" "Mozilla/5.0 (compatible; Googlebot/2.1; +http://www.google.com/bot.html)"
66.249.73.233 - - [30/Jun/2013:20:20:56 +0800] "GET /robots.txt HTTP/1.1" 500 7309 "-" "Mozilla/5.0 (compatible; Googlebot/2.1; +http://www.google.com/bot.html)"
66.249.73.233 - - [30/Jun/2013:20:20:56 +0800] "GET /index-wap2.php?p=595 HTTP/1.1" 500 7309 "-" "Mozilla/5.0 (compatible; Googlebot/2.1; +http://www.google.com/bot.html)"
192.74.240.106 - - [30/Jun/2013:20:31:10 +0800] "GET /comments.php?p=585 HTTP/1.0" 500 7309 "http://wap.duanyunchao.com/comments.php?p=585#comment-64026" "Mozilla/5.0 (Windows NT 6.1) AppleWebKit/535.11 (KHTML, like Gecko) Chrome/17.0.963.12 Safari/535.11"
192.74.240.106 - - [30/Jun/2013:20:31:10 +0800] "GET / HTTP/1.0" 500 7309 "http://wap.duanyunchao.com/" "Mozilla/5.0 (Windows NT 6.1) AppleWebKit/535.11 (KHTML, like Gecko) Chrome/17.0.963.12 Safari/535.11"
66.249.73.233 - - [30/Jun/2013:20:33:10 +0800] "GET /robots.txt HTTP/1.1" 500 7309 "-" "Mozilla/5.0 (compatible; Googlebot/2.1; +http://www.google.com/bot.html)"
66.249.73.233 - - [30/Jun/2013:20:33:10 +0800] "GET /index-wap2.php?tag=windows HTTP/1.1" 500 7309 "-" "SAMSUNG-SGH-E250/1.0 Profile/MIDP-2.0 Configuration/CLDC-1.1 UP.Browser/6.2.3.3.c.1.101 (GUI) MMP/2.0 (compatible; Googlebot-Mobile/2.1; +http://www.google.com/bot.html)"
66.249.73.233 - - [30/Jun/2013:20:38:35 +0800] "GET /robots.txt HTTP/1.1" 500 7309 "-" "Mozilla/5.0 (compatible; Googlebot/2.1; +http://www.google.com/bot.html)"
66.249.73.233 - - [30/Jun/2013:20:38:35 +0800] "GET /index-wap2.php?p=691 HTTP/1.1" 500 7309 "-" "Mozilla/5.0 (compatible; Googlebot/2.1; +http://www.google.com/bot.html)"
192.74.240.106 - - [30/Jun/2013:20:39:12 +0800] "GET /comments.php?p=585 HTTP/1.0" 500 7309 "http://wap.duanyunchao.com/comments.php?p=585#comment-64026" "Opera/9.80 (Windows NT 6.2; WOW64; MRA 8.0 (build 5784)) Presto/2.12.388 Version/12.10"
192.74.240.106 - - [30/Jun/2013:20:39:13 +0800] "GET / HTTP/1.0" 500 7309 "http://wap.duanyunchao.com/" "Opera/9.80 (Windows NT 6.2; WOW64; MRA 8.0 (build 5784)) Presto/2.12.388 Version/12.10"
192.74.243.66 - - [30/Jun/2013:20:47:14 +0800] "GET /comments.php?p=585 HTTP/1.0" 500 7309 "http://wap.duanyunchao.com/comments.php?p=585#comment-64026" "Mozilla/5.0 (Windows NT 6.1) AppleWebKit/536.5 (KHTML, like Gecko) YaBrowser/1.1.1084.5409 Chrome/19.1.1084.5409 Safari/536.5"
192.74.243.66 - - [30/Jun/2013:20:47:14 +0800] "GET / HTTP/1.0" 500 7309 "http://wap.duanyunchao.com/" "Mozilla/5.0 (Windows NT 6.1) AppleWebKit/536.5 (KHTML, like Gecko) YaBrowser/1.1.1084.5409 Chrome/19.1.1084.5409 Safari/536.5"
192.74.240.106 - - [30/Jun/2013:21:07:03 +0800] "GET /comments.php?p=585 HTTP/1.0" 500 7309 "http://wap.duanyunchao.com/comments.php?p=585#comment-64026" "Opera/9.80 (Windows NT 5.1; Edition Yx) Presto/2.12.388 Version/12.11"
192.74.240.106 - - [30/Jun/2013:21:07:03 +0800] "GET / HTTP/1.0" 500 7309 "http://wap.duanyunchao.com/" "Opera/9.80 (Windows NT 5.1; Edition Yx) Presto/2.12.388 Version/12.11"
66.249.73.233 - - [30/Jun/2013:21:26:35 +0800] "GET /robots.txt HTTP/1.1" 500 7309 "-" "Mozilla/5.0 (compatible; Googlebot/2.1; +http://www.google.com/bot.html)"
66.249.73.233 - - [30/Jun/2013:21:26:35 +0800] "GET /comments.php?p=575 HTTP/1.1" 500 7309 "-" "Mozilla/5.0 (compatible; Googlebot/2.1; +http://www.google.com/bot.html)"
94.242.237.28 - - [30/Jun/2013:21:35:17 +0800] "GET /comments.php?p=585 HTTP/1.1" 500 7309 "-" "Mozilla/4.0 (compatible; MSIE 6.0; Windows NT 5.1; SV1)"
94.242.237.28 - - [30/Jun/2013:21:35:52 +0800] "GET /comments.php?p=585 HTTP/1.1" 500 7309 "-" "Mozilla/4.0 (compatible; MSIE 6.0; Windows NT 5.1; SV1)"
91.121.176.108 - - [30/Jun/2013:21:37:28 +0800] "GET /comments.php?p=125 HTTP/1.1" 500 7309 "-" "Mozilla/4.0 (compatible; MSIE 6.0; Windows NT 5.1; SV1)"
192.74.243.66 - - [30/Jun/2013:21:38:02 +0800] "GET /comments.php?p=585 HTTP/1.0" 500 7309 "http://wap.duanyunchao.com/comments.php?p=585#comment-64026" "Mozilla/5.0 (Windows NT 6.1; WOW64; rv:9.0.1) Gecko/20100101 Firefox/9.0.1"
192.74.243.66 - - [30/Jun/2013:21:38:02 +0800] "GET / HTTP/1.0" 500 7309 "http://wap.duanyunchao.com/" "Mozilla/5.0 (Windows NT 6.1; WOW64; rv:9.0.1) Gecko/20100101 Firefox/9.0.1"
192.74.240.106 - - [30/Jun/2013:21:38:23 +0800] "GET /comments.php?p=585 HTTP/1.0" 500 7309 "http://wap.duanyunchao.com/comments.php?p=585#comment-64026" "Mozilla/4.0 (compatible; MSIE 8.0; Windows NT 5.1; Trident/4.0; .NET CLR 1.1.4322; .NET CLR 2.0.50727; .NET CLR 3.0.4506.2152; .NET CLR 3.5.30729)"
192.74.240.106 - - [30/Jun/2013:21:38:23 +0800] "GET / HTTP/1.0" 500 7309 "http://wap.duanyunchao.com/" "Mozilla/4.0 (compatible; MSIE 8.0; Windows NT 5.1; Trident/4.0; .NET CLR 1.1.4322; .NET CLR 2.0.50727; .NET CLR 3.0.4506.2152; .NET CLR 3.5.30729)"
91.121.176.108 - - [30/Jun/2013:21:38:58 +0800] "GET /comments.php?p=658 HTTP/1.1" 500 7309 "-" "Mozilla/4.0 (compatible; MSIE 6.0; Windows NT 5.1; SV1)"
91.121.176.113 - - [30/Jun/2013:21:39:29 +0800] "GET /comments.php?p=400 HTTP/1.1" 500 7309 "-" "Mozilla/4.0 (compatible; MSIE 6.0; Windows NT 5.1; SV1)"
91.121.176.108 - - [30/Jun/2013:21:39:42 +0800] "GET /comments.php?p=308 HTTP/1.1" 500 7309 "-" "Mozilla/4.0 (compatible; MSIE 6.0; Windows NT 5.1; SV1)"
91.121.176.113 - - [30/Jun/2013:21:43:59 +0800] "GET /comments.php?p=218 HTTP/1.1" 500 7309 "-" "Mozilla/4.0 (compatible; MSIE 6.0; Windows NT 5.1; SV1)"
192.74.240.106 - - [30/Jun/2013:21:46:14 +0800] "GET /comments.php?p=585 HTTP/1.0" 500 7309 "http://wap.duanyunchao.com/comments.php?p=585#comment-64026" "Mozilla/5.0 (Windows NT 6.1; rv:9.0.1) Gecko/20100101 Firefox/9.0.1"
192.74.240.106 - - [30/Jun/2013:21:46:14 +0800] "GET / HTTP/1.0" 500 7309 "http://wap.duanyunchao.com/" "Mozilla/5.0 (Windows NT 6.1; rv:9.0.1) Gecko/20100101 Firefox/9.0.1"
91.121.176.113 - - [30/Jun/2013:21:48:00 +0800] "GET /comments.php?p=555 HTTP/1.1" 500 7309 "-" "Mozilla/4.0 (compatible; MSIE 6.0; Windows NT 5.1; SV1)"
91.121.176.113 - - [30/Jun/2013:21:48:36 +0800] "GET /comments.php?p=614 HTTP/1.1" 500 7309 "-" "Mozilla/4.0 (compatible; MSIE 6.0; Windows NT 5.1; SV1)"
91.121.176.113 - - [30/Jun/2013:21:54:36 +0800] "GET /comments.php?p=688 HTTP/1.1" 500 7309 "-" "Mozilla/4.0 (compatible; MSIE 6.0; Windows NT 5.1; SV1)"
66.249.73.233 - - [30/Jun/2013:21:57:48 +0800] "GET /robots.txt HTTP/1.1" 500 7309 "-" "Mozilla/5.0 (compatible; Googlebot/2.1; +http://www.google.com/bot.html)"
91.121.176.113 - - [30/Jun/2013:22:11:00 +0800] "GET /comments.php?p=625 HTTP/1.1" 500 7309 "-" "Mozilla/4.0 (compatible; MSIE 6.0; Windows NT 5.1; SV1)"
91.121.176.108 - - [30/Jun/2013:22:12:02 +0800] "GET /comments.php?p=376 HTTP/1.1" 500 7309 "-" "Mozilla/4.0 (compatible; MSIE 6.0; Windows NT 5.1; SV1)"
192.74.240.106 - - [30/Jun/2013:22:14:37 +0800] "GET /comments.php?p=585 HTTP/1.0" 500 7309 "http://wap.duanyunchao.com/comments.php?p=585#comment-64026" "Mozilla/5.0 (Windows NT 5.2; rv:16.0) Gecko/20100101 Firefox/16.0"
192.74.240.106 - - [30/Jun/2013:22:14:37 +0800] "GET / HTTP/1.0" 500 7309 "http://wap.duanyunchao.com/" "Mozilla/5.0 (Windows NT 5.2; rv:16.0) Gecko/20100101 Firefox/16.0"
91.121.176.113 - - [30/Jun/2013:22:15:38 +0800] "GET /comments.php?p=643 HTTP/1.1" 500 7309 "-" "Mozilla/4.0 (compatible; MSIE 6.0; Windows NT 5.1; SV1)"
91.121.176.113 - - [30/Jun/2013:22:17:12 +0800] "GET /comments.php?p=385 HTTP/1.1" 500 7309 "-" "Mozilla/4.0 (compatible; MSIE 6.0; Windows NT 5.1; SV1)"
91.121.176.108 - - [30/Jun/2013:22:18:20 +0800] "GET /comments.php?p=402 HTTP/1.1" 500 7309 "-" "Mozilla/4.0 (compatible; MSIE 6.0; Windows NT 5.1; SV1)"
109.73.78.99 - - [30/Jun/2013:22:18:55 +0800] "GET /comments.php?p=585 HTTP/1.1" 500 7309 "-" "Opera/9.00 (Windows NT 5.1; U; ru)"
91.121.176.108 - - [30/Jun/2013:22:26:04 +0800] "GET /comments.php?p=526 HTTP/1.1" 500 7309 "-" "Mozilla/4.0 (compatible; MSIE 6.0; Windows NT 5.1; SV1)"
91.121.176.108 - - [30/Jun/2013:22:26:29 +0800] "GET /comments.php?p=73 HTTP/1.1" 500 7309 "-" "Mozilla/4.0 (compatible; MSIE 6.0; Windows NT 5.1; SV1)"
91.121.176.108 - - [30/Jun/2013:22:29:50 +0800] "GET /comments.php?p=184 HTTP/1.1" 500 7309 "-" "Mozilla/4.0 (compatible; MSIE 6.0; Windows NT 5.1; SV1)"
192.74.243.66 - - [30/Jun/2013:22:30:14 +0800] "GET /comments.php?p=585 HTTP/1.0" 500 7309 "http://wap.duanyunchao.com/comments.php?p=585#comment-64026" "Mozilla/5.0 (Windows NT 5.1; rv:16.0) Gecko/20100101 Firefox/16.0"
192.74.243.66 - - [30/Jun/2013:22:30:14 +0800] "GET / HTTP/1.0" 500 7309 "http://wap.duanyunchao.com/" "Mozilla/5.0 (Windows NT 5.1; rv:16.0) Gecko/20100101 Firefox/16.0"
192.74.240.106 - - [30/Jun/2013:22:43:52 +0800] "GET /comments.php?p=585 HTTP/1.0" 500 7309 "http://wap.duanyunchao.com/comments.php?p=585#comment-64026" "Mozilla/5.0 (Windows NT 5.1; rv:16.0) Gecko/20100101 Firefox/16.0"
192.74.240.106 - - [30/Jun/2013:22:43:52 +0800] "GET / HTTP/1.0" 500 7309 "http://wap.duanyunchao.com/" "Mozilla/5.0 (Windows NT 5.1; rv:16.0) Gecko/20100101 Firefox/16.0"
66.249.73.233 - - [30/Jun/2013:22:49:06 +0800] "GET /robots.txt HTTP/1.1" 500 7309 "-" "Mozilla/5.0 (compatible; Googlebot/2.1; +http://www.google.com/bot.html)"
192.74.240.106 - - [30/Jun/2013:22:53:47 +0800] "GET /comments.php?p=585 HTTP/1.0" 500 7309 "http://wap.duanyunchao.com/comments.php?p=585#comment-64026" "Mozilla/4.0 (compatible; MSIE 8.0; Windows NT 5.1; Trident/4.0; .NET CLR 1.1.4322; .NET CLR 2.0.50727; .NET CLR 3.0.4506.2152; .NET CLR 3.5.30729)"
192.74.240.106 - - [30/Jun/2013:22:53:47 +0800] "GET / HTTP/1.0" 500 7309 "http://wap.duanyunchao.com/" "Mozilla/4.0 (compatible; MSIE 8.0; Windows NT 5.1; Trident/4.0; .NET CLR 1.1.4322; .NET CLR 2.0.50727; .NET CLR 3.0.4506.2152; .NET CLR 3.5.30729)"
66.249.73.233 - - [30/Jun/2013:23:03:00 +0800] "GET /robots.txt HTTP/1.1" 500 7309 "-" "Mozilla/5.0 (compatible; Googlebot/2.1; +http://www.google.com/bot.html)"
94.242.237.28 - - [30/Jun/2013:23:04:03 +0800] "GET /comments.php?p=585 HTTP/1.1" 500 7309 "-" "Mozilla/4.0 (compatible; MSIE 6.0; Windows NT 5.1; SV1)"
94.242.237.28 - - [30/Jun/2013:23:04:09 +0800] "GET /comments.php?p=585 HTTP/1.1" 500 7309 "-" "Mozilla/4.0 (compatible; MSIE 6.0; Windows NT 5.1; SV1)"
192.74.243.66 - - [30/Jun/2013:23:18:06 +0800] "GET /comments.php?p=585 HTTP/1.0" 500 7309 "http://wap.duanyunchao.com/comments.php?p=585#comment-64026" "Mozilla/5.0 (Windows NT 5.1) AppleWebKit/535.2 (KHTML, like Gecko) Chrome/15.0.874.121 Safari/535.2"
192.74.243.66 - - [30/Jun/2013:23:18:06 +0800] "GET / HTTP/1.0" 500 7309 "http://wap.duanyunchao.com/" "Mozilla/5.0 (Windows NT 5.1) AppleWebKit/535.2 (KHTML, like Gecko) Chrome/15.0.874.121 Safari/535.2"
192.74.240.106 - - [30/Jun/2013:23:21:30 +0800] "GET /comments.php?p=585 HTTP/1.0" 500 7309 "http://wap.duanyunchao.com/comments.php?p=585#comment-64026" "Mozilla/5.0 (Windows NT 5.1; rv:8.0) Gecko/20100101 Firefox/8.0"
192.74.240.106 - - [30/Jun/2013:23:21:30 +0800] "GET / HTTP/1.0" 500 7309 "http://wap.duanyunchao.com/" "Mozilla/5.0 (Windows NT 5.1; rv:8.0) Gecko/20100101 Firefox/8.0"
66.249.73.233 - - [30/Jun/2013:23:37:59 +0800] "GET /robots.txt HTTP/1.1" 500 7309 "-" "Mozilla/5.0 (compatible; Googlebot/2.1; +http://www.google.com/bot.html)"
192.74.240.106 - - [30/Jun/2013:23:50:37 +0800] "GET /comments.php?p=585 HTTP/1.0" 500 7309 "http://wap.duanyunchao.com/comments.php?p=585#comment-64026" "Opera/9.80 (Windows NT 5.1; U; YB/3.5.1; ru) Presto/2.10.229 Version/11.64"
192.74.240.106 - - [30/Jun/2013:23:50:40 +0800] "GET / HTTP/1.0" 500 7309 "http://wap.duanyunchao.com/" "Opera/9.80 (Windows NT 5.1; U; YB/3.5.1; ru) Presto/2.10.229 Version/11.64"
192.74.240.106 - - [01/Jul/2013:00:00:06 +0800] "GET /comments.php?p=585 HTTP/1.0" 500 7309 "http://wap.duanyunchao.com/comments.php?p=585#comment-64026" "Mozilla/5.0 (Windows NT 6.1) AppleWebKit/535.11 (KHTML, like Gecko) Chrome/17.0.963.12 Safari/535.11"
192.74.240.106 - - [01/Jul/2013:00:00:06 +0800] "GET / HTTP/1.0" 500 7309 "http://wap.duanyunchao.com/" "Mozilla/5.0 (Windows NT 6.1) AppleWebKit/535.11 (KHTML, like Gecko) Chrome/17.0.963.12 Safari/535.11"
192.74.243.66 - - [01/Jul/2013:00:03:35 +0800] "GET /comments.php?p=585 HTTP/1.0" 500 7309 "http://wap.duanyunchao.com/comments.php?p=585#comment-64026" "Mozilla/5.0 (iPad; CPU OS 5_1_1 like Mac OS X) AppleWebKit/534.46 (KHTML, like Gecko) Version/5.1 Mobile/9B206 Safari/7534.48.3"
192.74.243.66 - - [01/Jul/2013:00:03:35 +0800] "GET / HTTP/1.0" 500 7309 "http://wap.duanyunchao.com/" "Mozilla/5.0 (iPad; CPU OS 5_1_1 like Mac OS X) AppleWebKit/534.46 (KHTML, like Gecko) Version/5.1 Mobile/9B206 Safari/7534.48.3"
192.74.240.106 - - [01/Jul/2013:00:30:26 +0800] "GET /comments.php?p=585 HTTP/1.0" 500 7309 "http://wap.duanyunchao.com/comments.php?p=585#comment-64026" "Opera/9.80 (Windows NT 6.1; MRA 6.0 (build 5970)) Presto/2.12.388 Version/12.11"
192.74.240.106 - - [01/Jul/2013:00:30:26 +0800] "GET / HTTP/1.0" 500 7309 "http://wap.duanyunchao.com/" "Opera/9.80 (Windows NT 6.1; MRA 6.0 (build 5970)) Presto/2.12.388 Version/12.11"
94.242.237.28 - - [01/Jul/2013:00:31:42 +0800] "GET /comments.php?p=585 HTTP/1.1" 500 7309 "-" "Mozilla/4.0 (compatible; MSIE 6.0; Windows NT 5.1; SV1)"
94.242.237.28 - - [01/Jul/2013:00:32:12 +0800] "GET /comments.php?p=585 HTTP/1.1" 500 7309 "-" "Mozilla/4.0 (compatible; MSIE 6.0; Windows NT 5.1; SV1)"
109.73.78.99 - - [01/Jul/2013:00:33:03 +0800] "GET /comments.php?p=585 HTTP/1.1" 500 7309 "-" "Opera/7.54 (Windows NT 5.1; U)  [pl]"
192.74.243.66 - - [01/Jul/2013:00:50:08 +0800] "GET /comments.php?p=585 HTTP/1.0" 500 7309 "http://wap.duanyunchao.com/comments.php?p=585#comment-64026" "Mozilla/5.0 (Windows NT 6.1; WOW64) AppleWebKit/536.5 (KHTML, like Gecko) YaBrowser/1.1.1084.5409 Chrome/19.1.1084.5409 Safari/536.5"
192.74.243.66 - - [01/Jul/2013:00:50:08 +0800] "GET / HTTP/1.0" 500 7309 "http://wap.duanyunchao.com/" "Mozilla/5.0 (Windows NT 6.1; WOW64) AppleWebKit/536.5 (KHTML, like Gecko) YaBrowser/1.1.1084.5409 Chrome/19.1.1084.5409 Safari/536.5"
192.74.240.106 - - [01/Jul/2013:00:59:02 +0800] "GET /comments.php?p=585 HTTP/1.0" 500 7309 "http://wap.duanyunchao.com/comments.php?p=585#comment-64026" "Mozilla/5.0 (Windows NT 5.1) AppleWebKit/535.19 (KHTML, like Gecko) Chrome/18.0.1025.1634 Safari/535.19 YI"
192.74.240.106 - - [01/Jul/2013:00:59:02 +0800] "GET / HTTP/1.0" 500 7309 "http://wap.duanyunchao.com/" "Mozilla/5.0 (Windows NT 5.1) AppleWebKit/535.19 (KHTML, like Gecko) Chrome/18.0.1025.1634 Safari/535.19 YI"
192.74.240.106 - - [01/Jul/2013:01:07:39 +0800] "GET /comments.php?p=585 HTTP/1.0" 500 7309 "http://wap.duanyunchao.com/comments.php?p=585#comment-64026" "Mozilla/5.0 (Windows NT 5.1; rv:11.0) Gecko/20100101 Firefox/11.0"
192.74.240.106 - - [01/Jul/2013:01:07:39 +0800] "GET / HTTP/1.0" 500 7309 "http://wap.duanyunchao.com/" "Mozilla/5.0 (Windows NT 5.1; rv:11.0) Gecko/20100101 Firefox/11.0"
66.249.73.233 - - [01/Jul/2013:01:20:29 +0800] "GET /robots.txt HTTP/1.1" 500 7309 "-" "Mozilla/5.0 (compatible; Googlebot/2.1; +http://www.google.com/bot.html)"
66.249.73.233 - - [01/Jul/2013:01:34:22 +0800] "GET /robots.txt HTTP/1.1" 500 7309 "-" "Mozilla/5.0 (compatible; Googlebot/2.1; +http://www.google.com/bot.html)"
192.74.243.66 - - [01/Jul/2013:01:37:04 +0800] "GET /comments.php?p=585 HTTP/1.0" 500 7309 "http://wap.duanyunchao.com/comments.php?p=585#comment-64026" "Opera/9.80 (Windows NT 5.1; Edition Yx) Presto/2.12.388 Version/12.10"
192.74.243.66 - - [01/Jul/2013:01:37:04 +0800] "GET / HTTP/1.0" 500 7309 "http://wap.duanyunchao.com/" "Opera/9.80 (Windows NT 5.1; Edition Yx) Presto/2.12.388 Version/12.10"
192.74.240.106 - - [01/Jul/2013:01:37:35 +0800] "GET /comments.php?p=585 HTTP/1.0" 500 7309 "http://wap.duanyunchao.com/comments.php?p=585#comment-64026" "Opera/9.80 (Windows NT 6.1; U; YB/3.5.1; ru) Presto/2.6.30 Version/10.63"
192.74.240.106 - - [01/Jul/2013:01:37:35 +0800] "GET / HTTP/1.0" 500 7309 "http://wap.duanyunchao.com/" "Opera/9.80 (Windows NT 6.1; U; YB/3.5.1; ru) Presto/2.6.30 Version/10.63"
66.249.73.233 - - [01/Jul/2013:01:39:37 +0800] "GET /robots.txt HTTP/1.1" 500 7309 "-" "Mozilla/5.0 (compatible; Googlebot/2.1; +http://www.google.com/bot.html)"
91.236.74.121 - - [01/Jul/2013:01:44:48 +0800] "GET /comments.php?p=585 HTTP/1.0" 500 7309 "http://wap.duanyunchao.com/comments.php?p=585#comment-36642" "Opera/9.80 (Windows NT 6.1; WOW64; MRA 8.0 (build 5784)) Presto/2.12.388 Version/12.10"
91.236.74.121 - - [01/Jul/2013:01:44:49 +0800] "GET / HTTP/1.0" 500 7309 "http://wap.duanyunchao.com/" "Opera/9.80 (Windows NT 6.1; WOW64; MRA 8.0 (build 5784)) Presto/2.12.388 Version/12.10"
94.242.237.28 - - [01/Jul/2013:01:59:44 +0800] "GET /comments.php?p=585 HTTP/1.1" 500 7309 "-" "Mozilla/4.0 (compatible; MSIE 6.0; Windows NT 5.1; SV1)"
94.242.237.28 - - [01/Jul/2013:01:59:47 +0800] "GET /comments.php?p=585 HTTP/1.1" 500 7309 "-" "Mozilla/4.0 (compatible; MSIE 6.0; Windows NT 5.1; SV1)"
192.74.240.106 - - [01/Jul/2013:02:06:58 +0800] "GET /comments.php?p=585 HTTP/1.0" 500 7309 "http://wap.duanyunchao.com/comments.php?p=585#comment-64026" "Opera/9.80 (Windows NT 6.1) Presto/2.12.388 Version/12.10"
192.74.240.106 - - [01/Jul/2013:02:06:58 +0800] "GET / HTTP/1.0" 500 7309 "http://wap.duanyunchao.com/" "Opera/9.80 (Windows NT 6.1) Presto/2.12.388 Version/12.10"
192.74.240.106 - - [01/Jul/2013:02:14:02 +0800] "GET /comments.php?p=585 HTTP/1.0" 500 7309 "http://wap.duanyunchao.com/comments.php?p=585#comment-64026" "Opera/9.80 (Android 2.3.5; Linux; Opera Mobi/ADR-1210241511) Presto/2.11.355 Version/12.10"
192.74.240.106 - - [01/Jul/2013:02:14:02 +0800] "GET / HTTP/1.0" 500 7309 "http://wap.duanyunchao.com/" "Opera/9.80 (Android 2.3.5; Linux; Opera Mobi/ADR-1210241511) Presto/2.11.355 Version/12.10"
192.74.228.179 - - [01/Jul/2013:02:17:56 +0800] "GET /comments.php?p=585 HTTP/1.1" 500 7309 "-" "Mozilla/4.0 (compatible; MSIE 6.0; Windows NT 5.1; SV1; Mozilla/4.0 (compatible; MSIE 6.0; Windows NT 5.1; SV1) ; .NET CLR 1.0.3705)"
66.249.73.233 - - [01/Jul/2013:02:19:33 +0800] "GET /robots.txt HTTP/1.1" 500 7309 "-" "Mozilla/5.0 (compatible; Googlebot/2.1; +http://www.google.com/bot.html)"
192.74.243.66 - - [01/Jul/2013:02:22:49 +0800] "GET /comments.php?p=585 HTTP/1.0" 500 7309 "http://wap.duanyunchao.com/comments.php?p=585#comment-64026" "Mozilla/5.0 (Windows NT 5.2; rv:17.0) Gecko/17.0 Firefox/17.0"
192.74.243.66 - - [01/Jul/2013:02:22:49 +0800] "GET / HTTP/1.0" 500 7309 "http://wap.duanyunchao.com/" "Mozilla/5.0 (Windows NT 5.2; rv:17.0) Gecko/17.0 Firefox/17.0"
91.121.176.108 - - [01/Jul/2013:02:28:34 +0800] "GET /comments.php?p=411 HTTP/1.1" 500 7309 "-" "Mozilla/4.0 (compatible; MSIE 6.0; Windows NT 5.1; SV1)"
91.121.176.113 - - [01/Jul/2013:02:29:57 +0800] "GET /comments.php?p=291 HTTP/1.1" 500 7309 "-" "Mozilla/4.0 (compatible; MSIE 6.0; Windows NT 5.1; SV1)"
91.121.176.108 - - [01/Jul/2013:02:32:50 +0800] "GET /comments.php?p=145 HTTP/1.1" 500 7309 "-" "Mozilla/4.0 (compatible; MSIE 6.0; Windows NT 5.1; SV1)"
91.121.176.113 - - [01/Jul/2013:02:35:02 +0800] "GET /comments.php?p=426 HTTP/1.1" 500 7309 "-" "Mozilla/4.0 (compatible; MSIE 6.0; Windows NT 5.1; SV1)"
192.74.240.106 - - [01/Jul/2013:02:46:06 +0800] "GET /comments.php?p=585 HTTP/1.0" 500 7309 "http://wap.duanyunchao.com/comments.php?p=585#comment-64026" "Opera/9.80 (Windows NT 5.1; Edition Yx) Presto/2.12.388 Version/12.10"
192.74.240.106 - - [01/Jul/2013:02:46:06 +0800] "GET / HTTP/1.0" 500 7309 "http://wap.duanyunchao.com/" "Opera/9.80 (Windows NT 5.1; Edition Yx) Presto/2.12.388 Version/12.10"
109.73.78.99 - - [01/Jul/2013:02:46:29 +0800] "GET /comments.php?p=585 HTTP/1.1" 500 7309 "-" "Mozilla/4.0 (compatible; MSIE 5.0; Windows 95) Opera 6.01  [en]"
91.121.176.108 - - [01/Jul/2013:02:46:56 +0800] "GET /comments.php?p=282 HTTP/1.1" 500 7309 "-" "Mozilla/4.0 (compatible; MSIE 6.0; Windows NT 5.1; SV1)"
66.249.73.233 - - [01/Jul/2013:02:53:29 +0800] "GET /robots.txt HTTP/1.1" 500 7309 "-" "Mozilla/5.0 (compatible; Googlebot/2.1; +http://www.google.com/bot.html)"
91.121.176.113 - - [01/Jul/2013:03:00:29 +0800] "GET /comments.php?p=341 HTTP/1.1" 500 7309 "-" "Mozilla/4.0 (compatible; MSIE 6.0; Windows NT 5.1; SV1)"
91.121.176.113 - - [01/Jul/2013:03:06:12 +0800] "GET /comments.php?p=663 HTTP/1.1" 500 7309 "-" "Mozilla/4.0 (compatible; MSIE 6.0; Windows NT 5.1; SV1)"
91.121.176.108 - - [01/Jul/2013:03:06:12 +0800] "GET /comments.php?p=295 HTTP/1.1" 500 7309 "-" "Mozilla/4.0 (compatible; MSIE 6.0; Windows NT 5.1; SV1)"
192.74.243.66 - - [01/Jul/2013:03:09:06 +0800] "GET /comments.php?p=585 HTTP/1.0" 500 7309 "http://wap.duanyunchao.com/comments.php?p=585#comment-64026" "Mozilla/5.0 (Macintosh; Intel Mac OS X 10_7_5) AppleWebKit/537.11 (KHTML, like Gecko) Chrome/23.0.1271.64 Safari/537.11"
192.74.243.66 - - [01/Jul/2013:03:09:06 +0800] "GET / HTTP/1.0" 500 7309 "http://wap.duanyunchao.com/" "Mozilla/5.0 (Macintosh; Intel Mac OS X 10_7_5) AppleWebKit/537.11 (KHTML, like Gecko) Chrome/23.0.1271.64 Safari/537.11"
91.121.176.113 - - [01/Jul/2013:03:12:28 +0800] "GET /comments.php?p=112 HTTP/1.1" 500 7309 "-" "Mozilla/4.0 (compatible; MSIE 6.0; Windows NT 5.1; SV1)"
192.74.240.106 - - [01/Jul/2013:03:15:48 +0800] "GET /comments.php?p=585 HTTP/1.0" 500 7309 "http://wap.duanyunchao.com/comments.php?p=585#comment-64026" "Opera/9.80 (Windows NT 6.1; WOW64; Edition Yx) Presto/2.12.388 Version/12.11"
192.74.240.106 - - [01/Jul/2013:03:15:49 +0800] "GET / HTTP/1.0" 500 7309 "http://wap.duanyunchao.com/" "Opera/9.80 (Windows NT 6.1; WOW64; Edition Yx) Presto/2.12.388 Version/12.11"
91.121.176.108 - - [01/Jul/2013:03:17:36 +0800] "GET /comments.php?p=431 HTTP/1.1" 500 7309 "-" "Mozilla/4.0 (compatible; MSIE 6.0; Windows NT 5.1; SV1)"
192.74.240.106 - - [01/Jul/2013:03:21:06 +0800] "GET /comments.php?p=585 HTTP/1.0" 500 7309 "http://wap.duanyunchao.com/comments.php?p=585#comment-64026" "Mozilla/5.0 (compatible; MSIE 9.0; Windows NT 6.1; WOW64; Trident/5.0)"
192.74.240.106 - - [01/Jul/2013:03:21:06 +0800] "GET / HTTP/1.0" 500 7309 "http://wap.duanyunchao.com/" "Mozilla/5.0 (compatible; MSIE 9.0; Windows NT 6.1; WOW64; Trident/5.0)"
91.121.176.108 - - [01/Jul/2013:03:23:43 +0800] "GET /comments.php?p=89 HTTP/1.1" 500 7309 "-" "Mozilla/4.0 (compatible; MSIE 6.0; Windows NT 5.1; SV1)"
91.121.176.108 - - [01/Jul/2013:03:23:48 +0800] "GET /comments.php?p=114 HTTP/1.1" 500 7309 "-" "Mozilla/4.0 (compatible; MSIE 6.0; Windows NT 5.1; SV1)"
94.242.237.28 - - [01/Jul/2013:03:28:21 +0800] "GET /comments.php?p=585 HTTP/1.1" 500 7309 "-" "Mozilla/4.0 (compatible; MSIE 6.0; Windows NT 5.1; SV1)"
192.74.240.106 - - [01/Jul/2013:03:54:09 +0800] "GET /comments.php?p=585 HTTP/1.0" 500 7309 "http://wap.duanyunchao.com/comments.php?p=585#comment-64026" "Opera/9.80 (Windows NT 6.1; WOW64; Edition Yx) Presto/2.12.388 Version/12.11"
192.74.240.106 - - [01/Jul/2013:03:54:09 +0800] "GET / HTTP/1.0" 500 7309 "http://wap.duanyunchao.com/" "Opera/9.80 (Windows NT 6.1; WOW64; Edition Yx) Presto/2.12.388 Version/12.11"
192.74.243.66 - - [01/Jul/2013:03:55:25 +0800] "GET /comments.php?p=585 HTTP/1.0" 500 7309 "http://wap.duanyunchao.com/comments.php?p=585#comment-64026" "Mozilla/5.0 (Windows NT 6.1) AppleWebKit/534.57.2 (KHTML, like Gecko) Version/5.1.7 Safari/534.57.2"
192.74.243.66 - - [01/Jul/2013:03:55:26 +0800] "GET / HTTP/1.0" 500 7309 "http://wap.duanyunchao.com/" "Mozilla/5.0 (Windows NT 6.1) AppleWebKit/534.57.2 (KHTML, like Gecko) Version/5.1.7 Safari/534.57.2"
192.74.240.106 - - [01/Jul/2013:04:22:52 +0800] "GET /comments.php?p=585 HTTP/1.0" 200 832261 "http://wap.duanyunchao.com/comments.php?p=585#comment-64026" "Mozilla/5.0 (Windows NT 5.2; rv:12.0) Gecko/20100101 Firefox/12.0"
94.242.237.93 - - [01/Jul/2013:04:25:15 +0800] "GET /comments.php?p=585 HTTP/1.1" 200 273804 "-" "Mozilla/4.0 (compatible; MSIE 6.0; Windows NT 5.1; SV1)"
94.242.237.93 - - [01/Jul/2013:04:25:18 +0800] "GET /index-wap2.php HTTP/1.1" 200 6752 "-" "Mozilla/4.0 (compatible; MSIE 6.0; Windows NT 5.1; SV1)"
94.242.237.93 - - [01/Jul/2013:04:25:39 +0800] "GET /index-wap2.php?p=585 HTTP/1.1" 200 10470 "-" "Mozilla/4.0 (compatible; MSIE 6.0; Windows NT 5.1; SV1)"
192.74.240.106 - - [01/Jul/2013:04:27:18 +0800] "GET /comments.php?p=585 HTTP/1.0" 200 831249 "http://wap.duanyunchao.com/comments.php?p=585#comment-64026" "Mozilla/5.0 (Windows NT 5.1; rv:7.0) Gecko/20100101 Firefox/7.0"
66.249.73.233 - - [01/Jul/2013:04:34:21 +0800] "GET /robots.txt HTTP/1.1" 404 - "-" "Mozilla/5.0 (compatible; Googlebot/2.1; +http://www.google.com/bot.html)"
66.249.73.233 - - [01/Jul/2013:04:34:21 +0800] "GET /comments.php?p=327 HTTP/1.1" 200 56228 "-" "Mozilla/5.0 (compatible; Googlebot/2.1; +http://www.google.com/bot.html)"
192.74.243.66 - - [01/Jul/2013:04:41:19 +0800] "GET /comments.php?p=585 HTTP/1.0" 200 771861 "http://wap.duanyunchao.com/comments.php?p=585#comment-64026" "Mozilla/5.0 (Windows NT 6.1; WOW64) AppleWebKit/537.4 (KHTML, like Gecko) Chrome/22.0.1229.79 Safari/537.4"
113.118.199.86 - - [01/Jul/2013:04:51:15 +0800] "GET /comments.php?p=603 HTTP/1.0" 200 496597 "http://wap.duanyunchao.com/comments.php?p=603#comment-71184" "Opera/9.80 (Windows NT 6.1; WOW64; MRA 8.0 (build 5784)) Presto/2.12.388 Version/12.10"
113.118.199.86 - - [01/Jul/2013:04:51:34 +0800] "POST /wap-comments-post.php HTTP/1.0" 302 - "http://wap.duanyunchao.com/comments.php?p=603#comment-71184" "Opera/9.80 (Windows NT 6.1; WOW64; MRA 8.0 (build 5784)) Presto/2.12.388 Version/12.10"
113.118.199.86 - - [01/Jul/2013:04:51:42 +0800] "GET /comments.php?p=603 HTTP/1.0" 200 497744 "http://wap.duanyunchao.com/comments.php?p=603#comment-76121" "Opera/9.80 (Windows NT 6.1; WOW64; MRA 8.0 (build 5784)) Presto/2.12.388 Version/12.10"
94.242.237.28 - - [01/Jul/2013:04:55:12 +0800] "GET /comments.php?p=585 HTTP/1.1" 200 282298 "-" "Mozilla/4.0 (compatible; MSIE 6.0; Windows NT 5.1; SV1)"
94.242.237.28 - - [01/Jul/2013:04:55:24 +0800] "GET /index-wap2.php HTTP/1.1" 200 10215 "-" "Mozilla/4.0 (compatible; MSIE 6.0; Windows NT 5.1; SV1)"
94.242.237.28 - - [01/Jul/2013:04:55:30 +0800] "GET /index-wap2.php?p=585 HTTP/1.1" 200 10470 "-" "Mozilla/4.0 (compatible; MSIE 6.0; Windows NT 5.1; SV1)"
94.242.237.28 - - [01/Jul/2013:04:55:47 +0800] "GET /comments.php?p=585 HTTP/1.1" 200 286479 "-" "Mozilla/4.0 (compatible; MSIE 6.0; Windows NT 5.1; SV1)"
94.242.237.28 - - [01/Jul/2013:04:56:02 +0800] "GET /index-wap2.php?p=585 HTTP/1.1" 200 10470 "-" "Mozilla/4.0 (compatible; MSIE 6.0; Windows NT 5.1; SV1)"
192.74.240.106 - - [01/Jul/2013:05:02:47 +0800] "GET /comments.php?p=585 HTTP/1.0" 200 831144 "http://wap.duanyunchao.com/comments.php?p=585#comment-64026" "Mozilla/5.0 (Windows; U; Windows NT 5.1; ru; rv:1.9.0.19) Gecko/2010031422 Firefox/3.0.19 YB/3.5.1 (.NET CLR 3.5.30729)"
109.73.78.99 - - [01/Jul/2013:05:07:29 +0800] "GET /comments.php?p=585 HTTP/1.1" 200 1281643 "-" "Opera/9.80 (Windows NT 6.0; U; en) Presto/2.7.62 Version/11.00"
109.73.78.99 - - [01/Jul/2013:05:07:45 +0800] "POST /wap-comments-post.php HTTP/1.1" 302 - "http://wap.duanyunchao.com/comments.php?p=585" "Opera/9.80 (Windows NT 6.0; U; en) Presto/2.7.62 Version/11.00"
109.73.78.99 - - [01/Jul/2013:05:07:46 +0800] "GET /comments.php?p=585 HTTP/1.1" 200 1282626 "http://wap.duanyunchao.com/comments.php?p=585" "Opera/9.80 (Windows NT 6.0; U; en) Presto/2.7.62 Version/11.00"
66.249.73.233 - - [01/Jul/2013:05:13:52 +0800] "GET /comments.php?p=575 HTTP/1.1" 200 68391 "-" "Mozilla/5.0 (compatible; Googlebot/2.1; +http://www.google.com/bot.html)"
66.249.73.233 - - [01/Jul/2013:05:14:39 +0800] "GET /index-wap2.php?p=681 HTTP/1.1" 200 45249 "-" "DoCoMo/2.0 N905i(c100;TB;W24H16) (compatible; Googlebot-Mobile/2.1; +http://www.google.com/bot.html)"
66.249.73.233 - - [01/Jul/2013:05:20:44 +0800] "GET /index-wap2.php HTTP/1.1" 200 10196 "-" "Mozilla/5.0 (compatible; Googlebot/2.1; +http://www.google.com/bot.html)"
192.74.243.66 - - [01/Jul/2013:05:27:37 +0800] "GET /comments.php?p=585 HTTP/1.0" 200 773786 "http://wap.duanyunchao.com/comments.php?p=585#comment-64026" "Mozilla/4.0 (compatible; MSIE 7.0; Windows NT 5.1; Trident/4.0)"
192.74.240.106 - - [01/Jul/2013:05:29:37 +0800] "GET /comments.php?p=585 HTTP/1.0" 200 831125 "http://wap.duanyunchao.com/comments.php?p=585#comment-64026" "Mozilla/5.0 (Windows NT 6.1; WOW64; rv:17.0) Gecko/20100101 Firefox/17.0"
66.249.73.233 - - [01/Jul/2013:05:32:04 +0800] "GET /index-wap2.php?p=560 HTTP/1.1" 200 3796 "-" "Mozilla/5.0 (compatible; Googlebot/2.1; +http://www.google.com/bot.html)"
66.249.73.233 - - [01/Jul/2013:05:32:09 +0800] "GET /login.php HTTP/1.1" 200 2644 "-" "Mozilla/5.0 (compatible; Googlebot/2.1; +http://www.google.com/bot.html)"
66.249.73.233 - - [01/Jul/2013:05:32:20 +0800] "GET /index.php HTTP/1.1" 200 57 "-" "Mozilla/5.0 (compatible; Googlebot/2.1; +http://www.google.com/bot.html)"
66.249.73.233 - - [01/Jul/2013:05:32:31 +0800] "GET /comments.php?p=704 HTTP/1.1" 200 138796 "-" "Mozilla/5.0 (compatible; Googlebot/2.1; +http://www.google.com/bot.html)"
66.249.73.233 - - [01/Jul/2013:05:32:42 +0800] "GET /comments.php?p=714 HTTP/1.1" 200 2792 "-" "Mozilla/5.0 (compatible; Googlebot/2.1; +http://www.google.com/bot.html)"
66.249.73.233 - - [01/Jul/2013:05:32:54 +0800] "GET /comments.php?p=691 HTTP/1.1" 200 36740 "-" "Mozilla/5.0 (compatible; Googlebot/2.1; +http://www.google.com/bot.html)"
66.249.73.233 - - [01/Jul/2013:05:33:05 +0800] "GET /comments.php?p=135 HTTP/1.1" 200 5730373 "-" "Mozilla/5.0 (compatible; Googlebot/2.1; +http://www.google.com/bot.html)"
91.121.176.101 - - [01/Jul/2013:05:33:46 +0800] "GET /comments.php?p=80 HTTP/1.1" 200 30434 "-" "Mozilla/4.0 (compatible; MSIE 6.0; Windows NT 5.1; SV1)"
91.121.176.101 - - [01/Jul/2013:05:33:48 +0800] "POST /wap-comments-post.php HTTP/1.1" 302 - "http://wap.duanyunchao.com/comments.php?p=80" "Mozilla/4.0 (compatible; MSIE 6.0; Windows NT 5.1; SV1)"
66.249.73.233 - - [01/Jul/2013:05:33:49 +0800] "GET /comments.php?p=700 HTTP/1.1" 200 10316 "-" "Mozilla/5.0 (compatible; Googlebot/2.1; +http://www.google.com/bot.html)"
91.121.176.101 - - [01/Jul/2013:05:33:50 +0800] "GET /comments.php?p=80 HTTP/1.1" 200 30802 "http://wap.duanyunchao.com/comments.php?p=80" "Mozilla/4.0 (compatible; MSIE 6.0; Windows NT 5.1; SV1)"
66.249.73.233 - - [01/Jul/2013:05:33:55 +0800] "GET /comments.php?p=688 HTTP/1.1" 200 69815 "-" "Mozilla/5.0 (compatible; Googlebot/2.1; +http://www.google.com/bot.html)"
66.249.73.233 - - [01/Jul/2013:05:34:00 +0800] "GET /index-wap2.php?p=595 HTTP/1.1" 200 10408 "-" "Mozilla/5.0 (compatible; Googlebot/2.1; +http://www.google.com/bot.html)"
66.249.73.233 - - [01/Jul/2013:05:34:04 +0800] "GET /index-wap2.php?p=145 HTTP/1.1" 200 12085 "-" "Mozilla/5.0 (compatible; Googlebot/2.1; +http://www.google.com/bot.html)"
66.249.73.233 - - [01/Jul/2013:05:34:15 +0800] "GET /index-wap2.php?p=362 HTTP/1.1" 200 12337 "-" "Mozilla/5.0 (compatible; Googlebot/2.1; +http://www.google.com/bot.html)"
66.249.73.233 - - [01/Jul/2013:05:34:18 +0800] "GET /index-wap2.php?p=714 HTTP/1.1" 200 12108 "-" "Mozilla/5.0 (compatible; Googlebot/2.1; +http://www.google.com/bot.html)"
66.249.73.233 - - [01/Jul/2013:05:34:25 +0800] "GET /index-wap2.php?cat=3 HTTP/1.1" 200 8399 "-" "Mozilla/5.0 (compatible; Googlebot/2.1; +http://www.google.com/bot.html)"
66.249.73.233 - - [01/Jul/2013:05:34:35 +0800] "GET /index-wap2.php?cat=1 HTTP/1.1" 200 10307 "-" "Mozilla/5.0 (compatible; Googlebot/2.1; +http://www.google.com/bot.html)"
66.249.73.233 - - [01/Jul/2013:05:34:46 +0800] "GET /index-wap2.php?p=135 HTTP/1.1" 200 11614 "-" "Mozilla/5.0 (compatible; Googlebot/2.1; +http://www.google.com/bot.html)"
66.249.73.233 - - [01/Jul/2013:05:34:57 +0800] "GET /index-wap2.php?cat=9 HTTP/1.1" 200 8173 "-" "Mozilla/5.0 (compatible; Googlebot/2.1; +http://www.google.com/bot.html)"
192.74.240.106 - - [01/Jul/2013:05:35:02 +0800] "GET /comments.php?p=585 HTTP/1.0" 200 831125 "http://wap.duanyunchao.com/comments.php?p=585#comment-64026" "Opera/9.80 (Windows NT 6.1; U; YB/3.5.1; ru) Presto/2.6.30 Version/10.63"
91.121.176.101 - - [01/Jul/2013:05:35:04 +0800] "GET /comments.php?p=531 HTTP/1.1" 200 43696 "-" "Mozilla/4.0 (compatible; MSIE 6.0; Windows NT 5.1; SV1)"
91.121.176.101 - - [01/Jul/2013:05:35:08 +0800] "POST /wap-comments-post.php HTTP/1.1" 302 - "http://wap.duanyunchao.com/comments.php?p=531" "Mozilla/4.0 (compatible; MSIE 6.0; Windows NT 5.1; SV1)"
91.121.176.101 - - [01/Jul/2013:05:35:09 +0800] "GET /comments.php?p=531 HTTP/1.1" 200 44059 "http://wap.duanyunchao.com/comments.php?p=531" "Mozilla/4.0 (compatible; MSIE 6.0; Windows NT 5.1; SV1)"
66.249.73.233 - - [01/Jul/2013:05:35:18 +0800] "GET /index-wap2.php?p=685 HTTP/1.1" 200 13582 "-" "Mozilla/5.0 (compatible; Googlebot/2.1; +http://www.google.com/bot.html)"
66.249.73.233 - - [01/Jul/2013:05:35:22 +0800] "GET /index-wap2.php?p=700 HTTP/1.1" 200 21397 "-" "Mozilla/5.0 (compatible; Googlebot/2.1; +http://www.google.com/bot.html)"
66.249.73.233 - - [01/Jul/2013:05:35:32 +0800] "GET /index-wap2.php?p=667 HTTP/1.1" 200 5028 "-" "Mozilla/5.0 (compatible; Googlebot/2.1; +http://www.google.com/bot.html)"
66.249.73.233 - - [01/Jul/2013:05:35:44 +0800] "GET /index-wap2.php?cat=7 HTTP/1.1" 200 6919 "-" "Mozilla/5.0 (compatible; Googlebot/2.1; +http://www.google.com/bot.html)"
66.249.73.233 - - [01/Jul/2013:05:36:10 +0800] "GET /index-wap2.php?p=670 HTTP/1.1" 200 2413 "-" "Mozilla/5.0 (compatible; Googlebot/2.1; +http://www.google.com/bot.html)"
66.249.73.233 - - [01/Jul/2013:05:36:14 +0800] "GET /index-wap2.php?p=681 HTTP/1.1" 200 45249 "-" "Mozilla/5.0 (compatible; Googlebot/2.1; +http://www.google.com/bot.html)"
66.249.73.233 - - [01/Jul/2013:05:36:18 +0800] "GET /index-wap2.php?p=654 HTTP/1.1" 200 6304 "-" "Mozilla/5.0 (compatible; Googlebot/2.1; +http://www.google.com/bot.html)"
66.249.73.233 - - [01/Jul/2013:05:36:29 +0800] "GET /index-wap2.php?p=607 HTTP/1.1" 200 2322 "-" "Mozilla/5.0 (compatible; Googlebot/2.1; +http://www.google.com/bot.html)"
66.249.73.233 - - [01/Jul/2013:05:36:35 +0800] "GET /comments.php?p=148 HTTP/1.1" 200 18509 "-" "Mozilla/5.0 (compatible; Googlebot/2.1; +http://www.google.com/bot.html)"
66.249.73.233 - - [01/Jul/2013:05:36:40 +0800] "GET /index-wap2.php?p=156 HTTP/1.1" 200 11179 "-" "Mozilla/5.0 (compatible; Googlebot/2.1; +http://www.google.com/bot.html)"
66.249.73.233 - - [01/Jul/2013:05:36:52 +0800] "GET /index-wap2.php?p=585 HTTP/1.1" 200 10470 "-" "Mozilla/5.0 (compatible; Googlebot/2.1; +http://www.google.com/bot.html)"
66.249.73.233 - - [01/Jul/2013:05:37:03 +0800] "GET /index-wap2.php?p=696 HTTP/1.1" 200 8941 "-" "Mozilla/5.0 (compatible; Googlebot/2.1; +http://www.google.com/bot.html)"
66.249.73.233 - - [01/Jul/2013:05:37:16 +0800] "GET /index-wap2.php?p=688 HTTP/1.1" 200 5019 "-" "Mozilla/5.0 (compatible; Googlebot/2.1; +http://www.google.com/bot.html)"
176.31.181.226 - - [01/Jul/2013:05:37:18 +0800] "GET /comments.php?p=552 HTTP/1.1" 200 41725 "-" "Mozilla/4.0 (compatible; MSIE 6.0; Windows NT 5.1; SV1)"
176.31.181.226 - - [01/Jul/2013:05:37:19 +0800] "POST /wap-comments-post.php HTTP/1.1" 302 - "http://wap.duanyunchao.com/comments.php?p=552" "Mozilla/4.0 (compatible; MSIE 6.0; Windows NT 5.1; SV1)"
176.31.181.226 - - [01/Jul/2013:05:37:20 +0800] "GET /comments.php?p=552 HTTP/1.1" 200 42109 "http://wap.duanyunchao.com/comments.php?p=552" "Mozilla/4.0 (compatible; MSIE 6.0; Windows NT 5.1; SV1)"
66.249.73.233 - - [01/Jul/2013:05:37:26 +0800] "GET /index-wap2.php?p=298 HTTP/1.1" 200 31060 "-" "Mozilla/5.0 (compatible; Googlebot/2.1; +http://www.google.com/bot.html)"
66.249.73.233 - - [01/Jul/2013:05:37:41 +0800] "GET /index-wap2.php?p=704 HTTP/1.1" 200 16000 "-" "Mozilla/5.0 (compatible; Googlebot/2.1; +http://www.google.com/bot.html)"
66.249.73.233 - - [01/Jul/2013:05:37:49 +0800] "GET /index-wap2.php?cat=11 HTTP/1.1" 200 6870 "-" "Mozilla/5.0 (compatible; Googlebot/2.1; +http://www.google.com/bot.html)"
66.249.73.233 - - [01/Jul/2013:05:38:01 +0800] "GET /index-wap2.php?cat=14 HTTP/1.1" 200 8549 "-" "Mozilla/5.0 (compatible; Googlebot/2.1; +http://www.google.com/bot.html)"
66.249.73.233 - - [01/Jul/2013:05:38:12 +0800] "GET /index-wap2.php?cat=21 HTTP/1.1" 200 6878 "-" "Mozilla/5.0 (compatible; Googlebot/2.1; +http://www.google.com/bot.html)"
66.249.73.233 - - [01/Jul/2013:05:38:24 +0800] "GET /index-wap2.php?cat=15 HTTP/1.1" 200 10128 "-" "Mozilla/5.0 (compatible; Googlebot/2.1; +http://www.google.com/bot.html)"
66.249.73.233 - - [01/Jul/2013:05:38:36 +0800] "GET /index-wap2.php?cat=20 HTTP/1.1" 200 6906 "-" "Mozilla/5.0 (compatible; Googlebot/2.1; +http://www.google.com/bot.html)"
66.249.73.233 - - [01/Jul/2013:05:38:48 +0800] "GET /index-wap2.php?cat=18 HTTP/1.1" 200 8152 "-" "Mozilla/5.0 (compatible; Googlebot/2.1; +http://www.google.com/bot.html)"
66.249.73.233 - - [01/Jul/2013:05:38:59 +0800] "GET /index-wap2.php?cat=19 HTTP/1.1" 200 6868 "-" "Mozilla/5.0 (compatible; Googlebot/2.1; +http://www.google.com/bot.html)"
66.249.73.233 - - [01/Jul/2013:05:39:11 +0800] "GET /index-wap2.php?cat=10 HTTP/1.1" 200 10462 "-" "Mozilla/5.0 (compatible; Googlebot/2.1; +http://www.google.com/bot.html)"
66.249.73.233 - - [01/Jul/2013:05:39:22 +0800] "GET /index-wap2.php?cat=17 HTTP/1.1" 200 9792 "-" "Mozilla/5.0 (compatible; Googlebot/2.1; +http://www.google.com/bot.html)"
66.249.73.233 - - [01/Jul/2013:05:39:33 +0800] "GET /index-wap2.php?cat=13 HTTP/1.1" 200 6884 "-" "Mozilla/5.0 (compatible; Googlebot/2.1; +http://www.google.com/bot.html)"
91.121.176.101 - - [01/Jul/2013:05:39:45 +0800] "GET /comments.php?p=395 HTTP/1.1" 200 35093 "-" "Mozilla/4.0 (compatible; MSIE 6.0; Windows NT 5.1; SV1)"
66.249.73.233 - - [01/Jul/2013:05:39:46 +0800] "GET /index-wap2.php?cat=16 HTTP/1.1" 200 10138 "-" "Mozilla/5.0 (compatible; Googlebot/2.1; +http://www.google.com/bot.html)"
91.121.176.101 - - [01/Jul/2013:05:39:48 +0800] "POST /wap-comments-post.php HTTP/1.1" 302 - "http://wap.duanyunchao.com/comments.php?p=395" "Mozilla/4.0 (compatible; MSIE 6.0; Windows NT 5.1; SV1)"
91.121.176.101 - - [01/Jul/2013:05:39:50 +0800] "GET /comments.php?p=395 HTTP/1.1" 200 35453 "http://wap.duanyunchao.com/comments.php?p=395" "Mozilla/4.0 (compatible; MSIE 6.0; Windows NT 5.1; SV1)"
66.249.73.233 - - [01/Jul/2013:05:39:57 +0800] "GET /index-wap2.php?cat=12 HTTP/1.1" 200 6871 "-" "Mozilla/5.0 (compatible; Googlebot/2.1; +http://www.google.com/bot.html)"
66.249.73.233 - - [01/Jul/2013:05:40:12 +0800] "GET /index-wap2.php?paged=3 HTTP/1.1" 200 10354 "-" "Mozilla/5.0 (compatible; Googlebot/2.1; +http://www.google.com/bot.html)"
66.249.73.233 - - [01/Jul/2013:05:40:18 +0800] "GET /index-wap2.php?paged=2 HTTP/1.1" 200 10351 "-" "Mozilla/5.0 (compatible; Googlebot/2.1; +http://www.google.com/bot.html)"
66.249.73.233 - - [01/Jul/2013:05:40:34 +0800] "GET /index-wap2.php?paged=18 HTTP/1.1" 200 8116 "-" "Mozilla/5.0 (compatible; Googlebot/2.1; +http://www.google.com/bot.html)"
66.249.73.233 - - [01/Jul/2013:05:40:43 +0800] "GET /h%3C/a%3E%3C/li%3E%3Cli%20class= HTTP/1.1" 404 - "-" "Mozilla/5.0 (compatible; Googlebot/2.1; +http://www.google.com/bot.html)"
91.121.176.101 - - [01/Jul/2013:05:41:00 +0800] "GET /comments.php?p=133 HTTP/1.1" 200 24743 "-" "Mozilla/4.0 (compatible; MSIE 6.0; Windows NT 5.1; SV1)"
91.121.176.101 - - [01/Jul/2013:05:41:02 +0800] "POST /wap-comments-post.php HTTP/1.1" 302 - "http://wap.duanyunchao.com/comments.php?p=133" "Mozilla/4.0 (compatible; MSIE 6.0; Windows NT 5.1; SV1)"
91.121.176.101 - - [01/Jul/2013:05:41:04 +0800] "GET /comments.php?p=133 HTTP/1.1" 200 25110 "http://wap.duanyunchao.com/comments.php?p=133" "Mozilla/4.0 (compatible; MSIE 6.0; Windows NT 5.1; SV1)"
91.121.176.101 - - [01/Jul/2013:05:41:30 +0800] "GET /comments.php?p=329 HTTP/1.1" 200 24022 "-" "Mozilla/4.0 (compatible; MSIE 6.0; Windows NT 5.1; SV1)"
91.121.176.101 - - [01/Jul/2013:05:41:32 +0800] "POST /wap-comments-post.php HTTP/1.1" 302 - "http://wap.duanyunchao.com/comments.php?p=329" "Mozilla/4.0 (compatible; MSIE 6.0; Windows NT 5.1; SV1)"
91.121.176.101 - - [01/Jul/2013:05:41:33 +0800] "GET /comments.php?p=329 HTTP/1.1" 200 24390 "http://wap.duanyunchao.com/comments.php?p=329" "Mozilla/4.0 (compatible; MSIE 6.0; Windows NT 5.1; SV1)"
66.249.73.233 - - [01/Jul/2013:05:41:52 +0800] "GET /comments.php?p=595 HTTP/1.1" 200 63927 "-" "Mozilla/5.0 (compatible; Googlebot/2.1; +http://www.google.com/bot.html)"
66.249.73.233 - - [01/Jul/2013:05:41:55 +0800] "GET /comments.php?p=145 HTTP/1.1" 200 131880 "-" "Mozilla/5.0 (compatible; Googlebot/2.1; +http://www.google.com/bot.html)"
66.249.73.233 - - [01/Jul/2013:05:41:59 +0800] "GET /comments.php?p=555 HTTP/1.1" 200 90777 "-" "Mozilla/5.0 (compatible; Googlebot/2.1; +http://www.google.com/bot.html)"
66.249.73.233 - - [01/Jul/2013:05:42:06 +0800] "GET /comments.php?p=76 HTTP/1.1" 200 62213 "-" "Mozilla/5.0 (compatible; Googlebot/2.1; +http://www.google.com/bot.html)"
66.249.73.233 - - [01/Jul/2013:05:42:31 +0800] "GET /comments.php?p=617 HTTP/1.1" 200 29843 "-" "Mozilla/5.0 (compatible; Googlebot/2.1; +http://www.google.com/bot.html)"
66.249.73.233 - - [01/Jul/2013:05:42:55 +0800] "GET /comments.php?p=362 HTTP/1.1" 200 84529 "-" "Mozilla/5.0 (compatible; Googlebot/2.1; +http://www.google.com/bot.html)"
91.121.176.101 - - [01/Jul/2013:05:43:32 +0800] "GET /comments.php?p=598 HTTP/1.1" 200 54093 "-" "Mozilla/4.0 (compatible; MSIE 6.0; Windows NT 5.1; SV1)"
91.121.176.101 - - [01/Jul/2013:05:43:33 +0800] "POST /wap-comments-post.php HTTP/1.1" 302 - "http://wap.duanyunchao.com/comments.php?p=598" "Mozilla/4.0 (compatible; MSIE 6.0; Windows NT 5.1; SV1)"
91.121.176.101 - - [01/Jul/2013:05:43:37 +0800] "GET /comments.php?p=598 HTTP/1.1" 200 54462 "http://wap.duanyunchao.com/comments.php?p=598" "Mozilla/4.0 (compatible; MSIE 6.0; Windows NT 5.1; SV1)"
66.249.73.233 - - [01/Jul/2013:05:43:44 +0800] "GET /comments.php?p=298 HTTP/1.1" 200 71620 "-" "Mozilla/5.0 (compatible; Googlebot/2.1; +http://www.google.com/bot.html)"
66.249.73.233 - - [01/Jul/2013:05:44:08 +0800] "GET /comments.php?p=311 HTTP/1.1" 200 47349 "-" "Mozilla/5.0 (compatible; Googlebot/2.1; +http://www.google.com/bot.html)"
66.249.73.233 - - [01/Jul/2013:05:44:31 +0800] "GET /comments.php?p=497 HTTP/1.1" 200 50749 "-" "Mozilla/5.0 (compatible; Googlebot/2.1; +http://www.google.com/bot.html)"
66.249.73.233 - - [01/Jul/2013:05:44:57 +0800] "GET /index-wap2.php?p=61 HTTP/1.1" 200 8622 "-" "Mozilla/5.0 (compatible; Googlebot/2.1; +http://www.google.com/bot.html)"
176.31.181.226 - - [01/Jul/2013:05:44:56 +0800] "GET /comments.php?p=337 HTTP/1.1" 200 15511 "-" "Mozilla/4.0 (compatible; MSIE 6.0; Windows NT 5.1; SV1)"
176.31.181.226 - - [01/Jul/2013:05:44:58 +0800] "POST /wap-comments-post.php HTTP/1.1" 403 4150 "http://wap.duanyunchao.com/comments.php?p=337" "Mozilla/4.0 (compatible; MSIE 6.0; Windows NT 5.1; SV1)"
66.249.73.233 - - [01/Jul/2013:05:45:20 +0800] "GET /index-wap2.php?p=123 HTTP/1.1" 200 17942 "-" "Mozilla/5.0 (compatible; Googlebot/2.1; +http://www.google.com/bot.html)"
66.249.73.233 - - [01/Jul/2013:05:45:44 +0800] "GET /index-wap2.php?p=295 HTTP/1.1" 200 12518 "-" "Mozilla/5.0 (compatible; Googlebot/2.1; +http://www.google.com/bot.html)"
66.249.73.233 - - [01/Jul/2013:05:46:09 +0800] "GET /index-wap2.php?p=365 HTTP/1.1" 200 22169 "-" "Mozilla/5.0 (compatible; Googlebot/2.1; +http://www.google.com/bot.html)"
66.249.73.233 - - [01/Jul/2013:05:46:33 +0800] "GET /index-wap2.php?p=302 HTTP/1.1" 200 25490 "-" "Mozilla/5.0 (compatible; Googlebot/2.1; +http://www.google.com/bot.html)"
66.249.73.233 - - [01/Jul/2013:05:46:56 +0800] "GET /index-wap2.php?p=360 HTTP/1.1" 200 25190 "-" "Mozilla/5.0 (compatible; Googlebot/2.1; +http://www.google.com/bot.html)"
66.249.73.233 - - [01/Jul/2013:05:47:22 +0800] "GET /index-wap2.php?paged=17 HTTP/1.1" 200 10213 "-" "Mozilla/5.0 (compatible; Googlebot/2.1; +http://www.google.com/bot.html)"
66.249.73.233 - - [01/Jul/2013:05:47:45 +0800] "GET /index-wap2.php?tag=apache HTTP/1.1" 200 6908 "-" "Mozilla/5.0 (compatible; Googlebot/2.1; +http://www.google.com/bot.html)"
66.249.73.233 - - [01/Jul/2013:05:48:10 +0800] "GET /h%3C/a%3E%3C/li%3E%3C/ol%3E%3C/div%3E%3Cdiv%20id= HTTP/1.1" 404 - "-" "Mozilla/5.0 (compatible; Googlebot/2.1; +http://www.google.com/bot.html)"
66.249.73.233 - - [01/Jul/2013:05:48:34 +0800] "GET /comments.php?p=614 HTTP/1.1" 200 51003 "-" "Mozilla/5.0 (compatible; Googlebot/2.1; +http://www.google.com/bot.html)"
66.249.73.233 - - [01/Jul/2013:05:48:57 +0800] "GET /comments.php?p=621 HTTP/1.1" 200 73665 "-" "Mozilla/5.0 (compatible; Googlebot/2.1; +http://www.google.com/bot.html)"
66.249.73.233 - - [01/Jul/2013:05:49:24 +0800] "GET /comments.php?p=591 HTTP/1.1" 200 118035 "-" "Mozilla/5.0 (compatible; Googlebot/2.1; +http://www.google.com/bot.html)"
66.249.73.233 - - [01/Jul/2013:05:49:47 +0800] "GET /comments.php?p=625 HTTP/1.1" 200 35783 "-" "Mozilla/5.0 (compatible; Googlebot/2.1; +http://www.google.com/bot.html)"
66.249.73.233 - - [01/Jul/2013:05:50:45 +0800] "GET /comments.php?p=610 HTTP/1.1" 200 24024 "-" "Mozilla/5.0 (compatible; Googlebot/2.1; +http://www.google.com/bot.html)"
66.249.73.233 - - [01/Jul/2013:05:51:00 +0800] "GET /index-wap2.php?p=663 HTTP/1.1" 200 30194 "-" "Mozilla/5.0 (compatible; Googlebot/2.1; +http://www.google.com/bot.html)"
66.249.73.233 - - [01/Jul/2013:05:51:26 +0800] "GET /index-wap2.php?p=629 HTTP/1.1" 200 42695 "-" "Mozilla/5.0 (compatible; Googlebot/2.1; +http://www.google.com/bot.html)"
