66.249.73.233 - - [01/Jul/2013:05:52:24 +0800] "GET /index-wap2.php?p=305 HTTP/1.1" 200 9914 "-" "Mozilla/5.0 (compatible; Googlebot/2.1; +http://www.google.com/bot.html)"
66.249.73.233 - - [01/Jul/2013:05:52:28 +0800] "GET /index-wap2.php?p=121 HTTP/1.1" 200 6695 "-" "Mozilla/5.0 (compatible; Googlebot/2.1; +http://www.google.com/bot.html)"
66.249.73.233 - - [01/Jul/2013:05:53:24 +0800] "GET /index-wap2.php?p=125 HTTP/1.1" 200 16852 "-" "Mozilla/5.0 (compatible; Googlebot/2.1; +http://www.google.com/bot.html)"
66.249.73.233 - - [01/Jul/2013:05:55:16 +0800] "GET /index-wap2.php?p=293 HTTP/1.1" 200 13644 "-" "Mozilla/5.0 (compatible; Googlebot/2.1; +http://www.google.com/bot.html)"
66.249.73.233 - - [01/Jul/2013:05:57:41 +0800] "GET /index-wap2.php?p=357 HTTP/1.1" 200 5313 "-" "Mozilla/5.0 (compatible; Googlebot/2.1; +http://www.google.com/bot.html)"
66.249.73.233 - - [01/Jul/2013:06:00:01 +0800] "GET /comments.php?p=44 HTTP/1.1" 200 28514 "-" "Mozilla/5.0 (compatible; Googlebot/2.1; +http://www.google.com/bot.html)"
66.249.73.233 - - [01/Jul/2013:06:01:12 +0800] "GET /index-wap2.php?p=44 HTTP/1.1" 200 10496 "-" "Mozilla/5.0 (compatible; Googlebot/2.1; +http://www.google.com/bot.html)"
66.249.73.233 - - [01/Jul/2013:06:03:00 +0800] "GET /index-wap2.php?p=119 HTTP/1.1" 200 11887 "-" "Mozilla/5.0 (compatible; Googlebot/2.1; +http://www.google.com/bot.html)"
66.249.73.233 - - [01/Jul/2013:06:03:01 +0800] "GET /index-wap2.php?p=308 HTTP/1.1" 200 46326 "-" "Mozilla/5.0 (compatible; Googlebot/2.1; +http://www.google.com/bot.html)"
66.249.73.233 - - [01/Jul/2013:06:03:04 +0800] "GET /index-wap2.php?p=291 HTTP/1.1" 200 12529 "-" "Mozilla/5.0 (compatible; Googlebot/2.1; +http://www.google.com/bot.html)"
91.121.176.101 - - [01/Jul/2013:06:11:12 +0800] "GET /comments.php?p=327 HTTP/1.1" 200 56228 "-" "Mozilla/4.0 (compatible; MSIE 6.0; Windows NT 5.1; SV1)"
91.121.176.101 - - [01/Jul/2013:06:11:13 +0800] "POST /wap-comments-post.php HTTP/1.1" 302 - "http://wap.duanyunchao.com/comments.php?p=327" "Mozilla/4.0 (compatible; MSIE 6.0; Windows NT 5.1; SV1)"
91.121.176.101 - - [01/Jul/2013:06:11:15 +0800] "GET /comments.php?p=327 HTTP/1.1" 200 56580 "http://wap.duanyunchao.com/comments.php?p=327" "Mozilla/4.0 (compatible; MSIE 6.0; Windows NT 5.1; SV1)"
192.74.240.106 - - [01/Jul/2013:06:12:28 +0800] "GET /comments.php?p=585 HTTP/1.0" 200 831180 "http://wap.duanyunchao.com/comments.php?p=585#comment-64026" "Mozilla/5.0 (Windows NT 5.1) AppleWebKit/537.11 (KHTML, like Gecko) Chrome/23.0.1271.91 Safari/537.11"
176.31.181.226 - - [01/Jul/2013:06:14:30 +0800] "GET /comments.php?p=424 HTTP/1.1" 200 45282 "-" "Mozilla/4.0 (compatible; MSIE 6.0; Windows NT 5.1; SV1)"
176.31.181.226 - - [01/Jul/2013:06:14:32 +0800] "POST /wap-comments-post.php HTTP/1.1" 302 - "http://wap.duanyunchao.com/comments.php?p=424" "Mozilla/4.0 (compatible; MSIE 6.0; Windows NT 5.1; SV1)"
176.31.181.226 - - [01/Jul/2013:06:14:33 +0800] "GET /comments.php?p=424 HTTP/1.1" 200 45676 "http://wap.duanyunchao.com/comments.php?p=424" "Mozilla/4.0 (compatible; MSIE 6.0; Windows NT 5.1; SV1)"
176.31.181.226 - - [01/Jul/2013:06:16:56 +0800] "GET /comments.php?p=234 HTTP/1.1" 200 47857 "-" "Mozilla/4.0 (compatible; MSIE 6.0; Windows NT 5.1; SV1)"
176.31.181.226 - - [01/Jul/2013:06:16:59 +0800] "POST /wap-comments-post.php HTTP/1.1" 302 - "http://wap.duanyunchao.com/comments.php?p=234" "Mozilla/4.0 (compatible; MSIE 6.0; Windows NT 5.1; SV1)"
176.31.181.226 - - [01/Jul/2013:06:17:00 +0800] "GET /comments.php?p=234 HTTP/1.1" 200 48231 "http://wap.duanyunchao.com/comments.php?p=234" "Mozilla/4.0 (compatible; MSIE 6.0; Windows NT 5.1; SV1)"
176.31.181.226 - - [01/Jul/2013:06:17:38 +0800] "GET /comments.php?p=289 HTTP/1.1" 200 19939 "-" "Mozilla/4.0 (compatible; MSIE 6.0; Windows NT 5.1; SV1)"
176.31.181.226 - - [01/Jul/2013:06:17:39 +0800] "POST /wap-comments-post.php HTTP/1.1" 302 - "http://wap.duanyunchao.com/comments.php?p=289" "Mozilla/4.0 (compatible; MSIE 6.0; Windows NT 5.1; SV1)"
176.31.181.226 - - [01/Jul/2013:06:17:40 +0800] "GET /comments.php?p=289 HTTP/1.1" 200 20325 "http://wap.duanyunchao.com/comments.php?p=289" "Mozilla/4.0 (compatible; MSIE 6.0; Windows NT 5.1; SV1)"
94.242.237.28 - - [01/Jul/2013:06:24:47 +0800] "GET /comments.php?p=585 HTTP/1.1" 200 230603 "-" "Mozilla/4.0 (compatible; MSIE 6.0; Windows NT 5.1; SV1)"
94.242.237.28 - - [01/Jul/2013:06:24:52 +0800] "GET /index-wap2.php HTTP/1.1" 200 10317 "-" "Mozilla/4.0 (compatible; MSIE 6.0; Windows NT 5.1; SV1)"
94.242.237.28 - - [01/Jul/2013:06:24:57 +0800] "GET /index-wap2.php?p=585 HTTP/1.1" 200 10470 "-" "Mozilla/4.0 (compatible; MSIE 6.0; Windows NT 5.1; SV1)"
94.242.237.28 - - [01/Jul/2013:06:24:57 +0800] "GET /comments.php?p=585 HTTP/1.1" 200 271219 "-" "Mozilla/4.0 (compatible; MSIE 6.0; Windows NT 5.1; SV1)"
94.242.237.28 - - [01/Jul/2013:06:24:59 +0800] "GET /index-wap2.php HTTP/1.1" 200 10299 "-" "Mozilla/4.0 (compatible; MSIE 6.0; Windows NT 5.1; SV1)"
94.242.237.28 - - [01/Jul/2013:06:25:03 +0800] "GET /index-wap2.php?p=585 HTTP/1.1" 200 10470 "-" "Mozilla/4.0 (compatible; MSIE 6.0; Windows NT 5.1; SV1)"
91.121.176.101 - - [01/Jul/2013:06:26:57 +0800] "GET /comments.php?p=636 HTTP/1.1" 200 24438 "-" "Mozilla/4.0 (compatible; MSIE 6.0; Windows NT 5.1; SV1)"
91.121.176.101 - - [01/Jul/2013:06:26:58 +0800] "POST /wap-comments-post.php HTTP/1.1" 302 - "http://wap.duanyunchao.com/comments.php?p=636" "Mozilla/4.0 (compatible; MSIE 6.0; Windows NT 5.1; SV1)"
91.121.176.101 - - [01/Jul/2013:06:26:59 +0800] "GET /comments.php?p=636 HTTP/1.1" 200 24799 "http://wap.duanyunchao.com/comments.php?p=636" "Mozilla/4.0 (compatible; MSIE 6.0; Windows NT 5.1; SV1)"
91.121.176.101 - - [01/Jul/2013:06:33:57 +0800] "GET /comments.php?p=515 HTTP/1.1" 200 35557 "-" "Mozilla/4.0 (compatible; MSIE 6.0; Windows NT 5.1; SV1)"
91.121.176.101 - - [01/Jul/2013:06:34:01 +0800] "POST /wap-comments-post.php HTTP/1.1" 302 - "http://wap.duanyunchao.com/comments.php?p=515" "Mozilla/4.0 (compatible; MSIE 6.0; Windows NT 5.1; SV1)"
91.121.176.101 - - [01/Jul/2013:06:34:02 +0800] "GET /comments.php?p=515 HTTP/1.1" 200 35918 "http://wap.duanyunchao.com/comments.php?p=515" "Mozilla/4.0 (compatible; MSIE 6.0; Windows NT 5.1; SV1)"
192.74.240.106 - - [01/Jul/2013:06:37:00 +0800] "GET /comments.php?p=585 HTTP/1.0" 200 878274 "http://wap.duanyunchao.com/comments.php?p=585#comment-64026" "Mozilla/5.0 (Windows NT 5.1) AppleWebKit/537.4 (KHTML, like Gecko) Chrome/22.0.1229.79 Safari/537.4"
91.121.176.101 - - [01/Jul/2013:06:39:00 +0800] "GET /comments.php?p=497 HTTP/1.1" 200 50749 "-" "Mozilla/4.0 (compatible; MSIE 6.0; Windows NT 5.1; SV1)"
91.121.176.101 - - [01/Jul/2013:06:39:02 +0800] "POST /wap-comments-post.php HTTP/1.1" 302 - "http://wap.duanyunchao.com/comments.php?p=497" "Mozilla/4.0 (compatible; MSIE 6.0; Windows NT 5.1; SV1)"
91.121.176.101 - - [01/Jul/2013:06:39:03 +0800] "GET /comments.php?p=497 HTTP/1.1" 200 51109 "http://wap.duanyunchao.com/comments.php?p=497" "Mozilla/4.0 (compatible; MSIE 6.0; Windows NT 5.1; SV1)"
91.121.176.101 - - [01/Jul/2013:06:39:23 +0800] "GET /comments.php?p=210 HTTP/1.1" 200 28610 "-" "Mozilla/4.0 (compatible; MSIE 6.0; Windows NT 5.1; SV1)"
91.121.176.101 - - [01/Jul/2013:06:39:24 +0800] "POST /wap-comments-post.php HTTP/1.1" 302 - "http://wap.duanyunchao.com/comments.php?p=210" "Mozilla/4.0 (compatible; MSIE 6.0; Windows NT 5.1; SV1)"
91.121.176.101 - - [01/Jul/2013:06:39:25 +0800] "GET /comments.php?p=210 HTTP/1.1" 200 28969 "http://wap.duanyunchao.com/comments.php?p=210" "Mozilla/4.0 (compatible; MSIE 6.0; Windows NT 5.1; SV1)"
192.74.240.106 - - [01/Jul/2013:06:41:35 +0800] "GET /comments.php?p=585 HTTP/1.0" 200 831125 "http://wap.duanyunchao.com/comments.php?p=585#comment-64026" "Opera/9.80 (Windows NT 5.1; U; YB/3.5.1; ru) Presto/2.10.229 Version/11.64"
176.31.181.226 - - [01/Jul/2013:06:49:50 +0800] "GET /comments.php?p=152 HTTP/1.1" 200 22381 "-" "Mozilla/4.0 (compatible; MSIE 6.0; Windows NT 5.1; SV1)"
176.31.181.226 - - [01/Jul/2013:06:49:52 +0800] "POST /wap-comments-post.php HTTP/1.1" 302 - "http://wap.duanyunchao.com/comments.php?p=152" "Mozilla/4.0 (compatible; MSIE 6.0; Windows NT 5.1; SV1)"
176.31.181.226 - - [01/Jul/2013:06:49:53 +0800] "GET /comments.php?p=152 HTTP/1.1" 200 22742 "http://wap.duanyunchao.com/comments.php?p=152" "Mozilla/4.0 (compatible; MSIE 6.0; Windows NT 5.1; SV1)"
91.121.176.101 - - [01/Jul/2013:07:04:51 +0800] "GET /comments.php?p=129 HTTP/1.1" 200 32416 "-" "Mozilla/4.0 (compatible; MSIE 6.0; Windows NT 5.1; SV1)"
91.121.176.101 - - [01/Jul/2013:07:04:52 +0800] "POST /wap-comments-post.php HTTP/1.1" 302 - "http://wap.duanyunchao.com/comments.php?p=129" "Mozilla/4.0 (compatible; MSIE 6.0; Windows NT 5.1; SV1)"
91.121.176.101 - - [01/Jul/2013:07:04:53 +0800] "GET /comments.php?p=129 HTTP/1.1" 200 32791 "http://wap.duanyunchao.com/comments.php?p=129" "Mozilla/4.0 (compatible; MSIE 6.0; Windows NT 5.1; SV1)"
176.31.181.226 - - [01/Jul/2013:07:17:56 +0800] "GET /comments.php?p=408 HTTP/1.1" 200 44046 "-" "Mozilla/4.0 (compatible; MSIE 6.0; Windows NT 5.1; SV1)"
176.31.181.226 - - [01/Jul/2013:07:17:57 +0800] "POST /wap-comments-post.php HTTP/1.1" 302 - "http://wap.duanyunchao.com/comments.php?p=408" "Mozilla/4.0 (compatible; MSIE 6.0; Windows NT 5.1; SV1)"
176.31.181.226 - - [01/Jul/2013:07:17:59 +0800] "GET /comments.php?p=408 HTTP/1.1" 200 44422 "http://wap.duanyunchao.com/comments.php?p=408" "Mozilla/4.0 (compatible; MSIE 6.0; Windows NT 5.1; SV1)"
192.74.240.106 - - [01/Jul/2013:07:21:19 +0800] "GET /comments.php?p=585 HTTP/1.0" 200 831091 "http://wap.duanyunchao.com/comments.php?p=585#comment-64026" "Opera/9.80 (Windows NT 5.1; U; ru) Presto/2.9.168 Version/11.50"
91.121.176.113 - - [01/Jul/2013:07:25:53 +0800] "GET /comments.php?p=76 HTTP/1.1" 200 62213 "-" "Mozilla/4.0 (compatible; MSIE 6.0; Windows NT 5.1; SV1)"
109.73.78.99 - - [01/Jul/2013:07:25:40 +0800] "GET /comments.php?p=585 HTTP/1.1" 200 1284337 "-" "Mozilla/4.0 (compatible; MSIE 6.0; Windows NT 5.1; SV1; FunWebProducts; MRA 4.6 (build 01425); .NET CLR 1.1.4322; .NET CLR 2.0.50727)"
91.121.176.113 - - [01/Jul/2013:07:25:55 +0800] "POST /wap-comments-post.php HTTP/1.1" 302 - "http://wap.duanyunchao.com/comments.php?p=76" "Mozilla/4.0 (compatible; MSIE 6.0; Windows NT 5.1; SV1)"
109.73.78.99 - - [01/Jul/2013:07:26:03 +0800] "POST /wap-comments-post.php HTTP/1.1" 302 - "http://wap.duanyunchao.com/comments.php?p=585" "Mozilla/4.0 (compatible; MSIE 6.0; Windows NT 5.1; SV1; FunWebProducts; MRA 4.6 (build 01425); .NET CLR 1.1.4322; .NET CLR 2.0.50727)"
91.121.176.113 - - [01/Jul/2013:07:26:05 +0800] "GET /comments.php?p=76 HTTP/1.1" 200 62885 "http://wap.duanyunchao.com/comments.php?p=76" "Mozilla/4.0 (compatible; MSIE 6.0; Windows NT 5.1; SV1)"
109.73.78.99 - - [01/Jul/2013:07:26:04 +0800] "GET /comments.php?p=585 HTTP/1.1" 200 1285044 "http://wap.duanyunchao.com/comments.php?p=585" "Mozilla/4.0 (compatible; MSIE 6.0; Windows NT 5.1; SV1; FunWebProducts; MRA 4.6 (build 01425); .NET CLR 1.1.4322; .NET CLR 2.0.50727)"
176.31.181.226 - - [01/Jul/2013:07:27:32 +0800] "GET /comments.php?p=629 HTTP/1.1" 200 20801 "-" "Mozilla/4.0 (compatible; MSIE 6.0; Windows NT 5.1; SV1)"
176.31.181.226 - - [01/Jul/2013:07:27:34 +0800] "POST /wap-comments-post.php HTTP/1.1" 302 - "http://wap.duanyunchao.com/comments.php?p=629" "Mozilla/4.0 (compatible; MSIE 6.0; Windows NT 5.1; SV1)"
176.31.181.226 - - [01/Jul/2013:07:27:35 +0800] "GET /comments.php?p=629 HTTP/1.1" 200 21144 "http://wap.duanyunchao.com/comments.php?p=629" "Mozilla/4.0 (compatible; MSIE 6.0; Windows NT 5.1; SV1)"
91.121.176.101 - - [01/Jul/2013:07:28:45 +0800] "GET /comments.php?p=670 HTTP/1.1" 200 25811 "-" "Mozilla/4.0 (compatible; MSIE 6.0; Windows NT 5.1; SV1)"
91.121.176.101 - - [01/Jul/2013:07:28:47 +0800] "POST /wap-comments-post.php HTTP/1.1" 302 - "http://wap.duanyunchao.com/comments.php?p=670" "Mozilla/4.0 (compatible; MSIE 6.0; Windows NT 5.1; SV1)"
91.121.176.101 - - [01/Jul/2013:07:28:48 +0800] "GET /comments.php?p=670 HTTP/1.1" 200 26181 "http://wap.duanyunchao.com/comments.php?p=670" "Mozilla/4.0 (compatible; MSIE 6.0; Windows NT 5.1; SV1)"
176.31.181.226 - - [01/Jul/2013:07:31:43 +0800] "GET /comments.php?p=617 HTTP/1.1" 200 29843 "-" "Mozilla/4.0 (compatible; MSIE 6.0; Windows NT 5.1; SV1)"
176.31.181.226 - - [01/Jul/2013:07:31:44 +0800] "POST /wap-comments-post.php HTTP/1.1" 302 - "http://wap.duanyunchao.com/comments.php?p=617" "Mozilla/4.0 (compatible; MSIE 6.0; Windows NT 5.1; SV1)"
176.31.181.226 - - [01/Jul/2013:07:31:46 +0800] "GET /comments.php?p=617 HTTP/1.1" 200 30220 "http://wap.duanyunchao.com/comments.php?p=617" "Mozilla/4.0 (compatible; MSIE 6.0; Windows NT 5.1; SV1)"
91.121.176.108 - - [01/Jul/2013:07:31:52 +0800] "GET /comments.php?p=276 HTTP/1.1" 200 72505 "-" "Mozilla/4.0 (compatible; MSIE 6.0; Windows NT 5.1; SV1)"
91.121.176.108 - - [01/Jul/2013:07:31:54 +0800] "POST /wap-comments-post.php HTTP/1.1" 302 - "http://wap.duanyunchao.com/comments.php?p=276" "Mozilla/4.0 (compatible; MSIE 6.0; Windows NT 5.1; SV1)"
91.121.176.108 - - [01/Jul/2013:07:31:55 +0800] "GET /comments.php?p=276 HTTP/1.1" 200 73179 "http://wap.duanyunchao.com/comments.php?p=276" "Mozilla/4.0 (compatible; MSIE 6.0; Windows NT 5.1; SV1)"
91.121.176.101 - - [01/Jul/2013:07:31:55 +0800] "GET /comments.php?p=311 HTTP/1.1" 200 47349 "-" "Mozilla/4.0 (compatible; MSIE 6.0; Windows NT 5.1; SV1)"
91.121.176.101 - - [01/Jul/2013:07:31:57 +0800] "POST /wap-comments-post.php HTTP/1.1" 302 - "http://wap.duanyunchao.com/comments.php?p=311" "Mozilla/4.0 (compatible; MSIE 6.0; Windows NT 5.1; SV1)"
91.121.176.101 - - [01/Jul/2013:07:31:58 +0800] "GET /comments.php?p=311 HTTP/1.1" 200 47719 "http://wap.duanyunchao.com/comments.php?p=311" "Mozilla/4.0 (compatible; MSIE 6.0; Windows NT 5.1; SV1)"
91.121.176.108 - - [01/Jul/2013:07:34:45 +0800] "GET /comments.php?p=436 HTTP/1.1" 200 29521 "-" "Mozilla/4.0 (compatible; MSIE 6.0; Windows NT 5.1; SV1)"
91.121.176.108 - - [01/Jul/2013:07:34:47 +0800] "POST /wap-comments-post.php HTTP/1.1" 302 - "http://wap.duanyunchao.com/comments.php?p=436" "Mozilla/4.0 (compatible; MSIE 6.0; Windows NT 5.1; SV1)"
91.121.176.108 - - [01/Jul/2013:07:34:48 +0800] "GET /comments.php?p=436 HTTP/1.1" 200 30207 "http://wap.duanyunchao.com/comments.php?p=436" "Mozilla/4.0 (compatible; MSIE 6.0; Windows NT 5.1; SV1)"
91.121.176.101 - - [01/Jul/2013:07:35:04 +0800] "GET /comments.php?p=102 HTTP/1.1" 200 44219 "-" "Mozilla/4.0 (compatible; MSIE 6.0; Windows NT 5.1; SV1)"
91.121.176.101 - - [01/Jul/2013:07:35:08 +0800] "POST /wap-comments-post.php HTTP/1.1" 302 - "http://wap.duanyunchao.com/comments.php?p=102" "Mozilla/4.0 (compatible; MSIE 6.0; Windows NT 5.1; SV1)"
91.121.176.101 - - [01/Jul/2013:07:35:08 +0800] "GET /comments.php?p=102 HTTP/1.1" 200 44569 "http://wap.duanyunchao.com/comments.php?p=102" "Mozilla/4.0 (compatible; MSIE 6.0; Windows NT 5.1; SV1)"
176.31.181.226 - - [01/Jul/2013:07:39:35 +0800] "GET /comments.php?p=197 HTTP/1.1" 200 25157 "-" "Mozilla/4.0 (compatible; MSIE 6.0; Windows NT 5.1; SV1)"
176.31.181.226 - - [01/Jul/2013:07:39:36 +0800] "POST /wap-comments-post.php HTTP/1.1" 302 - "http://wap.duanyunchao.com/comments.php?p=197" "Mozilla/4.0 (compatible; MSIE 6.0; Windows NT 5.1; SV1)"
176.31.181.226 - - [01/Jul/2013:07:39:37 +0800] "GET /comments.php?p=197 HTTP/1.1" 200 25514 "http://wap.duanyunchao.com/comments.php?p=197" "Mozilla/4.0 (compatible; MSIE 6.0; Windows NT 5.1; SV1)"
91.121.176.108 - - [01/Jul/2013:07:44:02 +0800] "GET /comments.php?p=632 HTTP/1.1" 200 82195 "-" "Mozilla/4.0 (compatible; MSIE 6.0; Windows NT 5.1; SV1)"
91.121.176.108 - - [01/Jul/2013:07:44:03 +0800] "POST /wap-comments-post.php HTTP/1.1" 302 - "http://wap.duanyunchao.com/comments.php?p=632" "Mozilla/4.0 (compatible; MSIE 6.0; Windows NT 5.1; SV1)"
91.121.176.108 - - [01/Jul/2013:07:44:04 +0800] "GET /comments.php?p=632 HTTP/1.1" 200 82878 "http://wap.duanyunchao.com/comments.php?p=632" "Mozilla/4.0 (compatible; MSIE 6.0; Windows NT 5.1; SV1)"
91.121.176.113 - - [01/Jul/2013:07:44:47 +0800] "GET /comments.php?p=390 HTTP/1.1" 200 32620 "-" "Mozilla/4.0 (compatible; MSIE 6.0; Windows NT 5.1; SV1)"
91.121.176.113 - - [01/Jul/2013:07:44:49 +0800] "POST /wap-comments-post.php HTTP/1.1" 302 - "http://wap.duanyunchao.com/comments.php?p=390" "Mozilla/4.0 (compatible; MSIE 6.0; Windows NT 5.1; SV1)"
91.121.176.113 - - [01/Jul/2013:07:44:49 +0800] "GET /comments.php?p=390 HTTP/1.1" 200 33306 "http://wap.duanyunchao.com/comments.php?p=390" "Mozilla/4.0 (compatible; MSIE 6.0; Windows NT 5.1; SV1)"
192.74.240.106 - - [01/Jul/2013:07:45:49 +0800] "GET /comments.php?p=585 HTTP/1.0" 200 831040 "http://wap.duanyunchao.com/comments.php?p=585#comment-64026" "Mozilla/5.0 (X11; Linux i686) AppleWebKit/537.11 (KHTML, like Gecko) Chrome/23.0.1271.64 Safari/537.11"
66.249.73.233 - - [01/Jul/2013:07:48:41 +0800] "GET / HTTP/1.1" 200 57 "-" "SAMSUNG-SGH-E250/1.0 Profile/MIDP-2.0 Configuration/CLDC-1.1 UP.Browser/6.2.3.3.c.1.101 (GUI) MMP/2.0 (compatible; Googlebot-Mobile/2.1; +http://www.google.com/bot.html)"
66.249.73.233 - - [01/Jul/2013:07:48:42 +0800] "GET /index-wap2.php HTTP/1.1" 200 10297 "-" "SAMSUNG-SGH-E250/1.0 Profile/MIDP-2.0 Configuration/CLDC-1.1 UP.Browser/6.2.3.3.c.1.101 (GUI) MMP/2.0 (compatible; Googlebot-Mobile/2.1; +http://www.google.com/bot.html)"
192.74.240.106 - - [01/Jul/2013:07:48:49 +0800] "GET /comments.php?p=585 HTTP/1.0" 200 831125 "http://wap.duanyunchao.com/comments.php?p=585#comment-64026" "Opera/9.80 (Windows NT 6.1; U; Edition Next; ru) Presto/2.11.310 Version/12.50"
91.121.176.101 - - [01/Jul/2013:07:50:05 +0800] "GET /comments.php?p=610 HTTP/1.1" 200 24024 "-" "Mozilla/4.0 (compatible; MSIE 6.0; Windows NT 5.1; SV1)"
91.121.176.101 - - [01/Jul/2013:07:50:06 +0800] "POST /wap-comments-post.php HTTP/1.1" 302 - "http://wap.duanyunchao.com/comments.php?p=610" "Mozilla/4.0 (compatible; MSIE 6.0; Windows NT 5.1; SV1)"
91.121.176.101 - - [01/Jul/2013:07:50:07 +0800] "GET /comments.php?p=610 HTTP/1.1" 200 24378 "http://wap.duanyunchao.com/comments.php?p=610" "Mozilla/4.0 (compatible; MSIE 6.0; Windows NT 5.1; SV1)"
94.242.237.28 - - [01/Jul/2013:07:51:07 +0800] "GET /comments.php?p=585 HTTP/1.1" 200 230010 "-" "Mozilla/4.0 (compatible; MSIE 6.0; Windows NT 5.1; SV1)"
94.242.237.28 - - [01/Jul/2013:07:51:10 +0800] "GET /index-wap2.php HTTP/1.1" 200 10254 "-" "Mozilla/4.0 (compatible; MSIE 6.0; Windows NT 5.1; SV1)"
94.242.237.28 - - [01/Jul/2013:07:51:13 +0800] "GET /index-wap2.php?p=585 HTTP/1.1" 200 10470 "-" "Mozilla/4.0 (compatible; MSIE 6.0; Windows NT 5.1; SV1)"
94.242.237.28 - - [01/Jul/2013:07:51:21 +0800] "GET /comments.php?p=585 HTTP/1.1" 200 276927 "-" "Mozilla/4.0 (compatible; MSIE 6.0; Windows NT 5.1; SV1)"
94.242.237.28 - - [01/Jul/2013:07:51:24 +0800] "GET /index-wap2.php HTTP/1.1" 200 10254 "-" "Mozilla/4.0 (compatible; MSIE 6.0; Windows NT 5.1; SV1)"
94.242.237.28 - - [01/Jul/2013:07:51:25 +0800] "GET /index-wap2.php?p=585 HTTP/1.1" 200 10470 "-" "Mozilla/4.0 (compatible; MSIE 6.0; Windows NT 5.1; SV1)"
66.249.73.233 - - [01/Jul/2013:07:58:13 +0800] "GET /comments.php?p=688 HTTP/1.1" 200 71350 "-" "SAMSUNG-SGH-E250/1.0 Profile/MIDP-2.0 Configuration/CLDC-1.1 UP.Browser/6.2.3.3.c.1.101 (GUI) MMP/2.0 (compatible; Googlebot-Mobile/2.1; +http://www.google.com/bot.html)"
66.249.73.233 - - [01/Jul/2013:07:58:15 +0800] "GET /comments.php?p=41 HTTP/1.1" 200 54020 "-" "SAMSUNG-SGH-E250/1.0 Profile/MIDP-2.0 Configuration/CLDC-1.1 UP.Browser/6.2.3.3.c.1.101 (GUI) MMP/2.0 (compatible; Googlebot-Mobile/2.1; +http://www.google.com/bot.html)"
66.249.73.233 - - [01/Jul/2013:08:00:40 +0800] "GET /index-wap2.php?p=691 HTTP/1.1" 200 6795 "-" "Mozilla/5.0 (compatible; Googlebot/2.1; +http://www.google.com/bot.html)"
91.121.176.113 - - [01/Jul/2013:08:02:10 +0800] "GET /comments.php?p=108 HTTP/1.1" 200 25513 "-" "Mozilla/4.0 (compatible; MSIE 6.0; Windows NT 5.1; SV1)"
91.121.176.113 - - [01/Jul/2013:08:02:11 +0800] "POST /wap-comments-post.php HTTP/1.1" 302 - "http://wap.duanyunchao.com/comments.php?p=108" "Mozilla/4.0 (compatible; MSIE 6.0; Windows NT 5.1; SV1)"
91.121.176.113 - - [01/Jul/2013:08:02:13 +0800] "GET /comments.php?p=108 HTTP/1.1" 200 26221 "http://wap.duanyunchao.com/comments.php?p=108" "Mozilla/4.0 (compatible; MSIE 6.0; Windows NT 5.1; SV1)"
91.121.176.113 - - [01/Jul/2013:08:02:23 +0800] "GET /comments.php?p=68 HTTP/1.1" 200 26349 "-" "Mozilla/4.0 (compatible; MSIE 6.0; Windows NT 5.1; SV1)"
91.121.176.113 - - [01/Jul/2013:08:02:25 +0800] "POST /wap-comments-post.php HTTP/1.1" 403 4150 "http://wap.duanyunchao.com/comments.php?p=68" "Mozilla/4.0 (compatible; MSIE 6.0; Windows NT 5.1; SV1)"
176.31.181.226 - - [01/Jul/2013:08:09:25 +0800] "GET /comments.php?p=469 HTTP/1.1" 200 24120 "-" "Mozilla/4.0 (compatible; MSIE 6.0; Windows NT 5.1; SV1)"
176.31.181.226 - - [01/Jul/2013:08:09:26 +0800] "POST /wap-comments-post.php HTTP/1.1" 302 - "http://wap.duanyunchao.com/comments.php?p=469" "Mozilla/4.0 (compatible; MSIE 6.0; Windows NT 5.1; SV1)"
176.31.181.226 - - [01/Jul/2013:08:09:30 +0800] "GET /comments.php?p=469 HTTP/1.1" 200 24502 "http://wap.duanyunchao.com/comments.php?p=469" "Mozilla/4.0 (compatible; MSIE 6.0; Windows NT 5.1; SV1)"
91.121.176.113 - - [01/Jul/2013:08:10:41 +0800] "GET /comments.php?p=298 HTTP/1.1" 200 71620 "-" "Mozilla/4.0 (compatible; MSIE 6.0; Windows NT 5.1; SV1)"
91.121.176.113 - - [01/Jul/2013:08:10:43 +0800] "POST /wap-comments-post.php HTTP/1.1" 302 - "http://wap.duanyunchao.com/comments.php?p=298" "Mozilla/4.0 (compatible; MSIE 6.0; Windows NT 5.1; SV1)"
91.121.176.113 - - [01/Jul/2013:08:10:44 +0800] "GET /comments.php?p=298 HTTP/1.1" 200 72285 "http://wap.duanyunchao.com/comments.php?p=298" "Mozilla/4.0 (compatible; MSIE 6.0; Windows NT 5.1; SV1)"
91.121.176.101 - - [01/Jul/2013:08:11:39 +0800] "GET /comments.php?p=575 HTTP/1.1" 200 68391 "-" "Mozilla/4.0 (compatible; MSIE 6.0; Windows NT 5.1; SV1)"
91.121.176.101 - - [01/Jul/2013:08:11:40 +0800] "POST /wap-comments-post.php HTTP/1.1" 302 - "http://wap.duanyunchao.com/comments.php?p=575" "Mozilla/4.0 (compatible; MSIE 6.0; Windows NT 5.1; SV1)"
91.121.176.101 - - [01/Jul/2013:08:11:41 +0800] "GET /comments.php?p=575 HTTP/1.1" 200 68760 "http://wap.duanyunchao.com/comments.php?p=575" "Mozilla/4.0 (compatible; MSIE 6.0; Windows NT 5.1; SV1)"
91.121.176.101 - - [01/Jul/2013:08:13:13 +0800] "GET /comments.php?p=158 HTTP/1.1" 200 34218 "-" "Mozilla/4.0 (compatible; MSIE 6.0; Windows NT 5.1; SV1)"
91.121.176.101 - - [01/Jul/2013:08:13:16 +0800] "POST /wap-comments-post.php HTTP/1.1" 302 - "http://wap.duanyunchao.com/comments.php?p=158" "Mozilla/4.0 (compatible; MSIE 6.0; Windows NT 5.1; SV1)"
91.121.176.101 - - [01/Jul/2013:08:13:17 +0800] "GET /comments.php?p=158 HTTP/1.1" 200 34574 "http://wap.duanyunchao.com/comments.php?p=158" "Mozilla/4.0 (compatible; MSIE 6.0; Windows NT 5.1; SV1)"
91.121.176.113 - - [01/Jul/2013:08:15:24 +0800] "GET /comments.php?p=691 HTTP/1.1" 200 36740 "-" "Mozilla/4.0 (compatible; MSIE 6.0; Windows NT 5.1; SV1)"
91.121.176.113 - - [01/Jul/2013:08:15:25 +0800] "POST /wap-comments-post.php HTTP/1.1" 302 - "http://wap.duanyunchao.com/comments.php?p=691" "Mozilla/4.0 (compatible; MSIE 6.0; Windows NT 5.1; SV1)"
91.121.176.113 - - [01/Jul/2013:08:15:28 +0800] "GET /comments.php?p=691 HTTP/1.1" 200 37448 "http://wap.duanyunchao.com/comments.php?p=691" "Mozilla/4.0 (compatible; MSIE 6.0; Windows NT 5.1; SV1)"
66.249.73.233 - - [01/Jul/2013:08:16:00 +0800] "GET /index-wap2.php?paged=18 HTTP/1.1" 200 8224 "-" "Mozilla/5.0 (compatible; Googlebot/2.1; +http://www.google.com/bot.html)"
91.121.176.101 - - [01/Jul/2013:08:16:10 +0800] "GET /comments.php?p=621 HTTP/1.1" 200 74071 "-" "Mozilla/4.0 (compatible; MSIE 6.0; Windows NT 5.1; SV1)"
91.121.176.101 - - [01/Jul/2013:08:16:15 +0800] "POST /wap-comments-post.php HTTP/1.1" 302 - "http://wap.duanyunchao.com/comments.php?p=621" "Mozilla/4.0 (compatible; MSIE 6.0; Windows NT 5.1; SV1)"
91.121.176.101 - - [01/Jul/2013:08:16:16 +0800] "GET /comments.php?p=621 HTTP/1.1" 200 74431 "http://wap.duanyunchao.com/comments.php?p=621" "Mozilla/4.0 (compatible; MSIE 6.0; Windows NT 5.1; SV1)"
91.121.176.101 - - [01/Jul/2013:08:16:44 +0800] "GET /comments.php?p=213 HTTP/1.1" 200 24971 "-" "Mozilla/4.0 (compatible; MSIE 6.0; Windows NT 5.1; SV1)"
91.121.176.101 - - [01/Jul/2013:08:16:45 +0800] "POST /wap-comments-post.php HTTP/1.1" 302 - "http://wap.duanyunchao.com/comments.php?p=213" "Mozilla/4.0 (compatible; MSIE 6.0; Windows NT 5.1; SV1)"
91.121.176.101 - - [01/Jul/2013:08:16:46 +0800] "GET /comments.php?p=213 HTTP/1.1" 200 25340 "http://wap.duanyunchao.com/comments.php?p=213" "Mozilla/4.0 (compatible; MSIE 6.0; Windows NT 5.1; SV1)"
91.121.176.108 - - [01/Jul/2013:08:17:09 +0800] "GET /comments.php?p=568 HTTP/1.1" 200 52664 "-" "Mozilla/4.0 (compatible; MSIE 6.0; Windows NT 5.1; SV1)"
91.121.176.108 - - [01/Jul/2013:08:17:11 +0800] "POST /wap-comments-post.php HTTP/1.1" 302 - "http://wap.duanyunchao.com/comments.php?p=568" "Mozilla/4.0 (compatible; MSIE 6.0; Windows NT 5.1; SV1)"
91.121.176.108 - - [01/Jul/2013:08:17:12 +0800] "GET /comments.php?p=568 HTTP/1.1" 200 53311 "http://wap.duanyunchao.com/comments.php?p=568" "Mozilla/4.0 (compatible; MSIE 6.0; Windows NT 5.1; SV1)"
66.249.73.233 - - [01/Jul/2013:08:17:40 +0800] "GET /index-wap2.php?p=714 HTTP/1.1" 200 12108 "-" "Mozilla/5.0 (compatible; Googlebot/2.1; +http://www.google.com/bot.html)"
91.121.176.108 - - [01/Jul/2013:08:18:06 +0800] "GET /comments.php?p=667 HTTP/1.1" 200 39876 "-" "Mozilla/4.0 (compatible; MSIE 6.0; Windows NT 5.1; SV1)"
91.121.176.108 - - [01/Jul/2013:08:18:07 +0800] "POST /wap-comments-post.php HTTP/1.1" 302 - "http://wap.duanyunchao.com/comments.php?p=667" "Mozilla/4.0 (compatible; MSIE 6.0; Windows NT 5.1; SV1)"
91.121.176.108 - - [01/Jul/2013:08:18:08 +0800] "GET /comments.php?p=667 HTTP/1.1" 200 40523 "http://wap.duanyunchao.com/comments.php?p=667" "Mozilla/4.0 (compatible; MSIE 6.0; Windows NT 5.1; SV1)"
91.121.176.101 - - [01/Jul/2013:08:20:07 +0800] "GET /comments.php?p=216 HTTP/1.1" 200 41803 "-" "Mozilla/4.0 (compatible; MSIE 6.0; Windows NT 5.1; SV1)"
91.121.176.101 - - [01/Jul/2013:08:20:09 +0800] "POST /wap-comments-post.php HTTP/1.1" 302 - "http://wap.duanyunchao.com/comments.php?p=216" "Mozilla/4.0 (compatible; MSIE 6.0; Windows NT 5.1; SV1)"
91.121.176.101 - - [01/Jul/2013:08:20:11 +0800] "GET /comments.php?p=216 HTTP/1.1" 200 42152 "http://wap.duanyunchao.com/comments.php?p=216" "Mozilla/4.0 (compatible; MSIE 6.0; Windows NT 5.1; SV1)"
192.74.240.106 - - [01/Jul/2013:08:29:38 +0800] "GET /comments.php?p=585 HTTP/1.0" 200 831091 "http://wap.duanyunchao.com/comments.php?p=585#comment-64026" "Mozilla/5.0 (Windows; U; Windows NT 6.1; en-US) AppleWebKit/533.4 (KHTML, like Gecko) Iron/5.0.381.0 Chrome/5.0.381 Safari/533.4"
176.31.181.226 - - [01/Jul/2013:08:34:16 +0800] "GET /comments.php?p=552 HTTP/1.1" 200 42109 "-" "Mozilla/4.0 (compatible; MSIE 6.0; Windows NT 5.1; SV1)"
176.31.181.226 - - [01/Jul/2013:08:34:19 +0800] "POST /wap-comments-post.php HTTP/1.1" 302 - "http://wap.duanyunchao.com/comments.php?p=552" "Mozilla/4.0 (compatible; MSIE 6.0; Windows NT 5.1; SV1)"
176.31.181.226 - - [01/Jul/2013:08:34:23 +0800] "GET /comments.php?p=552 HTTP/1.1" 200 42489 "http://wap.duanyunchao.com/comments.php?p=552" "Mozilla/4.0 (compatible; MSIE 6.0; Windows NT 5.1; SV1)"
176.31.181.226 - - [01/Jul/2013:08:41:59 +0800] "GET /comments.php?p=337 HTTP/1.1" 200 15511 "-" "Mozilla/4.0 (compatible; MSIE 6.0; Windows NT 5.1; SV1)"
176.31.181.226 - - [01/Jul/2013:08:42:00 +0800] "POST /wap-comments-post.php HTTP/1.1" 302 - "http://wap.duanyunchao.com/comments.php?p=337" "Mozilla/4.0 (compatible; MSIE 6.0; Windows NT 5.1; SV1)"
176.31.181.226 - - [01/Jul/2013:08:42:02 +0800] "GET /comments.php?p=337 HTTP/1.1" 200 15885 "http://wap.duanyunchao.com/comments.php?p=337" "Mozilla/4.0 (compatible; MSIE 6.0; Windows NT 5.1; SV1)"
192.74.240.106 - - [01/Jul/2013:08:54:20 +0800] "GET /comments.php?p=585 HTTP/1.0" 200 831091 "http://wap.duanyunchao.com/comments.php?p=585#comment-64026" "Opera/9.80 (Windows NT 6.1; WOW64; U; Edition Next; Edition Yx; ru) Presto/2.11.310 Version/12.50"
192.74.240.106 - - [01/Jul/2013:08:55:57 +0800] "GET /comments.php?p=585 HTTP/1.0" 200 831125 "http://wap.duanyunchao.com/comments.php?p=585#comment-64026" "Mozilla/5.0 (Windows NT 6.2) AppleWebKit/537.11 (KHTML, like Gecko) Chrome/23.0.1271.64 Safari/537.11"
66.249.73.233 - - [01/Jul/2013:08:55:58 +0800] "GET /index-wap2.php?cat=13 HTTP/1.1" 200 6972 "-" "Mozilla/5.0 (compatible; Googlebot/2.1; +http://www.google.com/bot.html)"
66.249.73.233 - - [01/Jul/2013:08:59:52 +0800] "GET /index-wap2.php?cat=7 HTTP/1.1" 200 6900 "-" "Mozilla/5.0 (compatible; Googlebot/2.1; +http://www.google.com/bot.html)"
176.31.181.226 - - [01/Jul/2013:09:07:45 +0800] "GET /comments.php?p=424 HTTP/1.1" 200 45676 "-" "Mozilla/4.0 (compatible; MSIE 6.0; Windows NT 5.1; SV1)"
176.31.181.226 - - [01/Jul/2013:09:07:47 +0800] "POST /wap-comments-post.php HTTP/1.1" 302 - "http://wap.duanyunchao.com/comments.php?p=424" "Mozilla/4.0 (compatible; MSIE 6.0; Windows NT 5.1; SV1)"
176.31.181.226 - - [01/Jul/2013:09:07:48 +0800] "GET /comments.php?p=424 HTTP/1.1" 200 46048 "http://wap.duanyunchao.com/comments.php?p=424" "Mozilla/4.0 (compatible; MSIE 6.0; Windows NT 5.1; SV1)"
176.31.181.226 - - [01/Jul/2013:09:09:59 +0800] "GET /comments.php?p=234 HTTP/1.1" 200 48231 "-" "Mozilla/4.0 (compatible; MSIE 6.0; Windows NT 5.1; SV1)"
176.31.181.226 - - [01/Jul/2013:09:10:00 +0800] "POST /wap-comments-post.php HTTP/1.1" 302 - "http://wap.duanyunchao.com/comments.php?p=234" "Mozilla/4.0 (compatible; MSIE 6.0; Windows NT 5.1; SV1)"
176.31.181.226 - - [01/Jul/2013:09:10:04 +0800] "GET /comments.php?p=234 HTTP/1.1" 200 48585 "http://wap.duanyunchao.com/comments.php?p=234" "Mozilla/4.0 (compatible; MSIE 6.0; Windows NT 5.1; SV1)"
176.31.181.226 - - [01/Jul/2013:09:10:29 +0800] "GET /comments.php?p=289 HTTP/1.1" 200 20325 "-" "Mozilla/4.0 (compatible; MSIE 6.0; Windows NT 5.1; SV1)"
176.31.181.226 - - [01/Jul/2013:09:10:30 +0800] "POST /wap-comments-post.php HTTP/1.1" 302 - "http://wap.duanyunchao.com/comments.php?p=289" "Mozilla/4.0 (compatible; MSIE 6.0; Windows NT 5.1; SV1)"
176.31.181.226 - - [01/Jul/2013:09:10:32 +0800] "GET /comments.php?p=289 HTTP/1.1" 200 20687 "http://wap.duanyunchao.com/comments.php?p=289" "Mozilla/4.0 (compatible; MSIE 6.0; Windows NT 5.1; SV1)"
66.249.73.233 - - [01/Jul/2013:09:13:45 +0800] "GET /index-wap2.php?cat=12 HTTP/1.1" 200 6869 "-" "Mozilla/5.0 (compatible; Googlebot/2.1; +http://www.google.com/bot.html)"
94.242.237.28 - - [01/Jul/2013:09:19:05 +0800] "GET /comments.php?p=585 HTTP/1.1" 200 276893 "-" "Mozilla/4.0 (compatible; MSIE 6.0; Windows NT 5.1; SV1)"
94.242.237.28 - - [01/Jul/2013:09:19:07 +0800] "GET /index-wap2.php HTTP/1.1" 200 10317 "-" "Mozilla/4.0 (compatible; MSIE 6.0; Windows NT 5.1; SV1)"
94.242.237.28 - - [01/Jul/2013:09:19:11 +0800] "GET /index-wap2.php?p=585 HTTP/1.1" 200 10470 "-" "Mozilla/4.0 (compatible; MSIE 6.0; Windows NT 5.1; SV1)"
176.31.181.226 - - [01/Jul/2013:09:42:50 +0800] "GET /comments.php?p=152 HTTP/1.1" 200 22742 "-" "Mozilla/4.0 (compatible; MSIE 6.0; Windows NT 5.1; SV1)"
176.31.181.226 - - [01/Jul/2013:09:42:51 +0800] "POST /wap-comments-post.php HTTP/1.1" 302 - "http://wap.duanyunchao.com/comments.php?p=152" "Mozilla/4.0 (compatible; MSIE 6.0; Windows NT 5.1; SV1)"
176.31.181.226 - - [01/Jul/2013:09:42:53 +0800] "GET /comments.php?p=152 HTTP/1.1" 200 23121 "http://wap.duanyunchao.com/comments.php?p=152" "Mozilla/4.0 (compatible; MSIE 6.0; Windows NT 5.1; SV1)"
192.74.240.106 - - [01/Jul/2013:09:52:45 +0800] "GET /comments.php?p=585 HTTP/1.0" 200 831091 "http://wap.duanyunchao.com/comments.php?p=585#comment-64026" "Opera/9.80 (Windows NT 6.1; MRA 6.0 (build 5976)) Presto/2.12.388 Version/12.10"
192.74.242.138 - - [01/Jul/2013:09:53:43 +0800] "GET /comments.php?p=585 HTTP/1.0" 200 831096 "http://wap.duanyunchao.com/comments.php?p=585#comment-64026" "Mozilla/5.0 (Windows; U; Windows NT 5.1; ru; rv:1.9.0.19) Gecko/2010031422 Firefox/3.0.19 YB/3.5.1 (.NET CLR 3.5.30729)"
176.31.181.226 - - [01/Jul/2013:10:09:24 +0800] "GET /comments.php?p=408 HTTP/1.1" 200 45107 "-" "Mozilla/4.0 (compatible; MSIE 6.0; Windows NT 5.1; SV1)"
176.31.181.226 - - [01/Jul/2013:10:09:26 +0800] "POST /wap-comments-post.php HTTP/1.1" 302 - "http://wap.duanyunchao.com/comments.php?p=408" "Mozilla/4.0 (compatible; MSIE 6.0; Windows NT 5.1; SV1)"
176.31.181.226 - - [01/Jul/2013:10:09:27 +0800] "GET /comments.php?p=408 HTTP/1.1" 200 45480 "http://wap.duanyunchao.com/comments.php?p=408" "Mozilla/4.0 (compatible; MSIE 6.0; Windows NT 5.1; SV1)"
192.74.240.106 - - [01/Jul/2013:10:24:57 +0800] "GET /comments.php?p=585 HTTP/1.0" 200 831125 "http://wap.duanyunchao.com/comments.php?p=585#comment-64026" "Opera/9.80 (Windows NT 6.1; WOW64; Edition Yx) Presto/2.12.388 Version/12.10"
192.74.240.106 - - [01/Jul/2013:10:27:00 +0800] "GET /comments.php?p=585 HTTP/1.0" 200 831125 "http://wap.duanyunchao.com/comments.php?p=585#comment-64026" "Mozilla/5.0 (Macintosh; Intel Mac OS X 10_8_2) AppleWebKit/536.26.17 (KHTML, like Gecko) Version/6.0.2 Safari/536.26.17"
123.125.71.19 - - [01/Jul/2013:10:32:38 +0800] "GET / HTTP/1.1" 200 57 "-" "Mozilla/5.0 (Linux;u;Android 2.3.7;zh-cn;) AppleWebKit/533.1 (KHTML,like Gecko) Version/4.0 Mobile Safari/533.1 (compatible; +http://www.baidu.com/search/spider.html)"
123.125.71.59 - - [01/Jul/2013:10:32:39 +0800] "GET /index-wap2.php HTTP/1.1" 200 10436 "-" "Mozilla/5.0 (Linux;u;Android 2.3.7;zh-cn;) AppleWebKit/533.1 (KHTML,like Gecko) Version/4.0 Mobile Safari/533.1 (compatible; +http://www.baidu.com/search/spider.html)"
66.249.73.233 - - [01/Jul/2013:10:32:53 +0800] "GET / HTTP/1.1" 200 57 "-" "DoCoMo/2.0 N905i(c100;TB;W24H16) (compatible; Googlebot-Mobile/2.1; +http://www.google.com/bot.html)"
66.249.73.233 - - [01/Jul/2013:10:32:53 +0800] "GET /index-wap2.php HTTP/1.1" 200 10436 "-" "DoCoMo/2.0 N905i(c100;TB;W24H16) (compatible; Googlebot-Mobile/2.1; +http://www.google.com/bot.html)"
66.249.73.233 - - [01/Jul/2013:10:36:15 +0800] "GET /comments.php?p=509 HTTP/1.1" 200 21426 "-" "DoCoMo/2.0 N905i(c100;TB;W24H16) (compatible; Googlebot-Mobile/2.1; +http://www.google.com/bot.html)"
66.249.73.233 - - [01/Jul/2013:10:36:16 +0800] "GET /comments.php?p=293 HTTP/1.1" 200 13049 "-" "DoCoMo/2.0 N905i(c100;TB;W24H16) (compatible; Googlebot-Mobile/2.1; +http://www.google.com/bot.html)"
192.74.242.138 - - [01/Jul/2013:10:41:28 +0800] "GET /comments.php?p=585 HTTP/1.0" 200 831096 "http://wap.duanyunchao.com/comments.php?p=585#comment-64026" "Mozilla/5.0 (Windows; U; Windows NT 6.1; en-US; rv:1.9.2.22) Gecko/20110902 Firefox/3.6.22"
66.249.73.233 - - [01/Jul/2013:10:45:18 +0800] "GET /login.php HTTP/1.1" 200 2644 "-" "SAMSUNG-SGH-E250/1.0 Profile/MIDP-2.0 Configuration/CLDC-1.1 UP.Browser/6.2.3.3.c.1.101 (GUI) MMP/2.0 (compatible; Googlebot-Mobile/2.1; +http://www.google.com/bot.html)"
66.249.73.233 - - [01/Jul/2013:10:46:16 +0800] "GET /index-wap2.php?p=293 HTTP/1.1" 200 13644 "-" "DoCoMo/2.0 N905i(c100;TB;W24H16) (compatible; Googlebot-Mobile/2.1; +http://www.google.com/bot.html)"
66.249.73.233 - - [01/Jul/2013:10:46:16 +0800] "GET /index-wap2.php?p=509 HTTP/1.1" 200 3012 "-" "DoCoMo/2.0 N905i(c100;TB;W24H16) (compatible; Googlebot-Mobile/2.1; +http://www.google.com/bot.html)"
94.242.237.28 - - [01/Jul/2013:10:47:01 +0800] "GET /comments.php?p=585 HTTP/1.1" 200 251878 "-" "Mozilla/4.0 (compatible; MSIE 6.0; Windows NT 5.1; SV1)"
94.242.237.28 - - [01/Jul/2013:10:47:06 +0800] "GET /index-wap2.php HTTP/1.1" 200 10210 "-" "Mozilla/4.0 (compatible; MSIE 6.0; Windows NT 5.1; SV1)"
94.242.237.28 - - [01/Jul/2013:10:47:11 +0800] "GET /comments.php?p=585 HTTP/1.1" 200 247913 "-" "Mozilla/4.0 (compatible; MSIE 6.0; Windows NT 5.1; SV1)"
94.242.237.28 - - [01/Jul/2013:10:47:14 +0800] "GET /index-wap2.php?p=585 HTTP/1.1" 200 10470 "-" "Mozilla/4.0 (compatible; MSIE 6.0; Windows NT 5.1; SV1)"
94.242.237.28 - - [01/Jul/2013:10:47:15 +0800] "GET /index-wap2.php HTTP/1.1" 200 10210 "-" "Mozilla/4.0 (compatible; MSIE 6.0; Windows NT 5.1; SV1)"
94.242.237.28 - - [01/Jul/2013:10:47:18 +0800] "GET /index-wap2.php?p=585 HTTP/1.1" 200 10470 "-" "Mozilla/4.0 (compatible; MSIE 6.0; Windows NT 5.1; SV1)"
66.249.73.233 - - [01/Jul/2013:10:56:17 +0800] "GET /index-wap2.php?p=503 HTTP/1.1" 200 2397 "-" "DoCoMo/2.0 N905i(c100;TB;W24H16) (compatible; Googlebot-Mobile/2.1; +http://www.google.com/bot.html)"
66.249.73.233 - - [01/Jul/2013:10:56:18 +0800] "GET /index-wap2.php?p=291 HTTP/1.1" 200 12529 "-" "DoCoMo/2.0 N905i(c100;TB;W24H16) (compatible; Googlebot-Mobile/2.1; +http://www.google.com/bot.html)"
66.249.73.233 - - [01/Jul/2013:11:03:00 +0800] "GET /index-wap2.php?p=515 HTTP/1.1" 200 7384 "-" "DoCoMo/2.0 N905i(c100;TB;W24H16) (compatible; Googlebot-Mobile/2.1; +http://www.google.com/bot.html)"
66.249.73.233 - - [01/Jul/2013:11:06:15 +0800] "GET /comments.php?p=515 HTTP/1.1" 200 35918 "-" "DoCoMo/2.0 N905i(c100;TB;W24H16) (compatible; Googlebot-Mobile/2.1; +http://www.google.com/bot.html)"
66.249.73.233 - - [01/Jul/2013:11:06:16 +0800] "GET /index-wap2.php?p=289 HTTP/1.1" 200 73735 "-" "DoCoMo/2.0 N905i(c100;TB;W24H16) (compatible; Googlebot-Mobile/2.1; +http://www.google.com/bot.html)"
66.249.73.233 - - [01/Jul/2013:11:06:17 +0800] "GET /comments.php?p=503 HTTP/1.1" 200 22655 "-" "DoCoMo/2.0 N905i(c100;TB;W24H16) (compatible; Googlebot-Mobile/2.1; +http://www.google.com/bot.html)"
66.249.73.233 - - [01/Jul/2013:11:16:15 +0800] "GET /index-wap2.php?p=287 HTTP/1.1" 200 20388 "-" "DoCoMo/2.0 N905i(c100;TB;W24H16) (compatible; Googlebot-Mobile/2.1; +http://www.google.com/bot.html)"
66.249.73.233 - - [01/Jul/2013:11:26:15 +0800] "GET /comments.php?p=287 HTTP/1.1" 200 46271 "-" "DoCoMo/2.0 N905i(c100;TB;W24H16) (compatible; Googlebot-Mobile/2.1; +http://www.google.com/bot.html)"
66.249.73.233 - - [01/Jul/2013:11:26:16 +0800] "GET /index-wap2.php?p=285 HTTP/1.1" 200 15610 "-" "DoCoMo/2.0 N905i(c100;TB;W24H16) (compatible; Googlebot-Mobile/2.1; +http://www.google.com/bot.html)"
192.74.240.106 - - [01/Jul/2013:11:31:09 +0800] "GET /comments.php?p=585 HTTP/1.0" 200 831091 "http://wap.duanyunchao.com/comments.php?p=585#comment-64026" "Mozilla/5.0 (Windows NT 5.1; rv:16.0) Gecko/20121026 Firefox/16.0 SeaMonkey/2.13.2"
66.249.73.233 - - [01/Jul/2013:11:36:15 +0800] "GET /index-wap2.php?p=282 HTTP/1.1" 200 9242 "-" "DoCoMo/2.0 N905i(c100;TB;W24H16) (compatible; Googlebot-Mobile/2.1; +http://www.google.com/bot.html)"
66.249.73.233 - - [01/Jul/2013:11:36:19 +0800] "GET /comments.php?p=285 HTTP/1.1" 200 67871 "-" "DoCoMo/2.0 N905i(c100;TB;W24H16) (compatible; Googlebot-Mobile/2.1; +http://www.google.com/bot.html)"
192.74.242.138 - - [01/Jul/2013:11:36:39 +0800] "GET /comments.php?p=585 HTTP/1.0" 200 832126 "http://wap.duanyunchao.com/comments.php?p=585#comment-64026" "Opera/9.80 (Windows NT 6.1; U; Edition Next; ru) Presto/2.11.310 Version/12.50"
192.74.242.138 - - [01/Jul/2013:11:37:14 +0800] "GET /comments.php?p=585 HTTP/1.0" 200 831096 "http://wap.duanyunchao.com/comments.php?p=585#comment-64026" "Mozilla/5.0 (Windows NT 6.1; WOW64) AppleWebKit/537.11 (KHTML, like Gecko) Chrome/23.0.1271.91 Safari/537.11"
66.249.73.233 - - [01/Jul/2013:11:46:19 +0800] "GET /comments.php?p=282 HTTP/1.1" 200 61821 "-" "DoCoMo/2.0 N905i(c100;TB;W24H16) (compatible; Googlebot-Mobile/2.1; +http://www.google.com/bot.html)"
66.249.73.233 - - [01/Jul/2013:11:47:18 +0800] "GET /index-wap2.php?p=280 HTTP/1.1" 200 15296 "-" "DoCoMo/2.0 N905i(c100;TB;W24H16) (compatible; Googlebot-Mobile/2.1; +http://www.google.com/bot.html)"
66.249.73.233 - - [01/Jul/2013:11:57:05 +0800] "GET /comments.php?p=280 HTTP/1.1" 200 28944 "-" "DoCoMo/2.0 N905i(c100;TB;W24H16) (compatible; Googlebot-Mobile/2.1; +http://www.google.com/bot.html)"
66.249.73.233 - - [01/Jul/2013:11:57:35 +0800] "GET /index-wap2.php?p=276 HTTP/1.1" 200 19855 "-" "DoCoMo/2.0 N905i(c100;TB;W24H16) (compatible; Googlebot-Mobile/2.1; +http://www.google.com/bot.html)"
192.74.240.106 - - [01/Jul/2013:12:00:29 +0800] "GET /comments.php?p=585 HTTP/1.0" 200 833815 "http://wap.duanyunchao.com/comments.php?p=585#comment-64026" "Mozilla/5.0 (Windows NT 6.1; rv:9.0.1) Gecko/20100101 Firefox/9.0.1"
192.74.240.106 - - [01/Jul/2013:12:03:34 +0800] "GET /comments.php?p=585 HTTP/1.0" 200 831180 "http://wap.duanyunchao.com/comments.php?p=585#comment-64026" "Mozilla/5.0 (Windows NT 5.1) AppleWebKit/537.4 (KHTML, like Gecko) Chrome/22.0.1229.94 Safari/537.4"
66.249.73.233 - - [01/Jul/2013:12:06:50 +0800] "GET /comments.php?p=276 HTTP/1.1" 200 73867 "-" "DoCoMo/2.0 N905i(c100;TB;W24H16) (compatible; Googlebot-Mobile/2.1; +http://www.google.com/bot.html)"
66.249.73.233 - - [01/Jul/2013:12:07:38 +0800] "GET /index-wap2.php?p=273 HTTP/1.1" 200 47172 "-" "DoCoMo/2.0 N905i(c100;TB;W24H16) (compatible; Googlebot-Mobile/2.1; +http://www.google.com/bot.html)"
66.249.73.233 - - [01/Jul/2013:12:16:17 +0800] "GET /index-wap2.php?p=267 HTTP/1.1" 200 8707 "-" "DoCoMo/2.0 N905i(c100;TB;W24H16) (compatible; Googlebot-Mobile/2.1; +http://www.google.com/bot.html)"
66.249.73.233 - - [01/Jul/2013:12:16:18 +0800] "GET /comments.php?p=273 HTTP/1.1" 200 27704 "-" "DoCoMo/2.0 N905i(c100;TB;W24H16) (compatible; Googlebot-Mobile/2.1; +http://www.google.com/bot.html)"
94.242.237.28 - - [01/Jul/2013:12:16:22 +0800] "GET /comments.php?p=585 HTTP/1.1" 200 257846 "-" "Mozilla/4.0 (compatible; MSIE 6.0; Windows NT 5.1; SV1)"
94.242.237.28 - - [01/Jul/2013:12:16:24 +0800] "GET /index-wap2.php HTTP/1.1" 200 6752 "-" "Mozilla/4.0 (compatible; MSIE 6.0; Windows NT 5.1; SV1)"
94.242.237.28 - - [01/Jul/2013:12:16:49 +0800] "GET /index-wap2.php?p=585 HTTP/1.1" 200 10470 "-" "Mozilla/4.0 (compatible; MSIE 6.0; Windows NT 5.1; SV1)"
66.249.73.233 - - [01/Jul/2013:12:26:18 +0800] "GET /index-wap2.php?p=234 HTTP/1.1" 200 15994 "-" "DoCoMo/2.0 N905i(c100;TB;W24H16) (compatible; Googlebot-Mobile/2.1; +http://www.google.com/bot.html)"
66.249.73.233 - - [01/Jul/2013:12:26:19 +0800] "GET /comments.php?p=267 HTTP/1.1" 200 21648 "-" "DoCoMo/2.0 N905i(c100;TB;W24H16) (compatible; Googlebot-Mobile/2.1; +http://www.google.com/bot.html)"
66.249.73.233 - - [01/Jul/2013:12:36:36 +0800] "GET /comments.php?p=234 HTTP/1.1" 200 48585 "-" "DoCoMo/2.0 N905i(c100;TB;W24H16) (compatible; Googlebot-Mobile/2.1; +http://www.google.com/bot.html)"
66.249.73.233 - - [01/Jul/2013:12:37:25 +0800] "GET /index-wap2.php?p=231 HTTP/1.1" 200 6057 "-" "DoCoMo/2.0 N905i(c100;TB;W24H16) (compatible; Googlebot-Mobile/2.1; +http://www.google.com/bot.html)"
192.74.242.138 - - [01/Jul/2013:12:42:02 +0800] "GET /comments.php?p=585 HTTP/1.0" 200 909564 "http://wap.duanyunchao.com/comments.php?p=585#comment-64026" "Mozilla/5.0 (Windows NT 5.1; rv:8.0) Gecko/20100101 Firefox/8.0"
66.249.73.233 - - [01/Jul/2013:12:46:17 +0800] "GET /index-wap2.php?p=228 HTTP/1.1" 200 44322 "-" "DoCoMo/2.0 N905i(c100;TB;W24H16) (compatible; Googlebot-Mobile/2.1; +http://www.google.com/bot.html)"
66.249.73.233 - - [01/Jul/2013:12:46:19 +0800] "GET /comments.php?p=231 HTTP/1.1" 200 21850 "-" "DoCoMo/2.0 N905i(c100;TB;W24H16) (compatible; Googlebot-Mobile/2.1; +http://www.google.com/bot.html)"
66.249.73.233 - - [01/Jul/2013:12:56:21 +0800] "GET /comments.php?p=228 HTTP/1.1" 200 10160 "-" "DoCoMo/2.0 N905i(c100;TB;W24H16) (compatible; Googlebot-Mobile/2.1; +http://www.google.com/bot.html)"
66.249.73.233 - - [01/Jul/2013:12:56:21 +0800] "GET /index-wap2.php?p=225 HTTP/1.1" 200 26436 "-" "DoCoMo/2.0 N905i(c100;TB;W24H16) (compatible; Googlebot-Mobile/2.1; +http://www.google.com/bot.html)"
66.249.73.233 - - [01/Jul/2013:13:06:17 +0800] "GET /index-wap2.php?p=221 HTTP/1.1" 200 7067 "-" "DoCoMo/2.0 N905i(c100;TB;W24H16) (compatible; Googlebot-Mobile/2.1; +http://www.google.com/bot.html)"
192.74.242.138 - - [01/Jul/2013:13:10:29 +0800] "GET /comments.php?p=585 HTTP/1.0" 200 831144 "http://wap.duanyunchao.com/comments.php?p=585#comment-64026" "Opera/9.80 (Windows NT 6.2; WOW64) Presto/2.12.388 Version/12.11"
66.249.73.233 - - [01/Jul/2013:13:16:19 +0800] "GET /index-wap2.php?p=218 HTTP/1.1" 200 12026 "-" "DoCoMo/2.0 N905i(c100;TB;W24H16) (compatible; Googlebot-Mobile/2.1; +http://www.google.com/bot.html)"
66.249.73.233 - - [01/Jul/2013:13:16:19 +0800] "GET /comments.php?p=221 HTTP/1.1" 200 17812 "-" "DoCoMo/2.0 N905i(c100;TB;W24H16) (compatible; Googlebot-Mobile/2.1; +http://www.google.com/bot.html)"
66.249.73.233 - - [01/Jul/2013:13:26:15 +0800] "GET /index-wap2.php?p=216 HTTP/1.1" 200 16443 "-" "DoCoMo/2.0 N905i(c100;TB;W24H16) (compatible; Googlebot-Mobile/2.1; +http://www.google.com/bot.html)"
192.74.240.106 - - [01/Jul/2013:13:27:32 +0800] "GET /comments.php?p=585 HTTP/1.0" 200 831180 "http://wap.duanyunchao.com/comments.php?p=585#comment-64026" "Mozilla/4.0 (compatible; MSIE 8.0; Windows NT 5.1; Trident/4.0)"
66.249.73.233 - - [01/Jul/2013:13:36:16 +0800] "GET /index-wap2.php?p=213 HTTP/1.1" 200 7821 "-" "DoCoMo/2.0 N905i(c100;TB;W24H16) (compatible; Googlebot-Mobile/2.1; +http://www.google.com/bot.html)"
192.74.242.138 - - [01/Jul/2013:13:40:23 +0800] "GET /comments.php?p=585 HTTP/1.0" 200 831091 "http://wap.duanyunchao.com/comments.php?p=585#comment-64026" "Opera/9.80 (Windows NT 6.1; Edition Yx) Presto/2.12.388 Version/12.10"
94.242.237.28 - - [01/Jul/2013:13:44:16 +0800] "GET /comments.php?p=585 HTTP/1.1" 200 236595 "-" "Mozilla/4.0 (compatible; MSIE 6.0; Windows NT 5.1; SV1)"
94.242.237.28 - - [01/Jul/2013:13:44:18 +0800] "GET /index-wap2.php HTTP/1.1" 200 10274 "-" "Mozilla/4.0 (compatible; MSIE 6.0; Windows NT 5.1; SV1)"
94.242.237.28 - - [01/Jul/2013:13:44:35 +0800] "GET /comments.php?p=585 HTTP/1.1" 200 259499 "-" "Mozilla/4.0 (compatible; MSIE 6.0; Windows NT 5.1; SV1)"
94.242.237.28 - - [01/Jul/2013:13:44:41 +0800] "GET /index-wap2.php HTTP/1.1" 200 10274 "-" "Mozilla/4.0 (compatible; MSIE 6.0; Windows NT 5.1; SV1)"
94.242.237.28 - - [01/Jul/2013:13:44:45 +0800] "GET /index-wap2.php?p=585 HTTP/1.1" 200 10470 "-" "Mozilla/4.0 (compatible; MSIE 6.0; Windows NT 5.1; SV1)"
220.181.108.76 - - [01/Jul/2013:13:46:14 +0800] "GET /index-wap2.php?tag=%E5%88%B7%E6%9C%BA HTTP/1.1" 200 6876 "-" "Mozilla/5.0 (compatible; Baiduspider/2.0; +http://www.baidu.com/search/spider.html)"
66.249.73.233 - - [01/Jul/2013:13:46:18 +0800] "GET /index-wap2.php?p=210 HTTP/1.1" 200 29559 "-" "DoCoMo/2.0 N905i(c100;TB;W24H16) (compatible; Googlebot-Mobile/2.1; +http://www.google.com/bot.html)"
66.249.73.233 - - [01/Jul/2013:13:46:19 +0800] "GET /comments.php?p=213 HTTP/1.1" 200 25340 "-" "DoCoMo/2.0 N905i(c100;TB;W24H16) (compatible; Googlebot-Mobile/2.1; +http://www.google.com/bot.html)"
192.74.240.106 - - [01/Jul/2013:13:54:47 +0800] "GET /comments.php?p=585 HTTP/1.0" 200 831125 "http://wap.duanyunchao.com/comments.php?p=585#comment-64026" "Mozilla/4.0 (compatible; MSIE 8.0; Windows NT 5.1; Trident/4.0; GTB7.4; MRA 6.0 (build 6005); User-agent: Mozilla/4.0 (compatible; MSIE 6.0; Windows NT 5.1; SV1); .NET CLR 1.1.4322; .NET CLR 2.0.50727; .NET CLR 3.0.4506.2152; .NET CLR 3.5.30729; InfoPath.1; .NET4.0C; .NET4.0E; MRIE8PACK 2.0.1)"
66.249.73.233 - - [01/Jul/2013:13:56:19 +0800] "GET /index-wap2.php?p=207 HTTP/1.1" 200 7258 "-" "DoCoMo/2.0 N905i(c100;TB;W24H16) (compatible; Googlebot-Mobile/2.1; +http://www.google.com/bot.html)"
192.74.240.106 - - [01/Jul/2013:14:00:23 +0800] "GET /comments.php?p=585 HTTP/1.0" 200 831091 "http://wap.duanyunchao.com/comments.php?p=585#comment-64026" "Mozilla/5.0 (Windows NT 5.1; rv:11.0) Gecko/20100101 Firefox/11.0"
66.249.73.233 - - [01/Jul/2013:14:06:15 +0800] "GET /comments.php?p=207 HTTP/1.1" 200 39130 "-" "DoCoMo/2.0 N905i(c100;TB;W24H16) (compatible; Googlebot-Mobile/2.1; +http://www.google.com/bot.html)"
66.249.73.233 - - [01/Jul/2013:14:06:16 +0800] "GET /index-wap2.php?p=204 HTTP/1.1" 200 17058 "-" "DoCoMo/2.0 N905i(c100;TB;W24H16) (compatible; Googlebot-Mobile/2.1; +http://www.google.com/bot.html)"
59.56.44.142 - - [01/Jul/2013:14:11:23 +0800] "GET /comments.php?p=585 HTTP/1.0" 200 1167298 "http://wap.duanyunchao.com/comments.php?p=585#comment-40321" "Opera/9.80 (Windows NT 6.2; WOW64) Presto/2.12.388 Version/12.11"
66.249.73.233 - - [01/Jul/2013:14:16:17 +0800] "GET /index-wap2.php?p=200 HTTP/1.1" 200 43126 "-" "DoCoMo/2.0 N905i(c100;TB;W24H16) (compatible; Googlebot-Mobile/2.1; +http://www.google.com/bot.html)"
66.249.73.233 - - [01/Jul/2013:14:16:18 +0800] "GET /comments.php?p=204 HTTP/1.1" 200 42381 "-" "DoCoMo/2.0 N905i(c100;TB;W24H16) (compatible; Googlebot-Mobile/2.1; +http://www.google.com/bot.html)"
66.249.73.233 - - [01/Jul/2013:14:26:19 +0800] "GET /index-wap2.php?p=197 HTTP/1.1" 200 12543 "-" "DoCoMo/2.0 N905i(c100;TB;W24H16) (compatible; Googlebot-Mobile/2.1; +http://www.google.com/bot.html)"
66.249.73.233 - - [01/Jul/2013:14:26:23 +0800] "GET /comments.php?p=200 HTTP/1.1" 200 26256 "-" "DoCoMo/2.0 N905i(c100;TB;W24H16) (compatible; Googlebot-Mobile/2.1; +http://www.google.com/bot.html)"
192.74.242.138 - - [01/Jul/2013:14:26:48 +0800] "GET /comments.php?p=585 HTTP/1.0" 200 853137 "http://wap.duanyunchao.com/comments.php?p=585#comment-64026" "Mozilla/5.0 (Windows; U; Windows NT 6.1; en-US) AppleWebKit/533.4 (KHTML, like Gecko) Iron/5.0.381.0 Chrome/5.0.381 Safari/533.4"
192.74.242.138 - - [01/Jul/2013:14:38:32 +0800] "GET /comments.php?p=585 HTTP/1.0" 200 878274 "http://wap.duanyunchao.com/comments.php?p=585#comment-64026" "Mozilla/5.0 (Windows NT 6.1; WOW64) AppleWebKit/537.4 (KHTML, like Gecko) Chrome/22.0.1229.94 Safari/537.4"
113.118.199.86 - - [01/Jul/2013:14:48:26 +0800] "GET /comments.php?p=603 HTTP/1.0" 200 497744 "http://wap.duanyunchao.com/comments.php?p=603#comment-67994" "Mozilla/5.0 (Windows NT 6.1) AppleWebKit/536.5 (KHTML, like Gecko) YaBrowser/1.1.1084.5409 Chrome/19.1.1084.5409 Safari/536.5"
