66.249.73.233 - - [01/Jul/2013:23:07:52 +0800] "GET /index-wap2.php?p=311 HTTP/1.1" 200 3609 "-" "SAMSUNG-SGH-E250/1.0 Profile/MIDP-2.0 Configuration/CLDC-1.1 UP.Browser/6.2.3.3.c.1.101 (GUI) MMP/2.0 (compatible; Googlebot-Mobile/2.1; +http://www.google.com/bot.html)"
66.249.73.233 - - [01/Jul/2013:23:07:55 +0800] "GET /comments.php?p=337 HTTP/1.1" 200 15885 "-" "SAMSUNG-SGH-E250/1.0 Profile/MIDP-2.0 Configuration/CLDC-1.1 UP.Browser/6.2.3.3.c.1.101 (GUI) MMP/2.0 (compatible; Googlebot-Mobile/2.1; +http://www.google.com/bot.html)"
66.249.73.233 - - [01/Jul/2013:23:07:59 +0800] "GET /comments.php?p=327 HTTP/1.1" 200 56580 "-" "SAMSUNG-SGH-E250/1.0 Profile/MIDP-2.0 Configuration/CLDC-1.1 UP.Browser/6.2.3.3.c.1.101 (GUI) MMP/2.0 (compatible; Googlebot-Mobile/2.1; +http://www.google.com/bot.html)"
66.249.73.233 - - [01/Jul/2013:23:08:03 +0800] "GET /comments.php?p=331 HTTP/1.1" 200 47582 "-" "SAMSUNG-SGH-E250/1.0 Profile/MIDP-2.0 Configuration/CLDC-1.1 UP.Browser/6.2.3.3.c.1.101 (GUI) MMP/2.0 (compatible; Googlebot-Mobile/2.1; +http://www.google.com/bot.html)"
66.249.73.233 - - [01/Jul/2013:23:08:08 +0800] "GET /comments.php?p=329 HTTP/1.1" 200 24390 "-" "SAMSUNG-SGH-E250/1.0 Profile/MIDP-2.0 Configuration/CLDC-1.1 UP.Browser/6.2.3.3.c.1.101 (GUI) MMP/2.0 (compatible; Googlebot-Mobile/2.1; +http://www.google.com/bot.html)"
66.249.73.233 - - [01/Jul/2013:23:08:14 +0800] "GET /comments.php?p=325 HTTP/1.1" 200 20817 "-" "SAMSUNG-SGH-E250/1.0 Profile/MIDP-2.0 Configuration/CLDC-1.1 UP.Browser/6.2.3.3.c.1.101 (GUI) MMP/2.0 (compatible; Googlebot-Mobile/2.1; +http://www.google.com/bot.html)"
66.249.73.233 - - [01/Jul/2013:23:08:22 +0800] "GET /comments.php?p=302 HTTP/1.1" 200 10745 "-" "SAMSUNG-SGH-E250/1.0 Profile/MIDP-2.0 Configuration/CLDC-1.1 UP.Browser/6.2.3.3.c.1.101 (GUI) MMP/2.0 (compatible; Googlebot-Mobile/2.1; +http://www.google.com/bot.html)"
66.249.73.233 - - [01/Jul/2013:23:08:27 +0800] "GET /comments.php?p=305 HTTP/1.1" 200 25748 "-" "SAMSUNG-SGH-E250/1.0 Profile/MIDP-2.0 Configuration/CLDC-1.1 UP.Browser/6.2.3.3.c.1.101 (GUI) MMP/2.0 (compatible; Googlebot-Mobile/2.1; +http://www.google.com/bot.html)"
66.249.73.233 - - [01/Jul/2013:23:08:30 +0800] "GET /comments.php?p=308 HTTP/1.1" 200 33260 "-" "SAMSUNG-SGH-E250/1.0 Profile/MIDP-2.0 Configuration/CLDC-1.1 UP.Browser/6.2.3.3.c.1.101 (GUI) MMP/2.0 (compatible; Googlebot-Mobile/2.1; +http://www.google.com/bot.html)"
66.249.73.233 - - [01/Jul/2013:23:08:34 +0800] "GET /comments.php?p=316 HTTP/1.1" 200 5386 "-" "SAMSUNG-SGH-E250/1.0 Profile/MIDP-2.0 Configuration/CLDC-1.1 UP.Browser/6.2.3.3.c.1.101 (GUI) MMP/2.0 (compatible; Googlebot-Mobile/2.1; +http://www.google.com/bot.html)"
66.249.73.233 - - [01/Jul/2013:23:08:40 +0800] "GET /comments.php?p=322 HTTP/1.1" 200 2732 "-" "SAMSUNG-SGH-E250/1.0 Profile/MIDP-2.0 Configuration/CLDC-1.1 UP.Browser/6.2.3.3.c.1.101 (GUI) MMP/2.0 (compatible; Googlebot-Mobile/2.1; +http://www.google.com/bot.html)"
66.249.73.233 - - [01/Jul/2013:23:08:47 +0800] "GET /comments.php?p=311 HTTP/1.1" 200 48100 "-" "SAMSUNG-SGH-E250/1.0 Profile/MIDP-2.0 Configuration/CLDC-1.1 UP.Browser/6.2.3.3.c.1.101 (GUI) MMP/2.0 (compatible; Googlebot-Mobile/2.1; +http://www.google.com/bot.html)"
66.249.73.233 - - [01/Jul/2013:23:08:59 +0800] "GET /index-wap2.php?p=322 HTTP/1.1" 200 4153 "-" "SAMSUNG-SGH-E250/1.0 Profile/MIDP-2.0 Configuration/CLDC-1.1 UP.Browser/6.2.3.3.c.1.101 (GUI) MMP/2.0 (compatible; Googlebot-Mobile/2.1; +http://www.google.com/bot.html)"
66.249.73.233 - - [01/Jul/2013:23:09:01 +0800] "GET /index-wap2.php?p=325 HTTP/1.1" 200 7531 "-" "SAMSUNG-SGH-E250/1.0 Profile/MIDP-2.0 Configuration/CLDC-1.1 UP.Browser/6.2.3.3.c.1.101 (GUI) MMP/2.0 (compatible; Googlebot-Mobile/2.1; +http://www.google.com/bot.html)"
66.249.73.233 - - [01/Jul/2013:23:09:03 +0800] "GET /index-wap2.php?p=327 HTTP/1.1" 200 27796 "-" "SAMSUNG-SGH-E250/1.0 Profile/MIDP-2.0 Configuration/CLDC-1.1 UP.Browser/6.2.3.3.c.1.101 (GUI) MMP/2.0 (compatible; Googlebot-Mobile/2.1; +http://www.google.com/bot.html)"
66.249.73.233 - - [01/Jul/2013:23:09:05 +0800] "GET /index-wap2.php?p=334 HTTP/1.1" 200 5556 "-" "SAMSUNG-SGH-E250/1.0 Profile/MIDP-2.0 Configuration/CLDC-1.1 UP.Browser/6.2.3.3.c.1.101 (GUI) MMP/2.0 (compatible; Googlebot-Mobile/2.1; +http://www.google.com/bot.html)"
66.249.73.233 - - [01/Jul/2013:23:09:07 +0800] "GET /index-wap2.php?p=329 HTTP/1.1" 200 25714 "-" "SAMSUNG-SGH-E250/1.0 Profile/MIDP-2.0 Configuration/CLDC-1.1 UP.Browser/6.2.3.3.c.1.101 (GUI) MMP/2.0 (compatible; Googlebot-Mobile/2.1; +http://www.google.com/bot.html)"
66.249.73.233 - - [01/Jul/2013:23:09:09 +0800] "GET /index-wap2.php?p=337 HTTP/1.1" 200 59590 "-" "SAMSUNG-SGH-E250/1.0 Profile/MIDP-2.0 Configuration/CLDC-1.1 UP.Browser/6.2.3.3.c.1.101 (GUI) MMP/2.0 (compatible; Googlebot-Mobile/2.1; +http://www.google.com/bot.html)"
66.249.73.233 - - [01/Jul/2013:23:09:13 +0800] "GET /index-wap2.php?p=331 HTTP/1.1" 200 44885 "-" "SAMSUNG-SGH-E250/1.0 Profile/MIDP-2.0 Configuration/CLDC-1.1 UP.Browser/6.2.3.3.c.1.101 (GUI) MMP/2.0 (compatible; Googlebot-Mobile/2.1; +http://www.google.com/bot.html)"
66.249.73.233 - - [01/Jul/2013:23:09:15 +0800] "GET /index-wap2.php?p=308 HTTP/1.1" 200 46326 "-" "SAMSUNG-SGH-E250/1.0 Profile/MIDP-2.0 Configuration/CLDC-1.1 UP.Browser/6.2.3.3.c.1.101 (GUI) MMP/2.0 (compatible; Googlebot-Mobile/2.1; +http://www.google.com/bot.html)"
66.249.73.233 - - [01/Jul/2013:23:09:16 +0800] "GET /index-wap2.php?p=305 HTTP/1.1" 200 9914 "-" "SAMSUNG-SGH-E250/1.0 Profile/MIDP-2.0 Configuration/CLDC-1.1 UP.Browser/6.2.3.3.c.1.101 (GUI) MMP/2.0 (compatible; Googlebot-Mobile/2.1; +http://www.google.com/bot.html)"
66.249.73.233 - - [01/Jul/2013:23:09:20 +0800] "GET /index-wap2.php?p=316 HTTP/1.1" 200 30774 "-" "SAMSUNG-SGH-E250/1.0 Profile/MIDP-2.0 Configuration/CLDC-1.1 UP.Browser/6.2.3.3.c.1.101 (GUI) MMP/2.0 (compatible; Googlebot-Mobile/2.1; +http://www.google.com/bot.html)"
66.249.73.233 - - [01/Jul/2013:23:09:21 +0800] "GET /index-wap2.php?paged=12 HTTP/1.1" 200 10466 "-" "SAMSUNG-SGH-E250/1.0 Profile/MIDP-2.0 Configuration/CLDC-1.1 UP.Browser/6.2.3.3.c.1.101 (GUI) MMP/2.0 (compatible; Googlebot-Mobile/2.1; +http://www.google.com/bot.html)"
66.249.73.233 - - [01/Jul/2013:23:09:25 +0800] "GET /index-wap2.php?paged=11 HTTP/1.1" 200 10512 "-" "SAMSUNG-SGH-E250/1.0 Profile/MIDP-2.0 Configuration/CLDC-1.1 UP.Browser/6.2.3.3.c.1.101 (GUI) MMP/2.0 (compatible; Googlebot-Mobile/2.1; +http://www.google.com/bot.html)"
66.249.73.233 - - [01/Jul/2013:23:17:54 +0800] "GET /index-wap2.php?p=213 HTTP/1.1" 200 7821 "-" "SAMSUNG-SGH-E250/1.0 Profile/MIDP-2.0 Configuration/CLDC-1.1 UP.Browser/6.2.3.3.c.1.101 (GUI) MMP/2.0 (compatible; Googlebot-Mobile/2.1; +http://www.google.com/bot.html)"
66.249.73.233 - - [01/Jul/2013:23:17:55 +0800] "GET /comments.php?p=218 HTTP/1.1" 200 60307 "-" "SAMSUNG-SGH-E250/1.0 Profile/MIDP-2.0 Configuration/CLDC-1.1 UP.Browser/6.2.3.3.c.1.101 (GUI) MMP/2.0 (compatible; Googlebot-Mobile/2.1; +http://www.google.com/bot.html)"
66.249.73.233 - - [01/Jul/2013:23:18:24 +0800] "GET /index-wap2.php?p=218 HTTP/1.1" 200 12026 "-" "SAMSUNG-SGH-E250/1.0 Profile/MIDP-2.0 Configuration/CLDC-1.1 UP.Browser/6.2.3.3.c.1.101 (GUI) MMP/2.0 (compatible; Googlebot-Mobile/2.1; +http://www.google.com/bot.html)"
66.249.73.233 - - [01/Jul/2013:23:18:52 +0800] "GET /index-wap2.php?p=216 HTTP/1.1" 200 16443 "-" "SAMSUNG-SGH-E250/1.0 Profile/MIDP-2.0 Configuration/CLDC-1.1 UP.Browser/6.2.3.3.c.1.101 (GUI) MMP/2.0 (compatible; Googlebot-Mobile/2.1; +http://www.google.com/bot.html)"
66.249.73.233 - - [01/Jul/2013:23:19:21 +0800] "GET /index-wap2.php?paged=13 HTTP/1.1" 200 10408 "-" "SAMSUNG-SGH-E250/1.0 Profile/MIDP-2.0 Configuration/CLDC-1.1 UP.Browser/6.2.3.3.c.1.101 (GUI) MMP/2.0 (compatible; Googlebot-Mobile/2.1; +http://www.google.com/bot.html)"
66.249.73.233 - - [01/Jul/2013:23:28:50 +0800] "GET /index-wap2.php?p=166 HTTP/1.1" 200 4563 "-" "SAMSUNG-SGH-E250/1.0 Profile/MIDP-2.0 Configuration/CLDC-1.1 UP.Browser/6.2.3.3.c.1.101 (GUI) MMP/2.0 (compatible; Googlebot-Mobile/2.1; +http://www.google.com/bot.html)"
66.249.73.233 - - [01/Jul/2013:23:28:51 +0800] "GET /comments.php?p=150 HTTP/1.1" 200 7417 "-" "SAMSUNG-SGH-E250/1.0 Profile/MIDP-2.0 Configuration/CLDC-1.1 UP.Browser/6.2.3.3.c.1.101 (GUI) MMP/2.0 (compatible; Googlebot-Mobile/2.1; +http://www.google.com/bot.html)"
66.249.73.233 - - [01/Jul/2013:23:28:53 +0800] "GET /comments.php?p=152 HTTP/1.1" 200 23121 "-" "SAMSUNG-SGH-E250/1.0 Profile/MIDP-2.0 Configuration/CLDC-1.1 UP.Browser/6.2.3.3.c.1.101 (GUI) MMP/2.0 (compatible; Googlebot-Mobile/2.1; +http://www.google.com/bot.html)"
66.249.73.233 - - [01/Jul/2013:23:28:57 +0800] "GET /comments.php?p=154 HTTP/1.1" 200 14012 "-" "SAMSUNG-SGH-E250/1.0 Profile/MIDP-2.0 Configuration/CLDC-1.1 UP.Browser/6.2.3.3.c.1.101 (GUI) MMP/2.0 (compatible; Googlebot-Mobile/2.1; +http://www.google.com/bot.html)"
66.249.73.233 - - [01/Jul/2013:23:29:08 +0800] "GET /comments.php?p=184 HTTP/1.1" 200 49793 "-" "SAMSUNG-SGH-E250/1.0 Profile/MIDP-2.0 Configuration/CLDC-1.1 UP.Browser/6.2.3.3.c.1.101 (GUI) MMP/2.0 (compatible; Googlebot-Mobile/2.1; +http://www.google.com/bot.html)"
66.249.73.233 - - [01/Jul/2013:23:29:18 +0800] "GET /comments.php?p=166 HTTP/1.1" 200 36520 "-" "SAMSUNG-SGH-E250/1.0 Profile/MIDP-2.0 Configuration/CLDC-1.1 UP.Browser/6.2.3.3.c.1.101 (GUI) MMP/2.0 (compatible; Googlebot-Mobile/2.1; +http://www.google.com/bot.html)"
66.249.73.233 - - [01/Jul/2013:23:29:29 +0800] "GET /index-wap2.php?p=152 HTTP/1.1" 200 2501 "-" "SAMSUNG-SGH-E250/1.0 Profile/MIDP-2.0 Configuration/CLDC-1.1 UP.Browser/6.2.3.3.c.1.101 (GUI) MMP/2.0 (compatible; Googlebot-Mobile/2.1; +http://www.google.com/bot.html)"
66.249.73.233 - - [01/Jul/2013:23:35:36 +0800] "GET /index-wap2.php?p=163 HTTP/1.1" 200 5347 "-" "SAMSUNG-SGH-E250/1.0 Profile/MIDP-2.0 Configuration/CLDC-1.1 UP.Browser/6.2.3.3.c.1.101 (GUI) MMP/2.0 (compatible; Googlebot-Mobile/2.1; +http://www.google.com/bot.html)"
87.98.161.163 - - [02/Jul/2013:01:27:21 +0800] "GET / HTTP/1.1" 200 57 "http://duanyunchao.com/" "Mozilla/5.0 (Linux; U; Android 2.2; fr-fr; Desire_A8181 Build/FRF91) App3leWebKit/53.1 (KHTML, like Gecko) Version/4.0 Mobile Safari/533.1"
123.125.71.21 - - [02/Jul/2013:01:47:03 +0800] "GET /index-wap.php?cat=10 HTTP/1.1" 200 4626 "-" "Mozilla/5.0 (compatible; Baiduspider/2.0; +http://www.baidu.com/search/spider.html)"
123.125.71.36 - - [02/Jul/2013:01:54:34 +0800] "GET /index-wap.php?p=362 HTTP/1.1" 200 7824 "-" "Mozilla/5.0 (compatible; Baiduspider/2.0; +http://www.baidu.com/search/spider.html)"
91.121.34.130 - - [02/Jul/2013:02:08:30 +0800] "GET / HTTP/1.1" 200 57 "-" "-"
66.249.73.233 - - [02/Jul/2013:02:19:14 +0800] "GET /index-wap2.php?p=685 HTTP/1.1" 200 13582 "-" "DoCoMo/2.0 N905i(c100;TB;W24H16) (compatible; Googlebot-Mobile/2.1; +http://www.google.com/bot.html)"
192.74.240.106 - - [02/Jul/2013:02:26:37 +0800] "GET /comments.php?p=585 HTTP/1.0" 200 836411 "http://wap.duanyunchao.com/comments.php?p=585#comment-64026" "Opera/9.80 (Windows NT 6.1; U; Edition Next; ru) Presto/2.11.310 Version/12.50"
192.74.240.106 - - [02/Jul/2013:02:26:54 +0800] "GET /comments.php?p=585 HTTP/1.0" 200 831125 "http://wap.duanyunchao.com/comments.php?p=585#comment-64026" "Mozilla/5.0 (Windows NT 5.1) AppleWebKit/536.11 (KHTML, like Gecko) Chrome/20.0.1132.57 Safari/536.11"
192.74.242.138 - - [02/Jul/2013:02:27:15 +0800] "GET /comments.php?p=585 HTTP/1.0" 200 889126 "http://wap.duanyunchao.com/comments.php?p=585#comment-64026" "Mozilla/5.0 (Windows NT 6.1) AppleWebKit/537.11 (KHTML, like Gecko) Chrome/23.0.1271.95 Safari/537.11"
66.249.73.233 - - [02/Jul/2013:02:27:24 +0800] "GET /comments.php?p=663 HTTP/1.1" 200 48306 "-" "SAMSUNG-SGH-E250/1.0 Profile/MIDP-2.0 Configuration/CLDC-1.1 UP.Browser/6.2.3.3.c.1.101 (GUI) MMP/2.0 (compatible; Googlebot-Mobile/2.1; +http://www.google.com/bot.html)"
192.74.242.138 - - [02/Jul/2013:02:48:25 +0800] "GET /comments.php?p=585 HTTP/1.0" 200 839424 "http://wap.duanyunchao.com/comments.php?p=585#comment-64026" "Opera/9.80 (Windows NT 6.1; WOW64; MRA 6.0 (build 5998)) Presto/2.12.388 Version/12.10"
192.74.240.106 - - [02/Jul/2013:02:55:58 +0800] "GET /comments.php?p=585 HTTP/1.0" 200 831144 "http://wap.duanyunchao.com/comments.php?p=585#comment-64026" "Mozilla/5.0 (Windows NT 6.1; WOW64) AppleWebKit/537.1 (KHTML, like Gecko) Chrome/21.0.1180.89 Safari/537.1"
192.74.242.138 - - [02/Jul/2013:03:08:41 +0800] "GET /comments.php?p=585 HTTP/1.0" 200 831091 "http://wap.duanyunchao.com/comments.php?p=585#comment-64026" "Mozilla/5.0 (Windows NT 6.1; WOW64; rv:15.0) Gecko/20100101 Firefox/15.0"
192.74.242.138 - - [02/Jul/2013:03:08:41 +0800] "GET /comments.php?p=585 HTTP/1.0" 200 948564 "http://wap.duanyunchao.com/comments.php?p=585#comment-64026" "Mozilla/5.0 (Macintosh; Intel Mac OS X 10.7; rv:16.0) Gecko/20100101 Firefox/16.0"
192.74.242.138 - - [02/Jul/2013:03:42:36 +0800] "GET /comments.php?p=585 HTTP/1.0" 200 831131 "http://wap.duanyunchao.com/comments.php?p=585#comment-64026" "Mozilla/5.0 (Windows NT 5.1; rv:11.0) Gecko/20100101 Firefox/11.0"
66.249.73.233 - - [02/Jul/2013:03:59:25 +0800] "GET /comments.php?p=135 HTTP/1.1" 200 5704516 "-" "Mozilla/5.0 (compatible; Googlebot/2.1; +http://www.google.com/bot.html)"
192.74.240.106 - - [02/Jul/2013:04:09:53 +0800] "GET /comments.php?p=585 HTTP/1.0" 200 831091 "http://wap.duanyunchao.com/comments.php?p=585#comment-64026" "Mozilla/5.0 (Windows NT 6.1) AppleWebKit/535.19 (KHTML, like Gecko) Chrome/18.0.1025.1634 Safari/535.19 YE"
192.74.240.106 - - [02/Jul/2013:04:10:38 +0800] "GET /comments.php?p=585 HTTP/1.0" 200 831144 "http://wap.duanyunchao.com/comments.php?p=585#comment-64026" "Opera/9.80 (Windows NT 5.1; U; MRA 6.0 (build 5970); ru) Presto/2.7.62 Version/11.00"
192.74.242.138 - - [02/Jul/2013:04:43:01 +0800] "GET /comments.php?p=585 HTTP/1.0" 200 833778 "http://wap.duanyunchao.com/comments.php?p=585#comment-64026" "Mozilla/5.0 (Windows; U; Windows NT 6.1; en-US; rv:1.9.2.22) Gecko/20110902 Firefox/3.6.22"
192.74.240.106 - - [02/Jul/2013:04:46:43 +0800] "GET /comments.php?p=585 HTTP/1.0" 200 831091 "http://wap.duanyunchao.com/comments.php?p=585#comment-64026" "Mozilla/5.0 (Windows NT 5.1; rv:5.0.1) Gecko/20100101 Firefox/5.0.1"
192.74.242.138 - - [02/Jul/2013:05:05:15 +0800] "GET /comments.php?p=585 HTTP/1.0" 200 831091 "http://wap.duanyunchao.com/comments.php?p=585#comment-64026" "Mozilla/5.0 (Windows NT 5.1; rv:16.0) Gecko/20100101 Firefox/16.0"
192.74.242.138 - - [02/Jul/2013:05:19:00 +0800] "GET /comments.php?p=585 HTTP/1.0" 200 832261 "http://wap.duanyunchao.com/comments.php?p=585#comment-64026" "Mozilla/5.0 (Windows NT 5.1; rv:14.0) Gecko/20100101 Firefox/14.0.1"
192.74.242.138 - - [02/Jul/2013:05:32:37 +0800] "GET /comments.php?p=585 HTTP/1.0" 200 831091 "http://wap.duanyunchao.com/comments.php?p=585#comment-64026" "Mozilla/5.0 (Windows NT 6.1) AppleWebKit/535.1 (KHTML, like Gecko) Chrome/14.0.835.163 Safari/535.1"
192.74.242.138 - - [02/Jul/2013:05:51:43 +0800] "GET /comments.php?p=585 HTTP/1.0" 200 831180 "http://wap.duanyunchao.com/comments.php?p=585#comment-64026" "Mozilla/5.0 (Windows NT 6.1; rv:9.0.1) Gecko/20100101 Firefox/9.0.1"
192.74.240.106 - - [02/Jul/2013:05:55:52 +0800] "GET /comments.php?p=585 HTTP/1.0" 200 831125 "http://wap.duanyunchao.com/comments.php?p=585#comment-64026" "Mozilla/5.0 (Windows NT 5.1) AppleWebKit/537.11 (KHTML, like Gecko) Chrome/23.0.1271.64 Safari/537.11"
192.74.240.106 - - [02/Jul/2013:05:57:09 +0800] "GET /comments.php?p=585 HTTP/1.0" 200 831040 "http://wap.duanyunchao.com/comments.php?p=585#comment-64026" "Mozilla/5.0 (Windows NT 6.1; WOW64) AppleWebKit/535.19 (KHTML, like Gecko) Chrome/18.0.1025.1634 Safari/535.19 YE"
192.74.240.106 - - [02/Jul/2013:06:34:04 +0800] "GET /comments.php?p=585 HTTP/1.0" 200 836445 "http://wap.duanyunchao.com/comments.php?p=585#comment-64026" "Opera/9.80 (Windows NT 6.1; WOW64; Edition Yx) Presto/2.12.388 Version/12.10"
192.74.242.138 - - [02/Jul/2013:06:59:39 +0800] "GET /comments.php?p=585 HTTP/1.0" 200 831091 "http://wap.duanyunchao.com/comments.php?p=585#comment-64026" "Mozilla/5.0 (Windows NT 6.1) AppleWebKit/535.12 (KHTML, like Gecko) Maxthon/3.0 Chrome/18.0.966.0 Safari/535.12"
192.74.242.138 - - [02/Jul/2013:07:17:01 +0800] "GET /comments.php?p=585 HTTP/1.0" 200 897319 "http://wap.duanyunchao.com/comments.php?p=585#comment-64026" "Mozilla/5.0 (Windows NT 5.2; rv:16.0) Gecko/20100101 Firefox/16.0"
192.74.242.138 - - [02/Jul/2013:07:22:03 +0800] "GET /comments.php?p=585 HTTP/1.0" 200 856771 "http://wap.duanyunchao.com/comments.php?p=585#comment-64026" "Opera/9.80 (Windows NT 6.2; WOW64) Presto/2.12.388 Version/12.11"
192.74.240.106 - - [02/Jul/2013:07:41:15 +0800] "GET /comments.php?p=585 HTTP/1.0" 200 831180 "http://wap.duanyunchao.com/comments.php?p=585#comment-64026" "Opera/9.80 (Windows NT 5.1; Edition Yx) Presto/2.12.388 Version/12.11"
192.74.240.106 - - [02/Jul/2013:07:42:43 +0800] "GET /comments.php?p=585 HTTP/1.0" 200 831096 "http://wap.duanyunchao.com/comments.php?p=585#comment-64026" "Opera/9.80 (Windows NT 6.1; MRA 6.0 (build 6001)) Presto/2.12.388 Version/12.10"
192.74.242.138 - - [02/Jul/2013:07:46:30 +0800] "GET /comments.php?p=585 HTTP/1.0" 200 831125 "http://wap.duanyunchao.com/comments.php?p=585#comment-64026" "Mozilla/5.0 (Windows NT 6.0; rv:17.0) Gecko/17.0 Firefox/17.0"
91.236.74.121 - - [02/Jul/2013:08:17:06 +0800] "GET /comments.php?p=585 HTTP/1.0" 200 1197250 "http://wap.duanyunchao.com/comments.php?p=585" "Opera/9.80 (Windows NT 6.1; WOW64; Edition Yx) Presto/2.12.388 Version/12.11"
192.74.240.106 - - [02/Jul/2013:08:22:26 +0800] "GET /comments.php?p=585 HTTP/1.0" 200 831091 "http://wap.duanyunchao.com/comments.php?p=585#comment-64026" "Mozilla/5.0 (Windows NT 6.2; WOW64) AppleWebKit/537.11 (KHTML, like Gecko) Chrome/23.0.1271.91 Safari/537.11"
192.74.242.138 - - [02/Jul/2013:08:53:53 +0800] "GET /comments.php?p=585 HTTP/1.0" 200 831091 "http://wap.duanyunchao.com/comments.php?p=585#comment-64026" "Mozilla/5.0 (Windows NT 5.1; rv:7.0.1) Gecko/20100101 Firefox/7.0.1"
192.74.240.106 - - [02/Jul/2013:09:25:22 +0800] "GET /comments.php?p=585 HTTP/1.0" 200 832271 "http://wap.duanyunchao.com/comments.php?p=585#comment-64026" "Mozilla/5.0 (Windows NT 5.1) AppleWebKit/537.4 (KHTML, like Gecko) Chrome/22.0.1229.94 Safari/537.4"
192.74.240.106 - - [02/Jul/2013:09:26:31 +0800] "GET /comments.php?p=585 HTTP/1.0" 200 831096 "http://wap.duanyunchao.com/comments.php?p=585#comment-64026" "Mozilla/5.0 (Macintosh; Intel Mac OS X 10_8_2) AppleWebKit/537.1 (KHTML, like Gecko) Chrome/21.0.1180.82 Safari/537.1"
192.74.242.138 - - [02/Jul/2013:09:43:17 +0800] "GET /comments.php?p=585 HTTP/1.0" 200 849125 "http://wap.duanyunchao.com/comments.php?p=585#comment-64026" "Mozilla/4.0 (compatible; MSIE 6.0; Windows NT 5.2; SV1; .NET CLR 1.1.4322)"
192.74.242.138 - - [02/Jul/2013:09:52:15 +0800] "GET /comments.php?p=585 HTTP/1.0" 200 831125 "http://wap.duanyunchao.com/comments.php?p=585#comment-64026" "Mozilla/5.0 (Windows NT 6.1) AppleWebKit/536.5 (KHTML, like Gecko) YaBrowser/1.1.1084.5409 Chrome/19.1.1084.5409 Safari/536.5"
220.132.19.136 - - [02/Jul/2013:09:54:28 +0800] "GET / HTTP/1.1" 200 57 "http://duanyunchao.com/?p=156" "Mozilla/5.0 (Windows; U; MSIE 7.0; Windows NT 6.0; en-US)"
66.249.73.233 - - [02/Jul/2013:09:58:42 +0800] "GET /robots.txt HTTP/1.1" 404 - "-" "Mozilla/5.0 (compatible; Googlebot/2.1; +http://www.google.com/bot.html)"
66.249.73.233 - - [02/Jul/2013:09:58:42 +0800] "GET /comments.php?p=148 HTTP/1.1" 200 18509 "-" "Mozilla/5.0 (compatible; Googlebot/2.1; +http://www.google.com/bot.html)"
192.74.240.106 - - [02/Jul/2013:10:06:16 +0800] "GET /comments.php?p=585 HTTP/1.0" 200 831125 "http://wap.duanyunchao.com/comments.php?p=585#comment-64026" "Opera/9.80 (Windows NT 6.1; U; ru) Presto/2.7.39 Version/11.00"
192.74.242.138 - - [02/Jul/2013:10:26:42 +0800] "GET /comments.php?p=585 HTTP/1.0" 200 831125 "http://wap.duanyunchao.com/comments.php?p=585#comment-64026" "Opera/9.80 (Windows NT 6.1; WOW64; MRA 6.0 (build 5976)) Presto/2.12.388 Version/12.11"
192.74.242.138 - - [02/Jul/2013:10:31:13 +0800] "GET /comments.php?p=585 HTTP/1.0" 200 831091 "http://wap.duanyunchao.com/comments.php?p=585#comment-64026" "Mozilla/5.0 (Windows NT 6.1; WOW64; rv:14.0) Gecko/20100101 Firefox/14.0.1"
94.242.237.93 - - [02/Jul/2013:10:37:47 +0800] "GET /comments.php?p=585 HTTP/1.1" 200 262229 "-" "Mozilla/4.0 (compatible; MSIE 6.0; Windows NT 5.1; SV1)"
94.242.237.93 - - [02/Jul/2013:10:37:49 +0800] "GET /index-wap2.php HTTP/1.1" 200 10226 "-" "Mozilla/4.0 (compatible; MSIE 6.0; Windows NT 5.1; SV1)"
94.242.237.93 - - [02/Jul/2013:10:38:12 +0800] "GET /index-wap2.php?p=585 HTTP/1.1" 200 10470 "-" "Mozilla/4.0 (compatible; MSIE 6.0; Windows NT 5.1; SV1)"
117.26.201.151 - - [02/Jul/2013:10:40:04 +0800] "GET /comments.php?p=585 HTTP/1.0" 200 237114 "http://wap.duanyunchao.com/comments.php?p=585#comment-60532" "Mozilla/4.0 (compatible; MSIE 6.0; Windows NT 5.1; SV1; .NET CLR 2.0.50727)"
192.74.240.106 - - [02/Jul/2013:11:00:08 +0800] "GET /comments.php?p=585 HTTP/1.0" 200 831091 "http://wap.duanyunchao.com/comments.php?p=585#comment-64026" "Opera/9.80 (Windows NT 5.1; U; ru) Presto/2.10.289 Version/12.00"
192.74.240.106 - - [02/Jul/2013:11:02:12 +0800] "GET /comments.php?p=585 HTTP/1.0" 200 831144 "http://wap.duanyunchao.com/comments.php?p=585#comment-64026" "Mozilla/5.0 (Windows NT 6.0; WOW64) AppleWebKit/537.11 (KHTML, like Gecko) Chrome/23.0.1271.64 Safari/537.11"
192.74.242.138 - - [02/Jul/2013:11:11:12 +0800] "GET /comments.php?p=585 HTTP/1.0" 200 868579 "http://wap.duanyunchao.com/comments.php?p=585#comment-64026" "Mozilla/5.0 (Windows; U; Windows NT 5.1; ru; rv:1.9.0.19) Gecko/2010031422 Firefox/3.0.19 YB/3.5.1 (.NET CLR 3.5.30729)"
94.242.237.93 - - [02/Jul/2013:11:34:31 +0800] "GET /comments.php?p=585 HTTP/1.1" 200 235463 "-" "Mozilla/4.0 (compatible; MSIE 6.0; Windows NT 5.1; SV1)"
94.242.237.93 - - [02/Jul/2013:11:34:33 +0800] "GET /index-wap2.php HTTP/1.1" 200 10335 "-" "Mozilla/4.0 (compatible; MSIE 6.0; Windows NT 5.1; SV1)"
94.242.237.93 - - [02/Jul/2013:11:34:40 +0800] "GET /index-wap2.php?p=585 HTTP/1.1" 200 10470 "-" "Mozilla/4.0 (compatible; MSIE 6.0; Windows NT 5.1; SV1)"
192.74.240.106 - - [02/Jul/2013:11:40:19 +0800] "GET /comments.php?p=585 HTTP/1.0" 200 831096 "http://wap.duanyunchao.com/comments.php?p=585#comment-64026" "Mozilla/5.0 (Windows NT 6.1; rv:11.0) Gecko/20100101 Firefox/11.0"
192.74.242.138 - - [02/Jul/2013:11:55:14 +0800] "GET /comments.php?p=585 HTTP/1.0" 200 905613 "http://wap.duanyunchao.com/comments.php?p=585#comment-64026" "Opera/9.80 (Windows NT 6.1; WOW64; U; ru) Presto/2.10.289 Version/12.00"
36.248.169.92 - - [02/Jul/2013:12:07:16 +0800] "GET /comments.php?p=603 HTTP/1.1" 200 500593 "-" "Mozilla/4.0 (compatible; MSIE 6.0; Windows NT 5.1; SV1; TencentTraveler ; Mozilla/4.0 (compatible; MSIE 6.0; Windows NT 5.1; SV1) ; .NET CLR 2.0.50727)"
36.248.169.92 - - [02/Jul/2013:12:07:23 +0800] "POST /wap-comments-post.php HTTP/1.1" 302 - "http://wap.duanyunchao.com/comments.php?p=603#comment-64345" "Mozilla/4.0 (compatible; MSIE 6.0; Windows NT 5.1; SV1; Mozilla/4.0 (compatible; MSIE 6.0; Windows NT 5.1; SV1) )"
36.248.169.92 - - [02/Jul/2013:12:07:25 +0800] "GET /comments.php?p=603 HTTP/1.1" 200 500943 "-" "Mozilla/4.0 (compatible; MSIE 6.0; Windows NT 5.1; SV1; TencentTraveler ; Mozilla/4.0 (compatible; MSIE 6.0; Windows NT 5.1; SV1) ; .NET CLR 2.0.50727)"
36.248.169.92 - - [02/Jul/2013:12:07:34 +0800] "POST /wap-comments-post.php HTTP/1.1" 403 4150 "http://wap.duanyunchao.com/comments.php?p=603#comment-64345" "Mozilla/4.0 (compatible; MSIE 6.0; Windows NT 5.1; SV1; Mozilla/4.0 (compatible; MSIE 6.0; Windows NT 5.1; SV1) )"
36.248.169.92 - - [02/Jul/2013:12:07:36 +0800] "POST /wap-comments-post.php HTTP/1.1" 403 4150 "http://wap.duanyunchao.com/comments.php?p=603#comment-64345" "Mozilla/4.0 (compatible; MSIE 6.0; Windows NT 5.1; SV1; Mozilla/4.0 (compatible; MSIE 6.0; Windows NT 5.1; SV1) )"
36.248.169.92 - - [02/Jul/2013:12:07:42 +0800] "POST /wap-comments-post.php HTTP/1.1" 302 - "http://wap.duanyunchao.com/comments.php?p=603#comment-64345" "Mozilla/4.0 (compatible; MSIE 6.0; Windows NT 5.1; SV1; Mozilla/4.0 (compatible; MSIE 6.0; Windows NT 5.1; SV1) )"
192.74.242.138 - - [02/Jul/2013:12:07:41 +0800] "GET /comments.php?p=585 HTTP/1.0" 200 918893 "http://wap.duanyunchao.com/comments.php?p=585#comment-64026" "Opera/9.80 (Windows NT 6.1; U; ru) Presto/2.7.39 Version/11.00"
36.248.169.92 - - [02/Jul/2013:12:07:44 +0800] "GET /comments.php?p=603 HTTP/1.1" 200 501298 "http://wap.duanyunchao.com/comments.php?p=603#comment-64345" "Mozilla/4.0 (compatible; MSIE 6.0; Windows NT 5.1; SV1; Mozilla/4.0 (compatible; MSIE 6.0; Windows NT 5.1; SV1) )"
36.248.169.92 - - [02/Jul/2013:12:08:38 +0800] "POST /wap-comments-post.php HTTP/1.1" 302 - "http://wap.duanyunchao.com/comments.php?p=603#comment-64345" "Mozilla/4.0 (compatible; MSIE 6.0; Windows NT 5.1; SV1; Mozilla/4.0 (compatible; MSIE 6.0; Windows NT 5.1; SV1) )"
36.248.169.92 - - [02/Jul/2013:12:08:40 +0800] "GET /comments.php?p=603 HTTP/1.1" 200 501677 "http://wap.duanyunchao.com/comments.php?p=603#comment-64345" "Mozilla/4.0 (compatible; MSIE 6.0; Windows NT 5.1; SV1; Mozilla/4.0 (compatible; MSIE 6.0; Windows NT 5.1; SV1) )"
192.74.242.138 - - [02/Jul/2013:12:14:27 +0800] "GET /comments.php?p=585 HTTP/1.0" 200 834858 "http://wap.duanyunchao.com/comments.php?p=585#comment-64026" "Mozilla/5.0 (Windows NT 6.2; WOW64) AppleWebKit/537.11 (KHTML, like Gecko) Chrome/23.0.1271.64 Safari/537.11"
117.26.201.151 - - [02/Jul/2013:12:17:07 +0800] "GET /comments.php?p=585 HTTP/1.0" 200 346692 "http://wap.duanyunchao.com/comments.php?p=585#comment-60532" "Mozilla/4.0 (compatible; MSIE 6.0; Windows NT 5.1; SV1; .NET CLR 2.0.50727)"
192.74.243.66 - - [02/Jul/2013:12:25:31 +0800] "GET /comments.php?p=585 HTTP/1.0" 200 770465 "http://wap.duanyunchao.com/comments.php?p=585#comment-64026" "Mozilla/5.0 (Windows NT 6.1; rv:14.0) Gecko/20100101 Firefox/14.0.1"
192.74.240.106 - - [02/Jul/2013:12:27:28 +0800] "GET /comments.php?p=585 HTTP/1.0" 200 832213 "http://wap.duanyunchao.com/comments.php?p=585#comment-64026" "Mozilla/5.0 (Windows NT 6.1; rv:16.0) Gecko/20100101 Firefox/16.0"
192.74.243.66 - - [02/Jul/2013:12:28:58 +0800] "GET /comments.php?p=585 HTTP/1.0" 200 771909 "http://wap.duanyunchao.com/comments.php?p=585#comment-64026" "Mozilla/5.0 (Windows; U; Windows NT 6.1; en-US; rv:1.9.2.22) Gecko/20110902 Firefox/3.6.22"
192.74.240.106 - - [02/Jul/2013:12:29:21 +0800] "GET /comments.php?p=585 HTTP/1.0" 200 833137 "http://wap.duanyunchao.com/comments.php?p=585#comment-64026" "Mozilla/5.0 (Windows NT 6.0) AppleWebKit/537.11 (KHTML, like Gecko) Chrome/23.0.1271.95 Safari/537.11"
192.74.242.138 - - [02/Jul/2013:12:41:29 +0800] "GET /comments.php?p=585 HTTP/1.0" 200 831180 "http://wap.duanyunchao.com/comments.php?p=585#comment-64026" "Mozilla/5.0 (Windows; U; Windows NT 6.1; en-US; rv:1.9.2.22) Gecko/20110902 Firefox/3.6.22"
95.211.129.17 - - [02/Jul/2013:12:53:08 +0800] "GET / HTTP/1.0" 200 57 "-" "-"
123.125.71.96 - - [02/Jul/2013:13:02:50 +0800] "GET /index-wap.php?p=670 HTTP/1.1" 200 901 "-" "Mozilla/5.0 (compatible; Baiduspider/2.0; +http://www.baidu.com/search/spider.html)"
192.74.240.106 - - [02/Jul/2013:13:09:51 +0800] "GET /comments.php?p=585 HTTP/1.0" 200 831091 "http://wap.duanyunchao.com/comments.php?p=585#comment-64026" "Opera/9.80 (Windows NT 6.2; WOW64; MRA 8.0 (build 5784)) Presto/2.12.388 Version/12.10"
192.74.242.138 - - [02/Jul/2013:13:16:05 +0800] "GET /comments.php?p=585 HTTP/1.0" 200 831180 "http://wap.duanyunchao.com/comments.php?p=585#comment-64026" "Mozilla/5.0 (Windows NT 6.1) AppleWebKit/537.11 (KHTML, like Gecko) Chrome/23.0.1271.91 Safari/537.11"
192.74.242.138 - - [02/Jul/2013:13:51:47 +0800] "GET /comments.php?p=585 HTTP/1.0" 200 836509 "http://wap.duanyunchao.com/comments.php?p=585#comment-64026" "Opera/9.80 (Windows NT 5.1) Presto/2.12.388 Version/12.10"
192.74.240.106 - - [02/Jul/2013:13:53:29 +0800] "GET /comments.php?p=585 HTTP/1.0" 200 831125 "http://wap.duanyunchao.com/comments.php?p=585#comment-64026" "Mozilla/5.0 (Windows NT 5.2; rv:12.0) Gecko/20100101 Firefox/12.0"
192.74.240.106 - - [02/Jul/2013:13:55:10 +0800] "GET /comments.php?p=585 HTTP/1.0" 200 831023 "http://wap.duanyunchao.com/comments.php?p=585#comment-64026" "Mozilla/5.0 (Windows NT 6.1) AppleWebKit/535.1 (KHTML, like Gecko) Chrome/14.0.835.163 Safari/535.1"
192.74.243.66 - - [02/Jul/2013:13:59:08 +0800] "GET /comments.php?p=585 HTTP/1.0" 200 771899 "http://wap.duanyunchao.com/comments.php?p=585#comment-64026" "Mozilla/5.0 (Windows NT 6.2) AppleWebKit/537.11 (KHTML, like Gecko) Chrome/23.0.1271.95 Safari/537.11"
192.74.242.138 - - [02/Jul/2013:14:18:16 +0800] "GET /comments.php?p=585 HTTP/1.0" 200 831144 "http://wap.duanyunchao.com/comments.php?p=585#comment-64026" "Opera/9.80 (Windows NT 6.0) Presto/2.12.388 Version/12.10"
192.74.240.106 - - [02/Jul/2013:14:37:37 +0800] "GET /comments.php?p=585 HTTP/1.0" 200 831091 "http://wap.duanyunchao.com/comments.php?p=585#comment-64026" "Mozilla/5.0 (Windows NT 5.1; rv:5.0.1) Gecko/20100101 Firefox/5.0.1"
192.74.242.138 - - [02/Jul/2013:14:41:43 +0800] "GET /comments.php?p=585 HTTP/1.0" 200 831096 "http://wap.duanyunchao.com/comments.php?p=585#comment-64026" "Opera/9.80 (Windows NT 6.1; WOW64; MRA 8.0 (build 5784)) Presto/2.12.388 Version/12.10"
37.59.213.209 - - [02/Jul/2013:14:59:53 +0800] "GET /comments.php%3Fp%3D135 HTTP/1.1" 404 - "-" "Opera/9.80 (Android 2.2; Linux; Opera Mobi/ADR-2093533120; U; pl) Presto/2.7.60 Version/10.5"
192.74.242.138 - - [02/Jul/2013:15:04:38 +0800] "GET /comments.php?p=585 HTTP/1.0" 200 831144 "http://wap.duanyunchao.com/comments.php?p=585#comment-64026" "Mozilla/5.0 (Windows; U; Windows NT 5.1; en-US) AppleWebKit/534.16 (KHTML, like Gecko) Chrome/10.0.648.204 Safari/534.16"
192.74.240.106 - - [02/Jul/2013:15:19:58 +0800] "GET /comments.php?p=585 HTTP/1.0" 200 831125 "http://wap.duanyunchao.com/comments.php?p=585#comment-64026" "Mozilla/5.0 (Windows NT 5.1; rv:12.0) Gecko/20100101 Firefox/12.0"
192.74.240.106 - - [02/Jul/2013:15:20:47 +0800] "GET /comments.php?p=585 HTTP/1.0" 200 831180 "http://wap.duanyunchao.com/comments.php?p=585#comment-64026" "Opera/9.80 (Windows NT 5.1; MRA 6.0 (build 5998)) Presto/2.12.388 Version/12.11"
192.74.243.66 - - [02/Jul/2013:15:27:39 +0800] "GET /comments.php?p=585 HTTP/1.0" 200 771333 "http://wap.duanyunchao.com/comments.php?p=585#comment-64026" "Opera/9.80 (Windows NT 5.1; U; ru) Presto/2.10.229 Version/11.64"
192.74.242.138 - - [02/Jul/2013:15:34:41 +0800] "GET /comments.php?p=585 HTTP/1.0" 200 831125 "http://wap.duanyunchao.com/comments.php?p=585#comment-64026" "Opera/9.80 (Windows NT 5.1; U; YB/3.5.1; ru) Presto/2.10.229 Version/11.64"
192.74.242.138 - - [02/Jul/2013:15:42:31 +0800] "GET /comments.php?p=585 HTTP/1.0" 200 831289 "http://wap.duanyunchao.com/comments.php?p=585#comment-64026" "Mozilla/5.0 (Windows; U; Windows NT 6.1; en-US; rv:1.9.2.22) Gecko/20110902 Firefox/3.6.22"
192.74.242.138 - - [02/Jul/2013:16:00:52 +0800] "GET /comments.php?p=585 HTTP/1.0" 200 831091 "http://wap.duanyunchao.com/comments.php?p=585#comment-64026" "Mozilla/4.0 (compatible; MSIE 8.0; Windows NT 5.1; Trident/4.0; .NET CLR 1.1.4322; .NET CLR 2.0.50727; .NET CLR 3.0.4506.2152; .NET CLR 3.5.30729)"
192.74.240.106 - - [02/Jul/2013:16:07:19 +0800] "GET /comments.php?p=585 HTTP/1.0" 200 831125 "http://wap.duanyunchao.com/comments.php?p=585#comment-64026" "Mozilla/5.0 (Windows NT 6.1; rv:13.0) Gecko/20100101 Firefox/13.0.1"
117.26.201.151 - - [02/Jul/2013:16:21:57 +0800] "GET /comments.php?p=585 HTTP/1.1" 200 1314711 "-" "Mozilla/4.0 (compatible; MSIE 6.0; Windows NT 5.1; SV1; TencentTraveler ; Mozilla/4.0 (compatible; MSIE 6.0; Windows NT 5.1; SV1) ; .NET CLR 2.0.50727)"
117.26.201.151 - - [02/Jul/2013:16:22:04 +0800] "POST /wap-comments-post.php HTTP/1.1" 302 - "http://wap.duanyunchao.com/comments.php?p=585#comment-60532" "Mozilla/4.0 (compatible; MSIE 6.0; Windows NT 5.1; SV1; Mozilla/4.0 (compatible; MSIE 6.0; Windows NT 5.1; SV1) )"
117.26.201.151 - - [02/Jul/2013:16:22:10 +0800] "GET /comments.php?p=585 HTTP/1.1" 200 1315158 "-" "Mozilla/4.0 (compatible; MSIE 6.0; Windows NT 5.1; SV1; TencentTraveler ; Mozilla/4.0 (compatible; MSIE 6.0; Windows NT 5.1; SV1) ; .NET CLR 2.0.50727)"
117.26.201.151 - - [02/Jul/2013:16:22:18 +0800] "POST /wap-comments-post.php HTTP/1.1" 403 4150 "http://wap.duanyunchao.com/comments.php?p=585#comment-60532" "Mozilla/4.0 (compatible; MSIE 6.0; Windows NT 5.1; SV1; Mozilla/4.0 (compatible; MSIE 6.0; Windows NT 5.1; SV1) )"
117.26.201.151 - - [02/Jul/2013:16:22:19 +0800] "POST /wap-comments-post.php HTTP/1.1" 302 - "http://wap.duanyunchao.com/comments.php?p=585#comment-60532" "Mozilla/4.0 (compatible; MSIE 6.0; Windows NT 5.1; SV1; Mozilla/4.0 (compatible; MSIE 6.0; Windows NT 5.1; SV1) )"
117.26.201.151 - - [02/Jul/2013:16:22:20 +0800] "GET /comments.php?p=585 HTTP/1.1" 200 1315625 "http://wap.duanyunchao.com/comments.php?p=585#comment-60532" "Mozilla/4.0 (compatible; MSIE 6.0; Windows NT 5.1; SV1; Mozilla/4.0 (compatible; MSIE 6.0; Windows NT 5.1; SV1) )"
117.26.201.151 - - [02/Jul/2013:16:22:30 +0800] "POST /wap-comments-post.php HTTP/1.1" 403 4150 "http://wap.duanyunchao.com/comments.php?p=585#comment-60532" "Mozilla/4.0 (compatible; MSIE 6.0; Windows NT 5.1; SV1; Mozilla/4.0 (compatible; MSIE 6.0; Windows NT 5.1; SV1) )"
117.26.201.151 - - [02/Jul/2013:16:22:31 +0800] "POST /wap-comments-post.php HTTP/1.1" 403 4150 "http://wap.duanyunchao.com/comments.php?p=585#comment-60532" "Mozilla/4.0 (compatible; MSIE 6.0; Windows NT 5.1; SV1; Mozilla/4.0 (compatible; MSIE 6.0; Windows NT 5.1; SV1) )"
117.26.201.151 - - [02/Jul/2013:16:22:33 +0800] "POST /wap-comments-post.php HTTP/1.1" 403 4150 "http://wap.duanyunchao.com/comments.php?p=585#comment-60532" "Mozilla/4.0 (compatible; MSIE 6.0; Windows NT 5.1; SV1; Mozilla/4.0 (compatible; MSIE 6.0; Windows NT 5.1; SV1) )"
117.26.201.151 - - [02/Jul/2013:16:22:35 +0800] "POST /wap-comments-post.php HTTP/1.1" 302 - "http://wap.duanyunchao.com/comments.php?p=585#comment-60532" "Mozilla/4.0 (compatible; MSIE 6.0; Windows NT 5.1; SV1; Mozilla/4.0 (compatible; MSIE 6.0; Windows NT 5.1; SV1) )"
117.26.201.151 - - [02/Jul/2013:16:22:36 +0800] "GET /comments.php?p=585 HTTP/1.1" 200 1316113 "http://wap.duanyunchao.com/comments.php?p=585#comment-60532" "Mozilla/4.0 (compatible; MSIE 6.0; Windows NT 5.1; SV1; Mozilla/4.0 (compatible; MSIE 6.0; Windows NT 5.1; SV1) )"
188.143.232.31 - - [02/Jul/2013:16:32:23 +0800] "GET /comments.php?p=603 HTTP/1.1" 200 501677 "-" "Mozilla/4.0 (compatible; MSIE 6.0; Windows NT 5.1; SV1)"
188.143.232.31 - - [02/Jul/2013:16:32:31 +0800] "POST /wap-comments-post.php HTTP/1.1" 302 - "http://wap.duanyunchao.com/comments.php?p=603" "Mozilla/4.0 (compatible; MSIE 6.0; Windows NT 5.1; SV1)"
188.143.232.31 - - [02/Jul/2013:16:32:33 +0800] "GET /comments.php?p=603 HTTP/1.1" 200 502125 "http://wap.duanyunchao.com/comments.php?p=603" "Mozilla/4.0 (compatible; MSIE 6.0; Windows NT 5.1; SV1)"
188.143.232.31 - - [02/Jul/2013:16:32:37 +0800] "POST /wap-comments-post.php HTTP/1.1" 403 4150 "http://wap.duanyunchao.com/comments.php?p=603" "Mozilla/4.0 (compatible; MSIE 6.0; Windows NT 5.1; SV1)"
192.74.242.138 - - [02/Jul/2013:16:42:16 +0800] "GET /comments.php?p=585 HTTP/1.0" 200 831180 "http://wap.duanyunchao.com/comments.php?p=585#comment-64026" "Mozilla/5.0 (Windows NT 5.1; rv:15.0) Gecko/20100101 Firefox/15.0"
192.74.240.106 - - [02/Jul/2013:16:46:47 +0800] "GET /comments.php?p=585 HTTP/1.0" 200 831091 "http://wap.duanyunchao.com/comments.php?p=585#comment-64026" "Mozilla/5.0 (Windows NT 6.1) AppleWebKit/534.57.2 (KHTML, like Gecko) Version/5.1.7 Safari/534.57.2"
192.74.240.106 - - [02/Jul/2013:16:48:04 +0800] "GET /comments.php?p=585 HTTP/1.0" 200 831125 "http://wap.duanyunchao.com/comments.php?p=585#comment-64026" "Mozilla/5.0 (Windows NT 6.1; rv:10.0) Gecko/20100101 Firefox/10.0"
192.74.242.138 - - [02/Jul/2013:16:49:12 +0800] "GET /comments.php?p=585 HTTP/1.0" 200 831180 "http://wap.duanyunchao.com/comments.php?p=585#comment-64026" "Mozilla/5.0 (Windows NT 6.1; WOW64; rv:14.0) Gecko/20100101 Firefox/14.0.1"
192.74.243.66 - - [02/Jul/2013:16:55:31 +0800] "GET /comments.php?p=585 HTTP/1.0" 200 773908 "http://wap.duanyunchao.com/comments.php?p=585#comment-64026" "Mozilla/5.0 (Windows NT 6.1; Win64; x64; rv:11.0) Gecko/20120313 Firefox/11.0"
117.26.201.151 - - [02/Jul/2013:17:17:24 +0800] "GET /comments.php?p=585 HTTP/1.0" 200 10283 "http://wap.duanyunchao.com/comments.php?p=585#comment-60532" "Mozilla/4.0 (compatible; MSIE 6.0; Windows NT 5.1; SV1; .NET CLR 2.0.50727)"
192.74.242.138 - - [02/Jul/2013:17:38:23 +0800] "GET /comments.php?p=585 HTTP/1.0" 200 831144 "http://wap.duanyunchao.com/comments.php?p=585#comment-64026" "Opera/9.80 (Windows NT 6.1; WOW64; U; MRA 8.0 (build 5880); ru) Presto/2.10.289 Version/12.02"
192.74.240.106 - - [02/Jul/2013:17:40:58 +0800] "GET /comments.php?p=585 HTTP/1.0" 200 831091 "http://wap.duanyunchao.com/comments.php?p=585#comment-64026" "Mozilla/5.0 (Windows NT 5.2; rv:17.0) Gecko/17.0 Firefox/17.0"
113.118.197.79 - - [02/Jul/2013:18:06:45 +0800] "GET /comments.php?p=603 HTTP/1.0" 200 502125 "http://wap.duanyunchao.com/comments.php?p=603#comment-67994" "Mozilla/5.0 (Windows NT 6.1; WOW64; rv:9.0.1) Gecko/20100101 Firefox/9.0.1"
113.118.197.79 - - [02/Jul/2013:18:06:52 +0800] "POST /wap-comments-post.php HTTP/1.0" 302 - "http://wap.duanyunchao.com/comments.php?p=603#comment-67994" "Mozilla/5.0 (Windows NT 6.1; WOW64; rv:9.0.1) Gecko/20100101 Firefox/9.0.1"
113.118.197.79 - - [02/Jul/2013:18:06:55 +0800] "GET /comments.php?p=603 HTTP/1.0" 200 504274 "http://wap.duanyunchao.com/comments.php?p=603#comment-77495" "Mozilla/5.0 (Windows NT 6.1; WOW64; rv:9.0.1) Gecko/20100101 Firefox/9.0.1"
192.74.242.138 - - [02/Jul/2013:18:09:37 +0800] "GET /comments.php?p=585 HTTP/1.0" 200 832179 "http://wap.duanyunchao.com/comments.php?p=585#comment-64026" "Opera/9.80 (Windows NT 5.1) Presto/2.12.388 Version/12.10"
192.74.242.138 - - [02/Jul/2013:18:11:18 +0800] "GET /comments.php?p=585 HTTP/1.0" 200 831091 "http://wap.duanyunchao.com/comments.php?p=585#comment-64026" "Mozilla/5.0 (Windows NT 6.2; WOW64; rv:17.0) Gecko/17.0 Firefox/17.0"
192.74.240.106 - - [02/Jul/2013:18:24:43 +0800] "GET /comments.php?p=585 HTTP/1.0" 200 834858 "http://wap.duanyunchao.com/comments.php?p=585#comment-64026" "Mozilla/5.0 (Windows NT 6.1; WOW64) AppleWebKit/537.1 (KHTML, like Gecko) Chrome/21.0.1180.89 Safari/537.1"
192.74.243.66 - - [02/Jul/2013:18:28:18 +0800] "GET /comments.php?p=585 HTTP/1.0" 200 771373 "http://wap.duanyunchao.com/comments.php?p=585#comment-64026" "Mozilla/5.0 (Windows; U; Windows NT 6.1; en-US) AppleWebKit/533.4 (KHTML, like Gecko) Iron/5.0.381.0 Chrome/5.0.381 Safari/533.4"
192.74.240.106 - - [02/Jul/2013:18:31:02 +0800] "GET /comments.php?p=585 HTTP/1.0" 200 831125 "http://wap.duanyunchao.com/comments.php?p=585#comment-64026" "Mozilla/5.0 (Macintosh; Intel Mac OS X 10.8; rv:16.0) Gecko/20100101 Firefox/16.0"
176.31.181.226 - - [02/Jul/2013:18:36:47 +0800] "GET /comments.php?p=552 HTTP/1.1" 200 42489 "-" "Mozilla/4.0 (compatible; MSIE 6.0; Windows NT 5.1; SV1)"
176.31.181.226 - - [02/Jul/2013:18:36:50 +0800] "POST /wap-comments-post.php HTTP/1.1" 302 - "http://wap.duanyunchao.com/comments.php?p=552" "Mozilla/4.0 (compatible; MSIE 6.0; Windows NT 5.1; SV1)"
176.31.181.226 - - [02/Jul/2013:18:36:53 +0800] "GET /comments.php?p=552 HTTP/1.1" 200 42877 "http://wap.duanyunchao.com/comments.php?p=552" "Mozilla/4.0 (compatible; MSIE 6.0; Windows NT 5.1; SV1)"
66.249.73.233 - - [02/Jul/2013:18:36:59 +0800] "GET /comments.php?p=135 HTTP/1.1" 200 6109560 "-" "DoCoMo/2.0 N905i(c100;TB;W24H16) (compatible; Googlebot-Mobile/2.1; +http://www.google.com/bot.html)"
91.121.176.101 - - [02/Jul/2013:18:38:48 +0800] "GET /comments.php?p=80 HTTP/1.1" 200 32416 "-" "Mozilla/4.0 (compatible; MSIE 6.0; Windows NT 5.1; SV1)"
91.121.176.101 - - [02/Jul/2013:18:38:49 +0800] "POST /wap-comments-post.php HTTP/1.1" 302 - "http://wap.duanyunchao.com/comments.php?p=80" "Mozilla/4.0 (compatible; MSIE 6.0; Windows NT 5.1; SV1)"
91.121.176.101 - - [02/Jul/2013:18:38:51 +0800] "GET /comments.php?p=80 HTTP/1.1" 200 32794 "http://wap.duanyunchao.com/comments.php?p=80" "Mozilla/4.0 (compatible; MSIE 6.0; Windows NT 5.1; SV1)"
66.249.73.233 - - [02/Jul/2013:18:39:04 +0800] "GET /index-wap2.php?p=135 HTTP/1.1" 200 11614 "-" "DoCoMo/2.0 N905i(c100;TB;W24H16) (compatible; Googlebot-Mobile/2.1; +http://www.google.com/bot.html)"
192.74.242.138 - - [02/Jul/2013:18:39:36 +0800] "GET /comments.php?p=585 HTTP/1.0" 200 835046 "http://wap.duanyunchao.com/comments.php?p=585#comment-64026" "Opera/9.80 (Windows NT 6.1; WOW64; MRA 8.0 (build 5784)) Presto/2.12.388 Version/12.10"
91.121.176.101 - - [02/Jul/2013:18:39:49 +0800] "GET /comments.php?p=531 HTTP/1.1" 200 46959 "-" "Mozilla/4.0 (compatible; MSIE 6.0; Windows NT 5.1; SV1)"
91.121.176.101 - - [02/Jul/2013:18:39:52 +0800] "POST /wap-comments-post.php HTTP/1.1" 302 - "http://wap.duanyunchao.com/comments.php?p=531" "Mozilla/4.0 (compatible; MSIE 6.0; Windows NT 5.1; SV1)"
91.121.176.101 - - [02/Jul/2013:18:39:57 +0800] "GET /comments.php?p=531 HTTP/1.1" 200 47345 "http://wap.duanyunchao.com/comments.php?p=531" "Mozilla/4.0 (compatible; MSIE 6.0; Windows NT 5.1; SV1)"
113.118.197.79 - - [02/Jul/2013:18:41:20 +0800] "GET /comments.php?p=603 HTTP/1.0" 200 504274 "http://wap.duanyunchao.com/comments.php?p=603#comment-71184" "Mozilla/5.0 (Windows NT 6.1; WOW64) AppleWebKit/535.19 (KHTML, like Gecko) Chrome/18.0.1025.1634 Safari/535.19 YI"
113.118.197.79 - - [02/Jul/2013:18:41:38 +0800] "POST /wap-comments-post.php HTTP/1.0" 302 - "http://wap.duanyunchao.com/comments.php?p=603#comment-71184" "Mozilla/5.0 (Windows NT 6.1; WOW64) AppleWebKit/535.19 (KHTML, like Gecko) Chrome/18.0.1025.1634 Safari/535.19 YI"
113.118.197.79 - - [02/Jul/2013:18:41:40 +0800] "GET /comments.php?p=603 HTTP/1.0" 200 504845 "http://wap.duanyunchao.com/comments.php?p=603#comment-77522" "Mozilla/5.0 (Windows NT 6.1; WOW64) AppleWebKit/535.19 (KHTML, like Gecko) Chrome/18.0.1025.1634 Safari/535.19 YI"
176.31.181.226 - - [02/Jul/2013:18:44:36 +0800] "GET /comments.php?p=337 HTTP/1.1" 200 15885 "-" "Mozilla/4.0 (compatible; MSIE 6.0; Windows NT 5.1; SV1)"
176.31.181.226 - - [02/Jul/2013:18:44:38 +0800] "POST /wap-comments-post.php HTTP/1.1" 403 4150 "http://wap.duanyunchao.com/comments.php?p=337" "Mozilla/4.0 (compatible; MSIE 6.0; Windows NT 5.1; SV1)"
91.121.176.101 - - [02/Jul/2013:18:44:58 +0800] "GET /comments.php?p=395 HTTP/1.1" 200 36171 "-" "Mozilla/4.0 (compatible; MSIE 6.0; Windows NT 5.1; SV1)"
91.121.176.101 - - [02/Jul/2013:18:45:00 +0800] "POST /wap-comments-post.php HTTP/1.1" 302 - "http://wap.duanyunchao.com/comments.php?p=395" "Mozilla/4.0 (compatible; MSIE 6.0; Windows NT 5.1; SV1)"
91.121.176.101 - - [02/Jul/2013:18:45:01 +0800] "GET /comments.php?p=395 HTTP/1.1" 200 36557 "http://wap.duanyunchao.com/comments.php?p=395" "Mozilla/4.0 (compatible; MSIE 6.0; Windows NT 5.1; SV1)"
66.249.73.233 - - [02/Jul/2013:18:45:01 +0800] "GET /index-wap2.php?p=137 HTTP/1.1" 200 3741 "-" "DoCoMo/2.0 N905i(c100;TB;W24H16) (compatible; Googlebot-Mobile/2.1; +http://www.google.com/bot.html)"
66.249.73.233 - - [02/Jul/2013:18:45:03 +0800] "GET /index-wap2.php?cat=16 HTTP/1.1" 200 6618 "-" "DoCoMo/2.0 N905i(c100;TB;W24H16) (compatible; Googlebot-Mobile/2.1; +http://www.google.com/bot.html)"
66.249.73.233 - - [02/Jul/2013:18:45:43 +0800] "GET /index-wap2.php?p=133 HTTP/1.1" 200 8560 "-" "DoCoMo/2.0 N905i(c100;TB;W24H16) (compatible; Googlebot-Mobile/2.1; +http://www.google.com/bot.html)"
91.121.176.101 - - [02/Jul/2013:18:46:16 +0800] "GET /comments.php?p=133 HTTP/1.1" 200 25110 "-" "Mozilla/4.0 (compatible; MSIE 6.0; Windows NT 5.1; SV1)"
91.121.176.101 - - [02/Jul/2013:18:46:17 +0800] "POST /wap-comments-post.php HTTP/1.1" 302 - "http://wap.duanyunchao.com/comments.php?p=133" "Mozilla/4.0 (compatible; MSIE 6.0; Windows NT 5.1; SV1)"
91.121.176.101 - - [02/Jul/2013:18:46:23 +0800] "GET /comments.php?p=133 HTTP/1.1" 200 25505 "http://wap.duanyunchao.com/comments.php?p=133" "Mozilla/4.0 (compatible; MSIE 6.0; Windows NT 5.1; SV1)"
91.121.176.101 - - [02/Jul/2013:18:46:38 +0800] "GET /comments.php?p=329 HTTP/1.1" 200 24390 "-" "Mozilla/4.0 (compatible; MSIE 6.0; Windows NT 5.1; SV1)"
91.121.176.101 - - [02/Jul/2013:18:46:39 +0800] "POST /wap-comments-post.php HTTP/1.1" 302 - "http://wap.duanyunchao.com/comments.php?p=329" "Mozilla/4.0 (compatible; MSIE 6.0; Windows NT 5.1; SV1)"
91.121.176.101 - - [02/Jul/2013:18:46:42 +0800] "GET /comments.php?p=329 HTTP/1.1" 200 24771 "http://wap.duanyunchao.com/comments.php?p=329" "Mozilla/4.0 (compatible; MSIE 6.0; Windows NT 5.1; SV1)"
66.249.73.233 - - [02/Jul/2013:18:48:25 +0800] "GET /index-wap2.php?cat=1 HTTP/1.1" 200 10284 "-" "DoCoMo/2.0 N905i(c100;TB;W24H16) (compatible; Googlebot-Mobile/2.1; +http://www.google.com/bot.html)"
91.121.176.101 - - [02/Jul/2013:18:48:53 +0800] "GET /comments.php?p=598 HTTP/1.1" 200 54462 "-" "Mozilla/4.0 (compatible; MSIE 6.0; Windows NT 5.1; SV1)"
91.121.176.101 - - [02/Jul/2013:18:48:55 +0800] "POST /wap-comments-post.php HTTP/1.1" 302 - "http://wap.duanyunchao.com/comments.php?p=598" "Mozilla/4.0 (compatible; MSIE 6.0; Windows NT 5.1; SV1)"
91.121.176.101 - - [02/Jul/2013:18:48:57 +0800] "GET /comments.php?p=598 HTTP/1.1" 200 54845 "http://wap.duanyunchao.com/comments.php?p=598" "Mozilla/4.0 (compatible; MSIE 6.0; Windows NT 5.1; SV1)"
66.249.73.233 - - [02/Jul/2013:18:50:12 +0800] "GET /comments.php?p=137 HTTP/1.1" 200 48479 "-" "DoCoMo/2.0 N905i(c100;TB;W24H16) (compatible; Googlebot-Mobile/2.1; +http://www.google.com/bot.html)"
66.249.73.233 - - [02/Jul/2013:18:50:13 +0800] "GET /index-wap2.php?p=141 HTTP/1.1" 200 11623 "-" "DoCoMo/2.0 N905i(c100;TB;W24H16) (compatible; Googlebot-Mobile/2.1; +http://www.google.com/bot.html)"
66.249.73.233 - - [02/Jul/2013:18:50:14 +0800] "GET /comments.php?p=80 HTTP/1.1" 200 32794 "-" "DoCoMo/2.0 N905i(c100;TB;W24H16) (compatible; Googlebot-Mobile/2.1; +http://www.google.com/bot.html)"
66.249.73.233 - - [02/Jul/2013:18:50:19 +0800] "GET /comments.php?p=133 HTTP/1.1" 200 25505 "-" "DoCoMo/2.0 N905i(c100;TB;W24H16) (compatible; Googlebot-Mobile/2.1; +http://www.google.com/bot.html)"
66.249.73.233 - - [02/Jul/2013:18:50:24 +0800] "GET /comments.php?p=643 HTTP/1.1" 200 50086 "-" "DoCoMo/2.0 N905i(c100;TB;W24H16) (compatible; Googlebot-Mobile/2.1; +http://www.google.com/bot.html)"
66.249.73.233 - - [02/Jul/2013:18:50:29 +0800] "GET /comments.php?p=225 HTTP/1.1" 200 24292 "-" "DoCoMo/2.0 N905i(c100;TB;W24H16) (compatible; Googlebot-Mobile/2.1; +http://www.google.com/bot.html)"
66.249.73.233 - - [02/Jul/2013:18:50:35 +0800] "GET /comments.php?p=531 HTTP/1.1" 200 47345 "-" "DoCoMo/2.0 N905i(c100;TB;W24H16) (compatible; Googlebot-Mobile/2.1; +http://www.google.com/bot.html)"
66.249.73.233 - - [02/Jul/2013:18:50:45 +0800] "GET /comments.php?p=658 HTTP/1.1" 200 32785 "-" "DoCoMo/2.0 N905i(c100;TB;W24H16) (compatible; Googlebot-Mobile/2.1; +http://www.google.com/bot.html)"
66.249.73.233 - - [02/Jul/2013:18:50:51 +0800] "GET /comments.php?p=127 HTTP/1.1" 200 30484 "-" "DoCoMo/2.0 N905i(c100;TB;W24H16) (compatible; Googlebot-Mobile/2.1; +http://www.google.com/bot.html)"
66.249.73.233 - - [02/Jul/2013:18:51:08 +0800] "GET /comments.php?p=654 HTTP/1.1" 200 5538027 "-" "DoCoMo/2.0 N905i(c100;TB;W24H16) (compatible; Googlebot-Mobile/2.1; +http://www.google.com/bot.html)"
66.249.73.233 - - [02/Jul/2013:18:52:33 +0800] "GET /comments.php?p=163 HTTP/1.1" 200 39393 "-" "DoCoMo/2.0 N905i(c100;TB;W24H16) (compatible; Googlebot-Mobile/2.1; +http://www.google.com/bot.html)"
66.249.73.233 - - [02/Jul/2013:18:52:45 +0800] "GET /comments.php?p=667 HTTP/1.1" 200 40523 "-" "DoCoMo/2.0 N905i(c100;TB;W24H16) (compatible; Googlebot-Mobile/2.1; +http://www.google.com/bot.html)"
66.249.73.233 - - [02/Jul/2013:18:52:47 +0800] "GET /comments.php?p=685 HTTP/1.1" 200 17679 "-" "DoCoMo/2.0 N905i(c100;TB;W24H16) (compatible; Googlebot-Mobile/2.1; +http://www.google.com/bot.html)"
66.249.73.233 - - [02/Jul/2013:18:52:49 +0800] "GET /comments.php?p=651 HTTP/1.1" 200 42840 "-" "DoCoMo/2.0 N905i(c100;TB;W24H16) (compatible; Googlebot-Mobile/2.1; +http://www.google.com/bot.html)"
66.249.73.233 - - [02/Jul/2013:18:52:53 +0800] "GET /comments.php?p=395 HTTP/1.1" 200 36557 "-" "DoCoMo/2.0 N905i(c100;TB;W24H16) (compatible; Googlebot-Mobile/2.1; +http://www.google.com/bot.html)"
66.249.73.233 - - [02/Jul/2013:18:52:56 +0800] "GET /comments.php?p=647 HTTP/1.1" 200 29969 "-" "DoCoMo/2.0 N905i(c100;TB;W24H16) (compatible; Googlebot-Mobile/2.1; +http://www.google.com/bot.html)"
66.249.73.233 - - [02/Jul/2013:18:52:59 +0800] "GET /comments.php?p=632 HTTP/1.1" 200 82878 "-" "DoCoMo/2.0 N905i(c100;TB;W24H16) (compatible; Googlebot-Mobile/2.1; +http://www.google.com/bot.html)"
66.249.73.233 - - [02/Jul/2013:18:53:01 +0800] "GET /comments.php?p=681 HTTP/1.1" 200 103117 "-" "DoCoMo/2.0 N905i(c100;TB;W24H16) (compatible; Googlebot-Mobile/2.1; +http://www.google.com/bot.html)"
66.249.73.233 - - [02/Jul/2013:18:53:03 +0800] "GET /comments.php?p=688 HTTP/1.1" 200 73694 "-" "DoCoMo/2.0 N905i(c100;TB;W24H16) (compatible; Googlebot-Mobile/2.1; +http://www.google.com/bot.html)"
66.249.73.233 - - [02/Jul/2013:18:53:05 +0800] "GET /comments.php?p=311 HTTP/1.1" 200 48488 "-" "DoCoMo/2.0 N905i(c100;TB;W24H16) (compatible; Googlebot-Mobile/2.1; +http://www.google.com/bot.html)"
66.249.73.233 - - [02/Jul/2013:18:53:07 +0800] "GET /index-wap2.php?p=595 HTTP/1.1" 200 10408 "-" "DoCoMo/2.0 N905i(c100;TB;W24H16) (compatible; Googlebot-Mobile/2.1; +http://www.google.com/bot.html)"
66.249.73.233 - - [02/Jul/2013:18:53:09 +0800] "GET /index-wap2.php?p=145 HTTP/1.1" 200 12085 "-" "DoCoMo/2.0 N905i(c100;TB;W24H16) (compatible; Googlebot-Mobile/2.1; +http://www.google.com/bot.html)"
