91.121.176.101 - - [02/Jul/2013:19:29:36 +0800] "POST /wap-comments-post.php HTTP/1.1" 302 - "http://wap.duanyunchao.com/comments.php?p=362" "Mozilla/4.0 (compatible; MSIE 6.0; Windows NT 5.1; SV1)"
91.121.176.101 - - [02/Jul/2013:19:29:38 +0800] "GET /comments.php?p=362 HTTP/1.1" 200 92471 "http://wap.duanyunchao.com/comments.php?p=362" "Mozilla/4.0 (compatible; MSIE 6.0; Windows NT 5.1; SV1)"
192.74.242.138 - - [02/Jul/2013:19:30:47 +0800] "GET /comments.php?p=585 HTTP/1.0" 200 831125 "http://wap.duanyunchao.com/comments.php?p=585#comment-64026" "Mozilla/5.0 (Windows NT 5.1) AppleWebKit/535.19 (KHTML, like Gecko) Chrome/18.0.1025.1634 Safari/535.19 YI"
66.249.73.233 - - [02/Jul/2013:19:31:18 +0800] "GET /index-wap2.php?p=289 HTTP/1.1" 200 73735 "-" "DoCoMo/2.0 N905i(c100;TB;W24H16) (compatible; Googlebot-Mobile/2.1; +http://www.google.com/bot.html)"
66.249.73.233 - - [02/Jul/2013:19:31:21 +0800] "GET /index-wap2.php?cat=15&paged=1 HTTP/1.1" 200 10221 "-" "DoCoMo/2.0 N905i(c100;TB;W24H16) (compatible; Googlebot-Mobile/2.1; +http://www.google.com/bot.html)"
66.249.73.233 - - [02/Jul/2013:19:31:27 +0800] "GET /index-wap2.php?p=424 HTTP/1.1" 200 3939 "-" "DoCoMo/2.0 N905i(c100;TB;W24H16) (compatible; Googlebot-Mobile/2.1; +http://www.google.com/bot.html)"
66.249.73.233 - - [02/Jul/2013:19:31:30 +0800] "GET /comments.php?p=1 HTTP/1.1" 200 10705 "-" "DoCoMo/2.0 N905i(c100;TB;W24H16) (compatible; Googlebot-Mobile/2.1; +http://www.google.com/bot.html)"
66.249.73.233 - - [02/Jul/2013:19:31:32 +0800] "GET /index-wap2.php?cat=1&paged=6 HTTP/1.1" 200 10485 "-" "DoCoMo/2.0 N905i(c100;TB;W24H16) (compatible; Googlebot-Mobile/2.1; +http://www.google.com/bot.html)"
66.249.73.233 - - [02/Jul/2013:19:31:52 +0800] "GET /comments.php?p=213 HTTP/1.1" 200 25340 "-" "DoCoMo/2.0 N905i(c100;TB;W24H16) (compatible; Googlebot-Mobile/2.1; +http://www.google.com/bot.html)"
192.74.240.106 - - [02/Jul/2013:19:34:26 +0800] "GET /comments.php?p=585 HTTP/1.0" 200 831023 "http://wap.duanyunchao.com/comments.php?p=585#comment-64026" "Opera/9.80 (Windows NT 6.2; U; en) Presto/2.10.289 Version/12.02"
91.121.176.101 - - [02/Jul/2013:19:34:41 +0800] "GET /comments.php?p=636 HTTP/1.1" 200 24799 "-" "Mozilla/4.0 (compatible; MSIE 6.0; Windows NT 5.1; SV1)"
91.121.176.101 - - [02/Jul/2013:19:34:43 +0800] "POST /wap-comments-post.php HTTP/1.1" 302 - "http://wap.duanyunchao.com/comments.php?p=636" "Mozilla/4.0 (compatible; MSIE 6.0; Windows NT 5.1; SV1)"
91.121.176.101 - - [02/Jul/2013:19:34:45 +0800] "GET /comments.php?p=636 HTTP/1.1" 200 25219 "http://wap.duanyunchao.com/comments.php?p=636" "Mozilla/4.0 (compatible; MSIE 6.0; Windows NT 5.1; SV1)"
66.249.73.233 - - [02/Jul/2013:19:34:48 +0800] "GET /index-wap2.php?p=210 HTTP/1.1" 200 29559 "-" "DoCoMo/2.0 N905i(c100;TB;W24H16) (compatible; Googlebot-Mobile/2.1; +http://www.google.com/bot.html)"
66.249.73.233 - - [02/Jul/2013:19:35:23 +0800] "GET /index-wap2.php?p=273 HTTP/1.1" 200 47172 "-" "DoCoMo/2.0 N905i(c100;TB;W24H16) (compatible; Googlebot-Mobile/2.1; +http://www.google.com/bot.html)"
66.249.73.233 - - [02/Jul/2013:19:36:15 +0800] "GET /comments.php?p=210 HTTP/1.1" 200 29338 "-" "DoCoMo/2.0 N905i(c100;TB;W24H16) (compatible; Googlebot-Mobile/2.1; +http://www.google.com/bot.html)"
66.249.73.233 - - [02/Jul/2013:19:36:30 +0800] "GET /comments.php?p=273 HTTP/1.1" 200 27704 "-" "DoCoMo/2.0 N905i(c100;TB;W24H16) (compatible; Googlebot-Mobile/2.1; +http://www.google.com/bot.html)"
66.249.73.233 - - [02/Jul/2013:19:37:57 +0800] "GET /index-wap2.php?p=276 HTTP/1.1" 200 19855 "-" "DoCoMo/2.0 N905i(c100;TB;W24H16) (compatible; Googlebot-Mobile/2.1; +http://www.google.com/bot.html)"
66.249.73.233 - - [02/Jul/2013:19:38:24 +0800] "GET /index-wap2.php?p=426 HTTP/1.1" 200 3301 "-" "DoCoMo/2.0 N905i(c100;TB;W24H16) (compatible; Googlebot-Mobile/2.1; +http://www.google.com/bot.html)"
66.249.73.233 - - [02/Jul/2013:19:39:53 +0800] "GET /index-wap2.php?p=291 HTTP/1.1" 200 12529 "-" "DoCoMo/2.0 N905i(c100;TB;W24H16) (compatible; Googlebot-Mobile/2.1; +http://www.google.com/bot.html)"
66.249.73.233 - - [02/Jul/2013:19:40:40 +0800] "GET /index-wap2.php?p=428 HTTP/1.1" 200 3516 "-" "DoCoMo/2.0 N905i(c100;TB;W24H16) (compatible; Googlebot-Mobile/2.1; +http://www.google.com/bot.html)"
66.249.73.233 - - [02/Jul/2013:19:41:17 +0800] "GET /comments.php?p=276 HTTP/1.1" 200 73867 "-" "DoCoMo/2.0 N905i(c100;TB;W24H16) (compatible; Googlebot-Mobile/2.1; +http://www.google.com/bot.html)"
66.249.73.233 - - [02/Jul/2013:19:41:40 +0800] "GET /comments.php?p=426 HTTP/1.1" 200 56472 "-" "DoCoMo/2.0 N905i(c100;TB;W24H16) (compatible; Googlebot-Mobile/2.1; +http://www.google.com/bot.html)"
91.121.176.101 - - [02/Jul/2013:19:41:59 +0800] "GET /comments.php?p=515 HTTP/1.1" 200 36313 "-" "Mozilla/4.0 (compatible; MSIE 6.0; Windows NT 5.1; SV1)"
91.121.176.101 - - [02/Jul/2013:19:42:00 +0800] "POST /wap-comments-post.php HTTP/1.1" 302 - "http://wap.duanyunchao.com/comments.php?p=515" "Mozilla/4.0 (compatible; MSIE 6.0; Windows NT 5.1; SV1)"
91.121.176.101 - - [02/Jul/2013:19:42:01 +0800] "GET /comments.php?p=515 HTTP/1.1" 200 36719 "http://wap.duanyunchao.com/comments.php?p=515" "Mozilla/4.0 (compatible; MSIE 6.0; Windows NT 5.1; SV1)"
66.249.73.233 - - [02/Jul/2013:19:42:03 +0800] "GET /index-wap2.php?p=280 HTTP/1.1" 200 15296 "-" "DoCoMo/2.0 N905i(c100;TB;W24H16) (compatible; Googlebot-Mobile/2.1; +http://www.google.com/bot.html)"
66.249.73.233 - - [02/Jul/2013:19:42:49 +0800] "GET /index-wap2.php?p=287 HTTP/1.1" 200 20388 "-" "DoCoMo/2.0 N905i(c100;TB;W24H16) (compatible; Googlebot-Mobile/2.1; +http://www.google.com/bot.html)"
66.249.73.233 - - [02/Jul/2013:19:43:11 +0800] "GET /comments.php?p=291 HTTP/1.1" 200 47274 "-" "DoCoMo/2.0 N905i(c100;TB;W24H16) (compatible; Googlebot-Mobile/2.1; +http://www.google.com/bot.html)"
66.249.73.233 - - [02/Jul/2013:19:43:39 +0800] "GET /index-wap2.php?p=293 HTTP/1.1" 200 13644 "-" "DoCoMo/2.0 N905i(c100;TB;W24H16) (compatible; Googlebot-Mobile/2.1; +http://www.google.com/bot.html)"
66.249.73.233 - - [02/Jul/2013:19:44:15 +0800] "GET /comments.php?p=287 HTTP/1.1" 200 46271 "-" "DoCoMo/2.0 N905i(c100;TB;W24H16) (compatible; Googlebot-Mobile/2.1; +http://www.google.com/bot.html)"
66.249.73.233 - - [02/Jul/2013:19:44:29 +0800] "GET /comments.php?p=280 HTTP/1.1" 200 28944 "-" "DoCoMo/2.0 N905i(c100;TB;W24H16) (compatible; Googlebot-Mobile/2.1; +http://www.google.com/bot.html)"
66.249.73.233 - - [02/Jul/2013:19:45:30 +0800] "GET /comments.php?p=428 HTTP/1.1" 200 7489 "-" "DoCoMo/2.0 N905i(c100;TB;W24H16) (compatible; Googlebot-Mobile/2.1; +http://www.google.com/bot.html)"
66.249.73.233 - - [02/Jul/2013:19:46:40 +0800] "GET /index-wap2.php?p=282 HTTP/1.1" 200 9242 "-" "DoCoMo/2.0 N905i(c100;TB;W24H16) (compatible; Googlebot-Mobile/2.1; +http://www.google.com/bot.html)"
66.249.73.233 - - [02/Jul/2013:19:47:18 +0800] "GET /index-wap2.php?p=431 HTTP/1.1" 200 3427 "-" "DoCoMo/2.0 N905i(c100;TB;W24H16) (compatible; Googlebot-Mobile/2.1; +http://www.google.com/bot.html)"
91.121.176.101 - - [02/Jul/2013:19:47:19 +0800] "GET /comments.php?p=497 HTTP/1.1" 200 51109 "-" "Mozilla/4.0 (compatible; MSIE 6.0; Windows NT 5.1; SV1)"
91.121.176.101 - - [02/Jul/2013:19:47:21 +0800] "POST /wap-comments-post.php HTTP/1.1" 302 - "http://wap.duanyunchao.com/comments.php?p=497" "Mozilla/4.0 (compatible; MSIE 6.0; Windows NT 5.1; SV1)"
91.121.176.101 - - [02/Jul/2013:19:47:22 +0800] "GET /comments.php?p=497 HTTP/1.1" 200 51500 "http://wap.duanyunchao.com/comments.php?p=497" "Mozilla/4.0 (compatible; MSIE 6.0; Windows NT 5.1; SV1)"
66.249.73.233 - - [02/Jul/2013:19:47:23 +0800] "GET /index-wap2.php?p=285 HTTP/1.1" 200 15610 "-" "DoCoMo/2.0 N905i(c100;TB;W24H16) (compatible; Googlebot-Mobile/2.1; +http://www.google.com/bot.html)"
66.249.73.233 - - [02/Jul/2013:19:47:27 +0800] "GET /comments.php?p=293 HTTP/1.1" 200 13049 "-" "DoCoMo/2.0 N905i(c100;TB;W24H16) (compatible; Googlebot-Mobile/2.1; +http://www.google.com/bot.html)"
91.121.176.101 - - [02/Jul/2013:19:47:29 +0800] "GET /comments.php?p=210 HTTP/1.1" 200 29338 "-" "Mozilla/4.0 (compatible; MSIE 6.0; Windows NT 5.1; SV1)"
91.121.176.101 - - [02/Jul/2013:19:47:31 +0800] "POST /wap-comments-post.php HTTP/1.1" 403 4150 "http://wap.duanyunchao.com/comments.php?p=210" "Mozilla/4.0 (compatible; MSIE 6.0; Windows NT 5.1; SV1)"
66.249.73.233 - - [02/Jul/2013:19:47:30 +0800] "GET /index-wap2.php?cat=1&paged=1 HTTP/1.1" 200 10347 "-" "DoCoMo/2.0 N905i(c100;TB;W24H16) (compatible; Googlebot-Mobile/2.1; +http://www.google.com/bot.html)"
66.249.73.233 - - [02/Jul/2013:19:47:43 +0800] "GET /index-wap2.php?cat=1&paged=4 HTTP/1.1" 200 10531 "-" "DoCoMo/2.0 N905i(c100;TB;W24H16) (compatible; Googlebot-Mobile/2.1; +http://www.google.com/bot.html)"
66.249.73.233 - - [02/Jul/2013:19:48:32 +0800] "GET /comments.php?p=282 HTTP/1.1" 200 61821 "-" "DoCoMo/2.0 N905i(c100;TB;W24H16) (compatible; Googlebot-Mobile/2.1; +http://www.google.com/bot.html)"
218.6.15.80 - - [02/Jul/2013:19:50:10 +0800] "GET / HTTP/1.0" 200 57 "http://wap.duanyunchao.com/" "Opera/9.80 (Android 2.3.5; Linux; Opera Mobi/ADR-1210241511) Presto/2.11.355 Version/12.10"
66.249.73.233 - - [02/Jul/2013:19:50:06 +0800] "GET /index-wap2.php?cat=1&paged=5 HTTP/1.1" 200 10396 "-" "DoCoMo/2.0 N905i(c100;TB;W24H16) (compatible; Googlebot-Mobile/2.1; +http://www.google.com/bot.html)"
176.31.181.226 - - [02/Jul/2013:19:51:39 +0800] "GET /comments.php?p=152 HTTP/1.1" 200 23121 "-" "Mozilla/4.0 (compatible; MSIE 6.0; Windows NT 5.1; SV1)"
176.31.181.226 - - [02/Jul/2013:19:51:41 +0800] "POST /wap-comments-post.php HTTP/1.1" 302 - "http://wap.duanyunchao.com/comments.php?p=152" "Mozilla/4.0 (compatible; MSIE 6.0; Windows NT 5.1; SV1)"
176.31.181.226 - - [02/Jul/2013:19:51:42 +0800] "GET /comments.php?p=152 HTTP/1.1" 200 23504 "http://wap.duanyunchao.com/comments.php?p=152" "Mozilla/4.0 (compatible; MSIE 6.0; Windows NT 5.1; SV1)"
66.249.73.233 - - [02/Jul/2013:19:54:00 +0800] "GET /index-wap2.php?p=433 HTTP/1.1" 200 3935 "-" "DoCoMo/2.0 N905i(c100;TB;W24H16) (compatible; Googlebot-Mobile/2.1; +http://www.google.com/bot.html)"
66.249.73.233 - - [02/Jul/2013:19:54:03 +0800] "GET /comments.php?p=431 HTTP/1.1" 200 40808 "-" "DoCoMo/2.0 N905i(c100;TB;W24H16) (compatible; Googlebot-Mobile/2.1; +http://www.google.com/bot.html)"
66.249.73.233 - - [02/Jul/2013:19:54:05 +0800] "GET /comments.php?p=285 HTTP/1.1" 200 67871 "-" "DoCoMo/2.0 N905i(c100;TB;W24H16) (compatible; Googlebot-Mobile/2.1; +http://www.google.com/bot.html)"
66.249.73.233 - - [02/Jul/2013:19:54:06 +0800] "GET /comments.php?p=102 HTTP/1.1" 200 44569 "-" "DoCoMo/2.0 N905i(c100;TB;W24H16) (compatible; Googlebot-Mobile/2.1; +http://www.google.com/bot.html)"
192.74.243.66 - - [02/Jul/2013:19:55:35 +0800] "GET /comments.php?p=585 HTTP/1.0" 200 771138 "http://wap.duanyunchao.com/comments.php?p=585#comment-64026" "Mozilla/5.0 (Windows NT 5.1; rv:15.0) Gecko/20100101 Firefox/15.0"
66.249.73.233 - - [02/Jul/2013:19:57:40 +0800] "GET /comments.php?p=433 HTTP/1.1" 200 29706 "-" "DoCoMo/2.0 N905i(c100;TB;W24H16) (compatible; Googlebot-Mobile/2.1; +http://www.google.com/bot.html)"
66.249.73.233 - - [02/Jul/2013:19:57:47 +0800] "GET /index-wap2.php?p=436 HTTP/1.1" 200 3291 "-" "DoCoMo/2.0 N905i(c100;TB;W24H16) (compatible; Googlebot-Mobile/2.1; +http://www.google.com/bot.html)"
66.249.73.233 - - [02/Jul/2013:20:01:01 +0800] "GET /comments.php?p=436 HTTP/1.1" 200 30207 "-" "DoCoMo/2.0 N905i(c100;TB;W24H16) (compatible; Googlebot-Mobile/2.1; +http://www.google.com/bot.html)"
192.74.242.138 - - [02/Jul/2013:20:00:57 +0800] "GET /comments.php?p=585 HTTP/1.0" 200 848283 "http://wap.duanyunchao.com/comments.php?p=585#comment-64026" "Mozilla/5.0 (X11; Linux x86_64) AppleWebKit/535.19 (KHTML, like Gecko) Chrome/18.0.1025.162 Safari/535.19"
192.74.242.138 - - [02/Jul/2013:20:03:55 +0800] "GET /comments.php?p=585 HTTP/1.0" 200 892985 "http://wap.duanyunchao.com/comments.php?p=585#comment-64026" "Opera/9.80 (Windows NT 6.1; WOW64; MRA 6.0 (build 5998)) Presto/2.12.388 Version/12.10"
91.121.176.101 - - [02/Jul/2013:20:15:43 +0800] "GET /comments.php?p=129 HTTP/1.1" 200 32791 "-" "Mozilla/4.0 (compatible; MSIE 6.0; Windows NT 5.1; SV1)"
91.121.176.101 - - [02/Jul/2013:20:15:51 +0800] "POST /wap-comments-post.php HTTP/1.1" 302 - "http://wap.duanyunchao.com/comments.php?p=129" "Mozilla/4.0 (compatible; MSIE 6.0; Windows NT 5.1; SV1)"
91.121.176.101 - - [02/Jul/2013:20:15:52 +0800] "GET /comments.php?p=129 HTTP/1.1" 200 33192 "http://wap.duanyunchao.com/comments.php?p=129" "Mozilla/4.0 (compatible; MSIE 6.0; Windows NT 5.1; SV1)"
192.74.240.106 - - [02/Jul/2013:20:16:24 +0800] "GET /comments.php?p=585 HTTP/1.0" 200 831096 "http://wap.duanyunchao.com/comments.php?p=585#comment-64026" "Mozilla/5.0 (Windows NT 6.2; WOW64) AppleWebKit/537.11 (KHTML, like Gecko) Chrome/23.0.1271.64 Safari/537.11"
176.31.181.226 - - [02/Jul/2013:20:22:44 +0800] "GET /comments.php?p=408 HTTP/1.1" 200 45480 "-" "Mozilla/4.0 (compatible; MSIE 6.0; Windows NT 5.1; SV1)"
176.31.181.226 - - [02/Jul/2013:20:22:46 +0800] "POST /wap-comments-post.php HTTP/1.1" 302 - "http://wap.duanyunchao.com/comments.php?p=408" "Mozilla/4.0 (compatible; MSIE 6.0; Windows NT 5.1; SV1)"
176.31.181.226 - - [02/Jul/2013:20:22:47 +0800] "GET /comments.php?p=408 HTTP/1.1" 200 45879 "http://wap.duanyunchao.com/comments.php?p=408" "Mozilla/4.0 (compatible; MSIE 6.0; Windows NT 5.1; SV1)"
192.74.240.106 - - [02/Jul/2013:20:24:11 +0800] "GET /comments.php?p=585 HTTP/1.0" 200 831180 "http://wap.duanyunchao.com/comments.php?p=585#comment-64026" "Mozilla/5.0 (Windows NT 6.2) AppleWebKit/537.11 (KHTML, like Gecko) Chrome/23.0.1271.64 Safari/537.11"
192.74.242.138 - - [02/Jul/2013:20:27:45 +0800] "GET /comments.php?p=585 HTTP/1.0" 200 897353 "http://wap.duanyunchao.com/comments.php?p=585#comment-64026" "Mozilla/5.0 (Windows NT 6.0) AppleWebKit/537.1 (KHTML, like Gecko) Chrome/21.0.1180.89 Safari/537.1"
176.31.181.226 - - [02/Jul/2013:20:33:22 +0800] "GET /comments.php?p=629 HTTP/1.1" 200 21144 "-" "Mozilla/4.0 (compatible; MSIE 6.0; Windows NT 5.1; SV1)"
176.31.181.226 - - [02/Jul/2013:20:33:24 +0800] "POST /wap-comments-post.php HTTP/1.1" 302 - "http://wap.duanyunchao.com/comments.php?p=629" "Mozilla/4.0 (compatible; MSIE 6.0; Windows NT 5.1; SV1)"
176.31.181.226 - - [02/Jul/2013:20:33:28 +0800] "GET /comments.php?p=629 HTTP/1.1" 200 21543 "http://wap.duanyunchao.com/comments.php?p=629" "Mozilla/4.0 (compatible; MSIE 6.0; Windows NT 5.1; SV1)"
176.31.181.226 - - [02/Jul/2013:20:37:23 +0800] "GET /comments.php?p=617 HTTP/1.1" 200 30220 "-" "Mozilla/4.0 (compatible; MSIE 6.0; Windows NT 5.1; SV1)"
176.31.181.226 - - [02/Jul/2013:20:37:25 +0800] "POST /wap-comments-post.php HTTP/1.1" 302 - "http://wap.duanyunchao.com/comments.php?p=617" "Mozilla/4.0 (compatible; MSIE 6.0; Windows NT 5.1; SV1)"
176.31.181.226 - - [02/Jul/2013:20:37:26 +0800] "GET /comments.php?p=617 HTTP/1.1" 200 30632 "http://wap.duanyunchao.com/comments.php?p=617" "Mozilla/4.0 (compatible; MSIE 6.0; Windows NT 5.1; SV1)"
91.121.176.101 - - [02/Jul/2013:20:40:25 +0800] "GET /comments.php?p=670 HTTP/1.1" 200 26181 "-" "Mozilla/4.0 (compatible; MSIE 6.0; Windows NT 5.1; SV1)"
91.121.176.101 - - [02/Jul/2013:20:40:27 +0800] "POST /wap-comments-post.php HTTP/1.1" 302 - "http://wap.duanyunchao.com/comments.php?p=670" "Mozilla/4.0 (compatible; MSIE 6.0; Windows NT 5.1; SV1)"
91.121.176.101 - - [02/Jul/2013:20:40:28 +0800] "GET /comments.php?p=670 HTTP/1.1" 200 26576 "http://wap.duanyunchao.com/comments.php?p=670" "Mozilla/4.0 (compatible; MSIE 6.0; Windows NT 5.1; SV1)"
91.121.176.101 - - [02/Jul/2013:20:43:49 +0800] "GET /comments.php?p=311 HTTP/1.1" 200 48488 "-" "Mozilla/4.0 (compatible; MSIE 6.0; Windows NT 5.1; SV1)"
91.121.176.101 - - [02/Jul/2013:20:43:50 +0800] "POST /wap-comments-post.php HTTP/1.1" 302 - "http://wap.duanyunchao.com/comments.php?p=311" "Mozilla/4.0 (compatible; MSIE 6.0; Windows NT 5.1; SV1)"
91.121.176.101 - - [02/Jul/2013:20:43:51 +0800] "GET /comments.php?p=311 HTTP/1.1" 200 48898 "http://wap.duanyunchao.com/comments.php?p=311" "Mozilla/4.0 (compatible; MSIE 6.0; Windows NT 5.1; SV1)"
176.31.181.226 - - [02/Jul/2013:20:45:30 +0800] "GET /comments.php?p=197 HTTP/1.1" 200 25514 "-" "Mozilla/4.0 (compatible; MSIE 6.0; Windows NT 5.1; SV1)"
176.31.181.226 - - [02/Jul/2013:20:45:38 +0800] "POST /wap-comments-post.php HTTP/1.1" 302 - "http://wap.duanyunchao.com/comments.php?p=197" "Mozilla/4.0 (compatible; MSIE 6.0; Windows NT 5.1; SV1)"
176.31.181.226 - - [02/Jul/2013:20:45:41 +0800] "GET /comments.php?p=197 HTTP/1.1" 200 25909 "http://wap.duanyunchao.com/comments.php?p=197" "Mozilla/4.0 (compatible; MSIE 6.0; Windows NT 5.1; SV1)"
91.121.176.101 - - [02/Jul/2013:20:47:16 +0800] "GET /comments.php?p=102 HTTP/1.1" 200 44569 "-" "Mozilla/4.0 (compatible; MSIE 6.0; Windows NT 5.1; SV1)"
91.121.176.101 - - [02/Jul/2013:20:47:18 +0800] "POST /wap-comments-post.php HTTP/1.1" 302 - "http://wap.duanyunchao.com/comments.php?p=102" "Mozilla/4.0 (compatible; MSIE 6.0; Windows NT 5.1; SV1)"
91.121.176.101 - - [02/Jul/2013:20:47:19 +0800] "GET /comments.php?p=102 HTTP/1.1" 200 44974 "http://wap.duanyunchao.com/comments.php?p=102" "Mozilla/4.0 (compatible; MSIE 6.0; Windows NT 5.1; SV1)"
113.212.71.19 - - [02/Jul/2013:21:01:04 +0800] "GET /comments.php?p=135 HTTP/1.1" 200 2386519 "http://wap.duanyunchao.com/" "Mozilla/5.0 (Windows NT 5.1; rv:5.0.1) Gecko/20100101 Firefox/5.0.1"
91.121.176.101 - - [02/Jul/2013:21:02:46 +0800] "GET /comments.php?p=610 HTTP/1.1" 200 24378 "-" "Mozilla/4.0 (compatible; MSIE 6.0; Windows NT 5.1; SV1)"
91.121.176.101 - - [02/Jul/2013:21:02:47 +0800] "POST /wap-comments-post.php HTTP/1.1" 302 - "http://wap.duanyunchao.com/comments.php?p=610" "Mozilla/4.0 (compatible; MSIE 6.0; Windows NT 5.1; SV1)"
91.121.176.101 - - [02/Jul/2013:21:02:48 +0800] "GET /comments.php?p=610 HTTP/1.1" 200 24765 "http://wap.duanyunchao.com/comments.php?p=610" "Mozilla/4.0 (compatible; MSIE 6.0; Windows NT 5.1; SV1)"
192.74.243.66 - - [02/Jul/2013:21:10:21 +0800] "GET /comments.php?p=585 HTTP/1.0" 200 770679 "http://wap.duanyunchao.com/comments.php?p=585#comment-64026" "Opera/9.80 (Windows NT 6.1; Win64; x64) Presto/2.12.388 Version/12.10"
176.31.181.226 - - [02/Jul/2013:21:17:21 +0800] "GET /comments.php?p=469 HTTP/1.1" 200 24502 "-" "Mozilla/4.0 (compatible; MSIE 6.0; Windows NT 5.1; SV1)"
176.31.181.226 - - [02/Jul/2013:21:17:23 +0800] "POST /wap-comments-post.php HTTP/1.1" 302 - "http://wap.duanyunchao.com/comments.php?p=469" "Mozilla/4.0 (compatible; MSIE 6.0; Windows NT 5.1; SV1)"
176.31.181.226 - - [02/Jul/2013:21:17:24 +0800] "GET /comments.php?p=469 HTTP/1.1" 200 24918 "http://wap.duanyunchao.com/comments.php?p=469" "Mozilla/4.0 (compatible; MSIE 6.0; Windows NT 5.1; SV1)"
94.242.237.28 - - [02/Jul/2013:21:21:36 +0800] "GET /comments.php?p=585 HTTP/1.1" 200 265970 "-" "Mozilla/4.0 (compatible; MSIE 6.0; Windows NT 5.1; SV1)"
94.242.237.28 - - [02/Jul/2013:21:21:38 +0800] "GET /index-wap2.php HTTP/1.1" 200 10352 "-" "Mozilla/4.0 (compatible; MSIE 6.0; Windows NT 5.1; SV1)"
94.242.237.28 - - [02/Jul/2013:21:21:51 +0800] "GET /index-wap2.php?p=585 HTTP/1.1" 200 10470 "-" "Mozilla/4.0 (compatible; MSIE 6.0; Windows NT 5.1; SV1)"
192.74.242.138 - - [02/Jul/2013:21:23:13 +0800] "GET /comments.php?p=585 HTTP/1.0" 200 831091 "http://wap.duanyunchao.com/comments.php?p=585#comment-64026" "Mozilla/5.0 (Windows NT 5.1) AppleWebKit/536.5 (KHTML, like Gecko) Chrome/19.0.1084.46 Safari/536.5 Nichrome/self/19"
91.121.176.101 - - [02/Jul/2013:21:23:45 +0800] "GET /comments.php?p=575 HTTP/1.1" 200 68760 "-" "Mozilla/4.0 (compatible; MSIE 6.0; Windows NT 5.1; SV1)"
91.121.176.101 - - [02/Jul/2013:21:23:47 +0800] "POST /wap-comments-post.php HTTP/1.1" 302 - "http://wap.duanyunchao.com/comments.php?p=575" "Mozilla/4.0 (compatible; MSIE 6.0; Windows NT 5.1; SV1)"
91.121.176.101 - - [02/Jul/2013:21:23:49 +0800] "GET /comments.php?p=575 HTTP/1.1" 200 69158 "http://wap.duanyunchao.com/comments.php?p=575" "Mozilla/4.0 (compatible; MSIE 6.0; Windows NT 5.1; SV1)"
91.121.176.101 - - [02/Jul/2013:21:25:19 +0800] "GET /comments.php?p=158 HTTP/1.1" 200 34574 "-" "Mozilla/4.0 (compatible; MSIE 6.0; Windows NT 5.1; SV1)"
91.121.176.101 - - [02/Jul/2013:21:25:21 +0800] "POST /wap-comments-post.php HTTP/1.1" 302 - "http://wap.duanyunchao.com/comments.php?p=158" "Mozilla/4.0 (compatible; MSIE 6.0; Windows NT 5.1; SV1)"
91.121.176.101 - - [02/Jul/2013:21:25:26 +0800] "GET /comments.php?p=158 HTTP/1.1" 200 34977 "http://wap.duanyunchao.com/comments.php?p=158" "Mozilla/4.0 (compatible; MSIE 6.0; Windows NT 5.1; SV1)"
91.121.176.101 - - [02/Jul/2013:21:28:24 +0800] "GET /comments.php?p=621 HTTP/1.1" 200 75183 "-" "Mozilla/4.0 (compatible; MSIE 6.0; Windows NT 5.1; SV1)"
91.121.176.101 - - [02/Jul/2013:21:28:26 +0800] "POST /wap-comments-post.php HTTP/1.1" 302 - "http://wap.duanyunchao.com/comments.php?p=621" "Mozilla/4.0 (compatible; MSIE 6.0; Windows NT 5.1; SV1)"
91.121.176.101 - - [02/Jul/2013:21:28:27 +0800] "GET /comments.php?p=621 HTTP/1.1" 200 75594 "http://wap.duanyunchao.com/comments.php?p=621" "Mozilla/4.0 (compatible; MSIE 6.0; Windows NT 5.1; SV1)"
91.121.176.101 - - [02/Jul/2013:21:28:58 +0800] "GET /comments.php?p=213 HTTP/1.1" 200 25340 "-" "Mozilla/4.0 (compatible; MSIE 6.0; Windows NT 5.1; SV1)"
91.121.176.101 - - [02/Jul/2013:21:28:59 +0800] "POST /wap-comments-post.php HTTP/1.1" 302 - "http://wap.duanyunchao.com/comments.php?p=213" "Mozilla/4.0 (compatible; MSIE 6.0; Windows NT 5.1; SV1)"
91.121.176.101 - - [02/Jul/2013:21:29:00 +0800] "GET /comments.php?p=213 HTTP/1.1" 200 25736 "http://wap.duanyunchao.com/comments.php?p=213" "Mozilla/4.0 (compatible; MSIE 6.0; Windows NT 5.1; SV1)"
91.121.176.101 - - [02/Jul/2013:21:32:30 +0800] "GET /comments.php?p=216 HTTP/1.1" 200 42152 "-" "Mozilla/4.0 (compatible; MSIE 6.0; Windows NT 5.1; SV1)"
91.121.176.101 - - [02/Jul/2013:21:32:33 +0800] "POST /wap-comments-post.php HTTP/1.1" 302 - "http://wap.duanyunchao.com/comments.php?p=216" "Mozilla/4.0 (compatible; MSIE 6.0; Windows NT 5.1; SV1)"
91.121.176.101 - - [02/Jul/2013:21:32:34 +0800] "GET /comments.php?p=216 HTTP/1.1" 200 42525 "http://wap.duanyunchao.com/comments.php?p=216" "Mozilla/4.0 (compatible; MSIE 6.0; Windows NT 5.1; SV1)"
192.74.240.106 - - [02/Jul/2013:21:34:12 +0800] "GET /comments.php?p=585 HTTP/1.0" 200 831144 "http://wap.duanyunchao.com/comments.php?p=585#comment-64026" "Opera/9.80 (Windows NT 6.1; WOW64; MRA 6.0 (build 5976)) Presto/2.12.388 Version/12.11"
109.73.78.99 - - [02/Jul/2013:21:45:45 +0800] "GET /comments.php?p=585 HTTP/1.1" 200 1321633 "-" "Mozilla/4.0 (compatible; MSIE 6.0; Windows NT 5.0; T312461)"
109.73.78.99 - - [02/Jul/2013:21:45:53 +0800] "POST /wap-comments-post.php HTTP/1.1" 302 - "http://wap.duanyunchao.com/comments.php?p=585" "Mozilla/4.0 (compatible; MSIE 6.0; Windows NT 5.0; T312461)"
109.73.78.99 - - [02/Jul/2013:21:45:54 +0800] "GET /comments.php?p=585 HTTP/1.1" 200 1322537 "http://wap.duanyunchao.com/comments.php?p=585" "Mozilla/4.0 (compatible; MSIE 6.0; Windows NT 5.0; T312461)"
192.74.242.138 - - [02/Jul/2013:21:52:29 +0800] "GET /comments.php?p=585 HTTP/1.0" 200 831091 "http://wap.duanyunchao.com/comments.php?p=585#comment-64026" "Mozilla/5.0 (Windows NT 6.0; rv:17.0) Gecko/20100101 Firefox/17.0"
192.74.242.138 - - [02/Jul/2013:21:56:14 +0800] "GET /comments.php?p=585 HTTP/1.0" 200 889126 "http://wap.duanyunchao.com/comments.php?p=585#comment-64026" "Mozilla/5.0 (Windows NT 6.0; WOW64) AppleWebKit/537.11 (KHTML, like Gecko) Chrome/23.0.1271.64 Safari/537.11"
192.74.240.106 - - [02/Jul/2013:22:07:17 +0800] "GET /comments.php?p=585 HTTP/1.0" 200 831144 "http://wap.duanyunchao.com/comments.php?p=585#comment-64026" "Mozilla/5.0 (Windows NT 6.2) AppleWebKit/537.11 (KHTML, like Gecko) Chrome/23.0.1271.95 Safari/537.11"
192.74.242.138 - - [02/Jul/2013:22:16:11 +0800] "GET /comments.php?p=585 HTTP/1.0" 200 831125 "http://wap.duanyunchao.com/comments.php?p=585#comment-64026" "Opera/9.80 (Windows NT 6.1; Edition Yx) Presto/2.12.388 Version/12.10"
94.242.237.28 - - [02/Jul/2013:22:19:39 +0800] "GET /comments.php?p=585 HTTP/1.1" 200 355714 "-" "Mozilla/4.0 (compatible; MSIE 6.0; Windows NT 5.1; SV1)"
94.242.237.28 - - [02/Jul/2013:22:19:41 +0800] "GET /index-wap2.php HTTP/1.1" 200 10131 "-" "Mozilla/4.0 (compatible; MSIE 6.0; Windows NT 5.1; SV1)"
94.242.237.28 - - [02/Jul/2013:22:20:06 +0800] "GET /index-wap2.php?p=585 HTTP/1.1" 200 10470 "-" "Mozilla/4.0 (compatible; MSIE 6.0; Windows NT 5.1; SV1)"
192.74.240.106 - - [02/Jul/2013:22:20:53 +0800] "GET /comments.php?p=585 HTTP/1.0" 200 876341 "http://wap.duanyunchao.com/comments.php?p=585#comment-64026" "Opera/9.80 (Windows NT 6.1) Presto/2.12.388 Version/12.11"
192.74.243.66 - - [02/Jul/2013:22:26:41 +0800] "GET /comments.php?p=585 HTTP/1.0" 200 771776 "http://wap.duanyunchao.com/comments.php?p=585#comment-64026" "Mozilla/5.0 (Windows NT 6.1; Win64; x64; rv:11.0) Gecko/20120313 Firefox/11.0"
66.249.73.233 - - [02/Jul/2013:22:32:31 +0800] "GET /robots.txt HTTP/1.1" 404 - "-" "Mozilla/5.0 (compatible; Googlebot/2.1; +http://www.google.com/bot.html)"
66.249.73.233 - - [02/Jul/2013:22:32:32 +0800] "GET /comments.php?p=135 HTTP/1.1" 200 5993894 "-" "SAMSUNG-SGH-E250/1.0 Profile/MIDP-2.0 Configuration/CLDC-1.1 UP.Browser/6.2.3.3.c.1.101 (GUI) MMP/2.0 (compatible; Googlebot-Mobile/2.1; +http://www.google.com/bot.html)"
66.249.73.233 - - [02/Jul/2013:22:38:20 +0800] "GET /index-wap2.php?paged=2 HTTP/1.1" 200 10254 "-" "DoCoMo/2.0 N905i(c100;TB;W24H16) (compatible; Googlebot-Mobile/2.1; +http://www.google.com/bot.html)"
192.74.242.138 - - [02/Jul/2013:23:16:25 +0800] "GET /comments.php?p=585 HTTP/1.0" 200 831091 "http://wap.duanyunchao.com/comments.php?p=585#comment-64026" "Mozilla/5.0 (Windows NT 5.1) AppleWebKit/537.11 (KHTML, like Gecko) Chrome/23.0.1271.64 Safari/537.11"
94.242.237.28 - - [02/Jul/2013:23:18:02 +0800] "GET /comments.php?p=585 HTTP/1.1" 200 256764 "-" "Mozilla/4.0 (compatible; MSIE 6.0; Windows NT 5.1; SV1)"
66.249.73.233 - - [02/Jul/2013:23:23:03 +0800] "GET /index-wap2.php?tag=%E5%9C%86%E9%80%9A HTTP/1.1" 200 6931 "-" "SAMSUNG-SGH-E250/1.0 Profile/MIDP-2.0 Configuration/CLDC-1.1 UP.Browser/6.2.3.3.c.1.101 (GUI) MMP/2.0 (compatible; Googlebot-Mobile/2.1; +http://www.google.com/bot.html)"
192.74.240.106 - - [02/Jul/2013:23:26:51 +0800] "GET /comments.php?p=585 HTTP/1.0" 200 831125 "http://wap.duanyunchao.com/comments.php?p=585#comment-64026" "Mozilla/5.0 (Windows NT 5.1; rv:15.0) Gecko/20100101 Firefox/15.0.1"
66.249.73.233 - - [02/Jul/2013:23:38:22 +0800] "GET /index-wap2.php?cat=16 HTTP/1.1" 200 10114 "-" "DoCoMo/2.0 N905i(c100;TB;W24H16) (compatible; Googlebot-Mobile/2.1; +http://www.google.com/bot.html)"
192.74.243.66 - - [02/Jul/2013:23:41:23 +0800] "GET /comments.php?p=585 HTTP/1.0" 200 771909 "http://wap.duanyunchao.com/comments.php?p=585#comment-64026" "Opera/9.80 (Windows NT 6.1; Win64; x64; Edition Yx) Presto/2.12.388 Version/12.10"
66.249.73.233 - - [02/Jul/2013:23:41:37 +0800] "GET /index-wap2.php?cat=16&paged=3 HTTP/1.1" 200 7845 "-" "DoCoMo/2.0 N905i(c100;TB;W24H16) (compatible; Googlebot-Mobile/2.1; +http://www.google.com/bot.html)"
66.249.73.233 - - [02/Jul/2013:23:41:40 +0800] "GET /http%3C/a%3E%3C/li%3E%3Cli%20class= HTTP/1.1" 404 - "-" "DoCoMo/2.0 N905i(c100;TB;W24H16) (compatible; Googlebot-Mobile/2.1; +http://www.google.com/bot.html)"
66.249.73.233 - - [02/Jul/2013:23:42:23 +0800] "GET /h%3C/a%3E%3C/li%3E%3Cli%20class= HTTP/1.1" 404 - "-" "DoCoMo/2.0 N905i(c100;TB;W24H16) (compatible; Googlebot-Mobile/2.1; +http://www.google.com/bot.html)"
66.249.73.233 - - [02/Jul/2013:23:43:16 +0800] "GET /index-wap2.php?cat=16&paged=2 HTTP/1.1" 200 10192 "-" "DoCoMo/2.0 N905i(c100;TB;W24H16) (compatible; Googlebot-Mobile/2.1; +http://www.google.com/bot.html)"
66.249.73.233 - - [02/Jul/2013:23:44:40 +0800] "GET /index-wap2.php?cat=16&paged=1 HTTP/1.1" 200 10156 "-" "DoCoMo/2.0 N905i(c100;TB;W24H16) (compatible; Googlebot-Mobile/2.1; +http://www.google.com/bot.html)"
192.74.242.138 - - [02/Jul/2013:23:47:03 +0800] "GET /comments.php?p=585 HTTP/1.0" 200 831125 "http://wap.duanyunchao.com/comments.php?p=585#comment-64026" "Mozilla/5.0 (Windows NT 6.1; rv:9.0.1) Gecko/20100101 Firefox/9.0.1"
192.74.242.138 - - [02/Jul/2013:23:48:59 +0800] "GET /comments.php?p=585 HTTP/1.0" 200 831091 "http://wap.duanyunchao.com/comments.php?p=585#comment-64026" "Mozilla/5.0 (X11; Linux x86_64) AppleWebKit/535.19 (KHTML, like Gecko) Chrome/18.0.1025.162 Safari/535.19"
192.74.240.106 - - [02/Jul/2013:23:58:00 +0800] "GET /comments.php?p=585 HTTP/1.0" 200 831125 "http://wap.duanyunchao.com/comments.php?p=585#comment-64026" "Opera/9.80 (Windows NT 5.1; U; ru) Presto/2.10.289 Version/12.01"
109.73.78.99 - - [03/Jul/2013:00:00:51 +0800] "GET /comments.php?p=585 HTTP/1.1" 200 1325077 "-" "Mozilla/4.0 (compatible; MSIE 6.0; Windows NT 5.1; KKman2.0)"
109.73.78.99 - - [03/Jul/2013:00:01:02 +0800] "POST /wap-comments-post.php HTTP/1.1" 302 - "http://wap.duanyunchao.com/comments.php?p=585" "Mozilla/4.0 (compatible; MSIE 6.0; Windows NT 5.1; KKman2.0)"
109.73.78.99 - - [03/Jul/2013:00:01:05 +0800] "GET /comments.php?p=585 HTTP/1.1" 200 1325734 "http://wap.duanyunchao.com/comments.php?p=585" "Mozilla/4.0 (compatible; MSIE 6.0; Windows NT 5.1; KKman2.0)"
192.74.242.138 - - [03/Jul/2013:00:03:51 +0800] "GET /comments.php?p=585 HTTP/1.0" 200 831125 "http://wap.duanyunchao.com/comments.php?p=585#comment-64026" "Mozilla/5.0 (Windows NT 6.1; rv:11.0) Gecko/20100101 Firefox/11.0"
192.74.240.106 - - [03/Jul/2013:00:10:08 +0800] "GET /comments.php?p=585 HTTP/1.0" 200 831125 "http://wap.duanyunchao.com/comments.php?p=585#comment-64026" "Mozilla/5.0 (Windows NT 6.1; WOW64) AppleWebKit/537.4 (KHTML, like Gecko) Chrome/22.0.1229.79 Safari/537.4"
64.31.40.116 - - [03/Jul/2013:00:13:09 +0800] "GET /comments.php?p=135 HTTP/1.1" 200 6385020 "-" "Mozilla/4.0 (compatible; MSIE 6.0; Windows NT 5.1; SV1; Mozilla/4.0 (compatible; MSIE 6.0; Windows NT 5.1; SV1) ; .NET CLR 1.0.3705)"
64.31.40.116 - - [03/Jul/2013:00:13:39 +0800] "POST /comments.php/trackback/ HTTP/1.1" 200 12301 "http://wap.duanyunchao.com/comments.php?p=135" "Mozilla/4.0 (compatible; MSIE 6.0; Windows NT 5.1; SV1; Mozilla/4.0 (compatible; MSIE 6.0; Windows NT 5.1; SV1) )"
94.242.237.28 - - [03/Jul/2013:00:16:52 +0800] "GET /comments.php?p=585 HTTP/1.1" 200 251878 "-" "Mozilla/4.0 (compatible; MSIE 6.0; Windows NT 5.1; SV1)"
94.242.237.28 - - [03/Jul/2013:00:16:54 +0800] "GET /index-wap2.php HTTP/1.1" 200 10173 "-" "Mozilla/4.0 (compatible; MSIE 6.0; Windows NT 5.1; SV1)"
94.242.237.28 - - [03/Jul/2013:00:16:58 +0800] "GET /index-wap2.php?p=585 HTTP/1.1" 200 10470 "-" "Mozilla/4.0 (compatible; MSIE 6.0; Windows NT 5.1; SV1)"
192.74.243.66 - - [03/Jul/2013:00:57:25 +0800] "GET /comments.php?p=585 HTTP/1.0" 200 773752 "http://wap.duanyunchao.com/comments.php?p=585#comment-64026" "Opera/9.80 (Windows NT 6.2; U; en) Presto/2.10.289 Version/12.02"
192.74.242.138 - - [03/Jul/2013:01:07:53 +0800] "GET /comments.php?p=585 HTTP/1.0" 200 840067 "http://wap.duanyunchao.com/comments.php?p=585#comment-64026" "Opera/9.80 (Windows NT 6.1; WOW64; U; ru) Presto/2.10.289 Version/12.01"
94.242.237.28 - - [03/Jul/2013:01:16:03 +0800] "GET /comments.php?p=585 HTTP/1.1" 200 234742 "-" "Mozilla/4.0 (compatible; MSIE 6.0; Windows NT 5.1; SV1)"
94.242.237.28 - - [03/Jul/2013:01:16:05 +0800] "GET /index-wap2.php HTTP/1.1" 200 10185 "-" "Mozilla/4.0 (compatible; MSIE 6.0; Windows NT 5.1; SV1)"
94.242.237.28 - - [03/Jul/2013:01:16:11 +0800] "GET /index-wap2.php?p=585 HTTP/1.1" 200 10470 "-" "Mozilla/4.0 (compatible; MSIE 6.0; Windows NT 5.1; SV1)"
192.74.240.106 - - [03/Jul/2013:01:22:41 +0800] "GET /comments.php?p=585 HTTP/1.0" 200 900095 "http://wap.duanyunchao.com/comments.php?p=585#comment-64026" "Mozilla/5.0 (Windows; U; Windows NT 6.1; en-US; rv:1.9.2.22) Gecko/20110902 Firefox/3.6.22"
220.181.108.96 - - [03/Jul/2013:01:26:00 +0800] "GET /index-wap.php?cat=15 HTTP/1.1" 200 4279 "-" "Mozilla/5.0 (compatible; Baiduspider/2.0; +http://www.baidu.com/search/spider.html)"
192.74.242.138 - - [03/Jul/2013:01:39:31 +0800] "GET /comments.php?p=585 HTTP/1.0" 200 841609 "http://wap.duanyunchao.com/comments.php?p=585#comment-64026" "Opera/9.80 (Windows NT 6.1) Presto/2.12.388 Version/12.10"
192.74.242.138 - - [03/Jul/2013:01:40:04 +0800] "GET /comments.php?p=585 HTTP/1.0" 200 831125 "http://wap.duanyunchao.com/comments.php?p=585#comment-64026" "Mozilla/5.0 (Windows NT 6.1; WOW64) AppleWebKit/537.11 (KHTML, like Gecko) Chrome/23.0.1.0 Safari/537.11"
192.74.240.106 - - [03/Jul/2013:01:48:46 +0800] "GET /comments.php?p=585 HTTP/1.0" 200 831091 "http://wap.duanyunchao.com/comments.php?p=585#comment-64026" "Mozilla/5.0 (Windows NT 5.1) AppleWebKit/537.19 (KHTML, like Gecko) Chrome/25.0.1323.1 Safari/537.19"
192.74.242.138 - - [03/Jul/2013:01:52:02 +0800] "GET /comments.php?p=585 HTTP/1.0" 200 832311 "http://wap.duanyunchao.com/comments.php?p=585#comment-64026" "Mozilla/5.0 (Windows NT 6.1; WOW64) AppleWebKit/535.19 (KHTML, like Gecko) Chrome/18.0.1025.1634 Safari/535.19 YI"
192.74.240.106 - - [03/Jul/2013:01:58:05 +0800] "GET /comments.php?p=585 HTTP/1.0" 200 831091 "http://wap.duanyunchao.com/comments.php?p=585#comment-64026" "Mozilla/5.0 (Windows NT 6.1; rv:12.0) Gecko/20100101 Firefox/12.0"
109.73.78.99 - - [03/Jul/2013:02:14:02 +0800] "GET /comments.php?p=585 HTTP/1.1" 200 1328224 "-" "Mozilla/4.0 (compatible; MSIE 6.0; Windows NT 5.1; en) Opera 8.00"
109.73.78.99 - - [03/Jul/2013:02:14:14 +0800] "POST /wap-comments-post.php HTTP/1.1" 302 - "http://wap.duanyunchao.com/comments.php?p=585" "Mozilla/4.0 (compatible; MSIE 6.0; Windows NT 5.1; en) Opera 8.00"
109.73.78.99 - - [03/Jul/2013:02:14:15 +0800] "GET /comments.php?p=585 HTTP/1.1" 200 1329525 "http://wap.duanyunchao.com/comments.php?p=585" "Mozilla/4.0 (compatible; MSIE 6.0; Windows NT 5.1; en) Opera 8.00"
192.74.243.66 - - [03/Jul/2013:02:14:44 +0800] "GET /comments.php?p=585 HTTP/1.0" 200 774846 "http://wap.duanyunchao.com/comments.php?p=585#comment-64026" "Mozilla/5.0 (Windows; U; Windows NT 6.1; en-US; rv:1.9.2.22) Gecko/20110902 Firefox/3.6.22"
94.242.237.28 - - [03/Jul/2013:02:15:08 +0800] "GET /comments.php?p=585 HTTP/1.1" 200 378007 "-" "Mozilla/4.0 (compatible; MSIE 6.0; Windows NT 5.1; SV1)"
94.242.237.28 - - [03/Jul/2013:02:15:12 +0800] "GET /index-wap2.php HTTP/1.1" 200 10426 "-" "Mozilla/4.0 (compatible; MSIE 6.0; Windows NT 5.1; SV1)"
94.242.237.28 - - [03/Jul/2013:02:15:19 +0800] "GET /index-wap2.php?p=585 HTTP/1.1" 200 10470 "-" "Mozilla/4.0 (compatible; MSIE 6.0; Windows NT 5.1; SV1)"
66.249.73.233 - - [03/Jul/2013:02:36:01 +0800] "GET /index-wap2.php?p=610 HTTP/1.1" 200 4934 "-" "DoCoMo/2.0 N905i(c100;TB;W24H16) (compatible; Googlebot-Mobile/2.1; +http://www.google.com/bot.html)"
66.249.73.233 - - [03/Jul/2013:02:36:27 +0800] "GET /index-wap2.php?tag=%E4%B9%B0%E8%BD%A6 HTTP/1.1" 200 7002 "-" "DoCoMo/2.0 N905i(c100;TB;W24H16) (compatible; Googlebot-Mobile/2.1; +http://www.google.com/bot.html)"
66.249.73.233 - - [03/Jul/2013:02:36:44 +0800] "GET /index-wap2.php?p=102 HTTP/1.1" 200 18762 "-" "DoCoMo/2.0 N905i(c100;TB;W24H16) (compatible; Googlebot-Mobile/2.1; +http://www.google.com/bot.html)"
66.249.73.233 - - [03/Jul/2013:02:36:46 +0800] "GET /index-wap2.php?p=207 HTTP/1.1" 200 7258 "-" "DoCoMo/2.0 N905i(c100;TB;W24H16) (compatible; Googlebot-Mobile/2.1; +http://www.google.com/bot.html)"
66.249.73.233 - - [03/Jul/2013:02:36:47 +0800] "GET /index-wap2.php?p=295 HTTP/1.1" 200 12518 "-" "DoCoMo/2.0 N905i(c100;TB;W24H16) (compatible; Googlebot-Mobile/2.1; +http://www.google.com/bot.html)"
66.249.73.233 - - [03/Jul/2013:02:36:49 +0800] "GET /index-wap2.php?p=100 HTTP/1.1" 200 10779 "-" "DoCoMo/2.0 N905i(c100;TB;W24H16) (compatible; Googlebot-Mobile/2.1; +http://www.google.com/bot.html)"
66.249.73.233 - - [03/Jul/2013:02:36:52 +0800] "GET /comments.php?p=352 HTTP/1.1" 200 21258 "-" "DoCoMo/2.0 N905i(c100;TB;W24H16) (compatible; Googlebot-Mobile/2.1; +http://www.google.com/bot.html)"
66.249.73.233 - - [03/Jul/2013:02:36:54 +0800] "GET /comments.php?p=194 HTTP/1.1" 200 31607 "-" "DoCoMo/2.0 N905i(c100;TB;W24H16) (compatible; Googlebot-Mobile/2.1; +http://www.google.com/bot.html)"
66.249.73.233 - - [03/Jul/2013:02:36:55 +0800] "GET /index-wap2.php?p=383 HTTP/1.1" 200 57252 "-" "DoCoMo/2.0 N905i(c100;TB;W24H16) (compatible; Googlebot-Mobile/2.1; +http://www.google.com/bot.html)"
66.249.73.233 - - [03/Jul/2013:02:36:57 +0800] "GET /comments.php?p=216 HTTP/1.1" 200 42525 "-" "DoCoMo/2.0 N905i(c100;TB;W24H16) (compatible; Googlebot-Mobile/2.1; +http://www.google.com/bot.html)"
66.249.73.233 - - [03/Jul/2013:02:36:58 +0800] "GET /comments.php?p=400 HTTP/1.1" 200 43040 "-" "DoCoMo/2.0 N905i(c100;TB;W24H16) (compatible; Googlebot-Mobile/2.1; +http://www.google.com/bot.html)"
220.181.108.150 - - [03/Jul/2013:02:38:03 +0800] "GET /index-wap.php?cat=10 HTTP/1.1" 200 4617 "-" "Mozilla/5.0 (compatible; Baiduspider/2.0; +http://www.baidu.com/search/spider.html)"
66.249.73.233 - - [03/Jul/2013:02:38:37 +0800] "GET /index-wap2.php?p=197 HTTP/1.1" 200 12543 "-" "DoCoMo/2.0 N905i(c100;TB;W24H16) (compatible; Googlebot-Mobile/2.1; +http://www.google.com/bot.html)"
66.249.73.233 - - [03/Jul/2013:02:38:48 +0800] "GET /index-wap2.php?tag=%E5%88%B7%E6%9C%BA HTTP/1.1" 200 6981 "-" "DoCoMo/2.0 N905i(c100;TB;W24H16) (compatible; Googlebot-Mobile/2.1; +http://www.google.com/bot.html)"
66.249.73.233 - - [03/Jul/2013:02:38:58 +0800] "GET /comments.php?p=295 HTTP/1.1" 200 32718 "-" "DoCoMo/2.0 N905i(c100;TB;W24H16) (compatible; Googlebot-Mobile/2.1; +http://www.google.com/bot.html)"
66.249.73.233 - - [03/Jul/2013:02:39:09 +0800] "GET /index-wap2.php?tag=%E5%B0%8F%E7%B1%B3 HTTP/1.1" 200 6981 "-" "DoCoMo/2.0 N905i(c100;TB;W24H16) (compatible; Googlebot-Mobile/2.1; +http://www.google.com/bot.html)"
66.249.73.233 - - [03/Jul/2013:02:39:22 +0800] "GET /comments.php?p=207 HTTP/1.1" 200 39130 "-" "DoCoMo/2.0 N905i(c100;TB;W24H16) (compatible; Googlebot-Mobile/2.1; +http://www.google.com/bot.html)"
66.249.73.233 - - [03/Jul/2013:02:39:37 +0800] "GET /index-wap2.php?p=204 HTTP/1.1" 200 17058 "-" "DoCoMo/2.0 N905i(c100;TB;W24H16) (compatible; Googlebot-Mobile/2.1; +http://www.google.com/bot.html)"
66.249.73.233 - - [03/Jul/2013:02:40:04 +0800] "GET /index-wap2.php?tag=%E5%B0%8F%E7%B1%B3%E5%88%B7%E6%9C%BA HTTP/1.1" 200 7010 "-" "DoCoMo/2.0 N905i(c100;TB;W24H16) (compatible; Googlebot-Mobile/2.1; +http://www.google.com/bot.html)"
66.249.73.233 - - [03/Jul/2013:02:40:37 +0800] "GET /index-wap2.php?tag=%E5%88%B7%E6%9C%BA%E6%95%99%E7%A8%8B HTTP/1.1" 200 7010 "-" "DoCoMo/2.0 N905i(c100;TB;W24H16) (compatible; Googlebot-Mobile/2.1; +http://www.google.com/bot.html)"
66.249.73.233 - - [03/Jul/2013:02:41:45 +0800] "GET /comments.php?p=197 HTTP/1.1" 200 25909 "-" "DoCoMo/2.0 N905i(c100;TB;W24H16) (compatible; Googlebot-Mobile/2.1; +http://www.google.com/bot.html)"
66.249.73.233 - - [03/Jul/2013:02:41:49 +0800] "GET /comments.php?p=204 HTTP/1.1" 200 42381 "-" "DoCoMo/2.0 N905i(c100;TB;W24H16) (compatible; Googlebot-Mobile/2.1; +http://www.google.com/bot.html)"
66.249.73.233 - - [03/Jul/2013:02:41:50 +0800] "GET /index-wap2.php?p=200 HTTP/1.1" 200 43126 "-" "DoCoMo/2.0 N905i(c100;TB;W24H16) (compatible; Googlebot-Mobile/2.1; +http://www.google.com/bot.html)"
66.249.73.233 - - [03/Jul/2013:02:44:53 +0800] "GET /comments.php?p=200 HTTP/1.1" 200 26256 "-" "DoCoMo/2.0 N905i(c100;TB;W24H16) (compatible; Googlebot-Mobile/2.1; +http://www.google.com/bot.html)"
66.249.73.233 - - [03/Jul/2013:02:59:42 +0800] "GET /index-wap.php?p=347 HTTP/1.1" 200 43911 "-" "Mozilla/5.0 (compatible; Googlebot/2.1; +http://www.google.com/bot.html)"
192.74.242.138 - - [03/Jul/2013:03:00:36 +0800] "GET /comments.php?p=585 HTTP/1.0" 200 831125 "http://wap.duanyunchao.com/comments.php?p=585#comment-64026" "Mozilla/5.0 (Windows NT 6.1) AppleWebKit/536.11 (KHTML, like Gecko) Chrome/20.0.1132.57 Safari/536.11"
123.125.71.72 - - [03/Jul/2013:03:11:03 +0800] "GET /index-wap.php?p=298 HTTP/1.1" 200 23445 "-" "Mozilla/5.0 (compatible; Baiduspider/2.0; +http://www.baidu.com/search/spider.html)"
192.74.240.106 - - [03/Jul/2013:03:16:33 +0800] "GET /comments.php?p=585 HTTP/1.0" 200 831091 "http://wap.duanyunchao.com/comments.php?p=585#comment-64026" "Mozilla/5.0 (Windows NT 6.1; WOW64; rv:14.0) Gecko/20100101 Firefox/14.0.1"
66.249.73.233 - - [03/Jul/2013:03:29:51 +0800] "GET /comments.php?p=691 HTTP/1.1" 200 37448 "-" "SAMSUNG-SGH-E250/1.0 Profile/MIDP-2.0 Configuration/CLDC-1.1 UP.Browser/6.2.3.3.c.1.101 (GUI) MMP/2.0 (compatible; Googlebot-Mobile/2.1; +http://www.google.com/bot.html)"
66.249.73.233 - - [03/Jul/2013:03:32:27 +0800] "GET /comments.php?p=210 HTTP/1.1" 200 29747 "-" "Mozilla/5.0 (compatible; Googlebot/2.1; +http://www.google.com/bot.html)"
192.74.243.66 - - [03/Jul/2013:03:33:00 +0800] "GET /comments.php?p=585 HTTP/1.0" 200 771949 "http://wap.duanyunchao.com/comments.php?p=585#comment-64026" "Mozilla/5.0 (Windows NT 5.2; rv:17.0) Gecko/17.0 Firefox/17.0"
192.74.242.138 - - [03/Jul/2013:03:33:14 +0800] "GET /comments.php?p=585 HTTP/1.0" 200 833725 "http://wap.duanyunchao.com/comments.php?p=585#comment-64026" "Mozilla/5.0 (Windows NT 5.1; rv:14.0) Gecko/20100101 Firefox/14.0.1"
192.74.242.138 - - [03/Jul/2013:03:34:28 +0800] "GET /comments.php?p=585 HTTP/1.0" 200 831125 "http://wap.duanyunchao.com/comments.php?p=585#comment-64026" "Mozilla/5.0 (Windows NT 6.0) AppleWebKit/537.1 (KHTML, like Gecko) Chrome/21.0.1180.89 Safari/537.1"
192.74.240.106 - - [03/Jul/2013:03:40:15 +0800] "GET /comments.php?p=585 HTTP/1.0" 200 831096 "http://wap.duanyunchao.com/comments.php?p=585#comment-64026" "Mozilla/5.0 (Windows NT 6.2; WOW64) AppleWebKit/537.11 (KHTML, like Gecko) Chrome/23.0.1271.95 Safari/537.11"
192.74.242.138 - - [03/Jul/2013:03:41:57 +0800] "GET /comments.php?p=585 HTTP/1.0" 200 831144 "http://wap.duanyunchao.com/comments.php?p=585#comment-64026" "Opera/9.80 (Windows NT 6.1; Win64; x64) Presto/2.12.388 Version/12.10"
220.181.108.184 - - [03/Jul/2013:03:44:17 +0800] "GET /index-wap.php?cat=1 HTTP/1.1" 200 4450 "-" "Mozilla/5.0 (compatible; Baiduspider/2.0; +http://www.baidu.com/search/spider.html)"
192.74.240.106 - - [03/Jul/2013:03:46:52 +0800] "GET /comments.php?p=585 HTTP/1.0" 200 831131 "http://wap.duanyunchao.com/comments.php?p=585#comment-64026" "Opera/9.80 (Windows NT 6.1; Edition Yx) Presto/2.12.388 Version/12.10"
94.242.237.28 - - [03/Jul/2013:04:13:10 +0800] "GET /comments.php?p=585 HTTP/1.1" 200 254346 "-" "Mozilla/4.0 (compatible; MSIE 6.0; Windows NT 5.1; SV1)"
94.242.237.28 - - [03/Jul/2013:04:13:14 +0800] "GET /index-wap2.php HTTP/1.1" 200 10282 "-" "Mozilla/4.0 (compatible; MSIE 6.0; Windows NT 5.1; SV1)"
94.242.237.28 - - [03/Jul/2013:04:13:21 +0800] "GET /index-wap2.php?p=585 HTTP/1.1" 200 10470 "-" "Mozilla/4.0 (compatible; MSIE 6.0; Windows NT 5.1; SV1)"
109.73.78.99 - - [03/Jul/2013:04:28:28 +0800] "GET /comments.php?p=585 HTTP/1.1" 200 1333220 "-" "Mozilla/4.0 (compatible; MSIE 6.0; Windows NT 5.2; Win64; AMD64)"
109.73.78.99 - - [03/Jul/2013:04:28:39 +0800] "POST /wap-comments-post.php HTTP/1.1" 302 - "http://wap.duanyunchao.com/comments.php?p=585" "Mozilla/4.0 (compatible; MSIE 6.0; Windows NT 5.2; Win64; AMD64)"
109.73.78.99 - - [03/Jul/2013:04:28:40 +0800] "GET /comments.php?p=585 HTTP/1.1" 200 1334006 "http://wap.duanyunchao.com/comments.php?p=585" "Mozilla/4.0 (compatible; MSIE 6.0; Windows NT 5.2; Win64; AMD64)"
192.74.243.66 - - [03/Jul/2013:04:50:13 +0800] "GET /comments.php?p=585 HTTP/1.0" 200 771776 "http://wap.duanyunchao.com/comments.php?p=585#comment-64026" "Mozilla/5.0 (Windows NT 6.1; WOW64; rv:18.0) Gecko/20100101 Firefox/18.0"
192.74.242.138 - - [03/Jul/2013:04:53:42 +0800] "GET /comments.php?p=585 HTTP/1.0" 200 831125 "http://wap.duanyunchao.com/comments.php?p=585#comment-64026" "Opera/9.80 (Windows NT 5.1) Presto/2.12.388 Version/12.10"
192.74.240.106 - - [03/Jul/2013:05:09:46 +0800] "GET /comments.php?p=585 HTTP/1.0" 200 831125 "http://wap.duanyunchao.com/comments.php?p=585#comment-64026" "Mozilla/5.0 (Windows NT 6.0) AppleWebKit/537.11 (KHTML, like Gecko) Chrome/23.0.1271.91 Safari/537.11"
94.242.237.28 - - [03/Jul/2013:05:12:40 +0800] "GET /comments.php?p=585 HTTP/1.1" 200 261096 "-" "Mozilla/4.0 (compatible; MSIE 6.0; Windows NT 5.1; SV1)"
94.242.237.28 - - [03/Jul/2013:05:12:43 +0800] "GET /index-wap2.php HTTP/1.1" 200 10279 "-" "Mozilla/4.0 (compatible; MSIE 6.0; Windows NT 5.1; SV1)"
94.242.237.28 - - [03/Jul/2013:05:12:50 +0800] "GET /index-wap2.php?p=585 HTTP/1.1" 200 10470 "-" "Mozilla/4.0 (compatible; MSIE 6.0; Windows NT 5.1; SV1)"
192.74.242.138 - - [03/Jul/2013:05:24:14 +0800] "GET /comments.php?p=585 HTTP/1.0" 200 856165 "http://wap.duanyunchao.com/comments.php?p=585#comment-64026" "Mozilla/5.0 (Windows NT 6.0) AppleWebKit/537.1 (KHTML, like Gecko) Chrome/21.0.1180.89 Safari/537.1"
192.74.242.138 - - [03/Jul/2013:05:28:11 +0800] "GET /comments.php?p=585 HTTP/1.0" 200 831125 "http://wap.duanyunchao.com/comments.php?p=585#comment-64026" "Opera/9.80 (Windows NT 6.1; WOW64; MRA 6.0 (build 5998)) Presto/2.12.388 Version/12.10"
192.74.242.138 - - [03/Jul/2013:05:32:08 +0800] "GET /comments.php?p=585 HTTP/1.0" 200 836445 "http://wap.duanyunchao.com/comments.php?p=585#comment-64026" "Opera/9.80 (Windows NT 5.1; Edition Ukraine Local) Presto/2.12.388 Version/12.10"
192.74.240.106 - - [03/Jul/2013:05:35:58 +0800] "GET /comments.php?p=585 HTTP/1.0" 200 831144 "http://wap.duanyunchao.com/comments.php?p=585#comment-64026" "Mozilla/5.0 (Windows NT 5.1; rv:13.0) Gecko/20100101 Firefox/13.0.1"
192.74.240.106 - - [03/Jul/2013:05:43:31 +0800] "GET /comments.php?p=585 HTTP/1.0" 200 831096 "http://wap.duanyunchao.com/comments.php?p=585#comment-64026" "Opera/9.80 (Windows NT 6.1; MRA 6.0 (build 5976)) Presto/2.12.388 Version/12.10"
66.249.73.233 - - [03/Jul/2013:05:54:19 +0800] "GET / HTTP/1.1" 200 57 "-" "SAMSUNG-SGH-E250/1.0 Profile/MIDP-2.0 Configuration/CLDC-1.1 UP.Browser/6.2.3.3.c.1.101 (GUI) MMP/2.0 (compatible; Googlebot-Mobile/2.1; +http://www.google.com/bot.html)"
66.249.73.233 - - [03/Jul/2013:05:54:20 +0800] "GET /index-wap2.php HTTP/1.1" 200 10272 "-" "SAMSUNG-SGH-E250/1.0 Profile/MIDP-2.0 Configuration/CLDC-1.1 UP.Browser/6.2.3.3.c.1.101 (GUI) MMP/2.0 (compatible; Googlebot-Mobile/2.1; +http://www.google.com/bot.html)"
192.74.243.66 - - [03/Jul/2013:06:08:08 +0800] "GET /comments.php?p=585 HTTP/1.0" 200 771776 "http://wap.duanyunchao.com/comments.php?p=585#comment-64026" "Mozilla/4.0 (compatible; MSIE 6.0; Windows NT 5.2; SV1; .NET CLR 1.1.4322)"
94.242.237.28 - - [03/Jul/2013:06:11:39 +0800] "GET /comments.php?p=585 HTTP/1.1" 200 265553 "-" "Mozilla/4.0 (compatible; MSIE 6.0; Windows NT 5.1; SV1)"
94.242.237.28 - - [03/Jul/2013:06:11:42 +0800] "GET /index-wap2.php HTTP/1.1" 200 10234 "-" "Mozilla/4.0 (compatible; MSIE 6.0; Windows NT 5.1; SV1)"
94.242.237.28 - - [03/Jul/2013:06:11:45 +0800] "GET /index-wap2.php?p=585 HTTP/1.1" 200 10470 "-" "Mozilla/4.0 (compatible; MSIE 6.0; Windows NT 5.1; SV1)"
109.73.78.99 - - [03/Jul/2013:06:41:24 +0800] "GET /comments.php?p=585 HTTP/1.1" 200 1337143 "-" "Mozilla/4.0 (compatible; MSIE 6.0; Windows NT 5.1; .NET CLR 1.1.4322)"
109.73.78.99 - - [03/Jul/2013:06:41:41 +0800] "POST /wap-comments-post.php HTTP/1.1" 302 - "http://wap.duanyunchao.com/comments.php?p=585" "Mozilla/4.0 (compatible; MSIE 6.0; Windows NT 5.1; .NET CLR 1.1.4322)"
109.73.78.99 - - [03/Jul/2013:06:41:42 +0800] "GET /comments.php?p=585 HTTP/1.1" 200 1337960 "http://wap.duanyunchao.com/comments.php?p=585" "Mozilla/4.0 (compatible; MSIE 6.0; Windows NT 5.1; .NET CLR 1.1.4322)"
192.74.242.138 - - [03/Jul/2013:06:46:16 +0800] "GET /comments.php?p=585 HTTP/1.0" 200 831091 "http://wap.duanyunchao.com/comments.php?p=585#comment-64026" "Mozilla/5.0 (Windows NT 6.0; rv:16.0) Gecko/20100101 Firefox/16.0"
192.74.240.106 - - [03/Jul/2013:07:06:26 +0800] "GET /comments.php?p=585 HTTP/1.0" 200 831091 "http://wap.duanyunchao.com/comments.php?p=585#comment-64026" "Mozilla/5.0 (Windows NT 5.1; rv:16.0) Gecko/20121026 Firefox/16.0 SeaMonkey/2.13.2"
94.242.237.28 - - [03/Jul/2013:07:09:46 +0800] "GET /comments.php?p=585 HTTP/1.1" 200 271573 "-" "Mozilla/4.0 (compatible; MSIE 6.0; Windows NT 5.1; SV1)"
94.242.237.28 - - [03/Jul/2013:07:09:48 +0800] "GET /index-wap2.php HTTP/1.1" 200 10293 "-" "Mozilla/4.0 (compatible; MSIE 6.0; Windows NT 5.1; SV1)"
94.242.237.28 - - [03/Jul/2013:07:09:52 +0800] "GET /index-wap2.php?p=585 HTTP/1.1" 200 10470 "-" "Mozilla/4.0 (compatible; MSIE 6.0; Windows NT 5.1; SV1)"
192.74.242.138 - - [03/Jul/2013:07:15:06 +0800] "GET /comments.php?p=585 HTTP/1.0" 200 831144 "http://wap.duanyunchao.com/comments.php?p=585#comment-64026" "Mozilla/5.0 (Windows NT 6.2; WOW64) AppleWebKit/537.11 (KHTML, like Gecko) Chrome/23.0.1271.64 Safari/537.11"
192.74.243.66 - - [03/Jul/2013:07:21:33 +0800] "GET /comments.php?p=585 HTTP/1.0" 200 774846 "http://wap.duanyunchao.com/comments.php?p=585#comment-64026" "Mozilla/5.0 (Macintosh; Intel Mac OS X 10_7_5) AppleWebKit/536.26.17 (KHTML, like Gecko) Version/6.0.2 Safari/536.26.17"
192.74.242.138 - - [03/Jul/2013:07:22:03 +0800] "GET /comments.php?p=585 HTTP/1.0" 200 849936 "http://wap.duanyunchao.com/comments.php?p=585#comment-64026" "Opera/9.80 (Windows NT 5.1; Edition Yx) Presto/2.12.388 Version/12.11"
192.74.242.138 - - [03/Jul/2013:07:22:17 +0800] "GET /comments.php?p=585 HTTP/1.0" 200 845630 "http://wap.duanyunchao.com/comments.php?p=585#comment-64026" "Mozilla/5.0 (Windows NT 6.1) AppleWebKit/535.19 (KHTML, like Gecko) Chrome/18.0.1025.1634 Safari/535.19 YI"
192.74.240.106 - - [03/Jul/2013:07:26:38 +0800] "GET /comments.php?p=585 HTTP/1.0" 200 831125 "http://wap.duanyunchao.com/comments.php?p=585#comment-64026" "Mozilla/5.0 (Windows NT 5.1; rv:16.0) Gecko/20121026 Firefox/16.0 SeaMonkey/2.13.2"
